#Leading ideal data
#---
#field characteristic: 101
#variable order:       a0, a1, a2, a3, a4, a5, a6, a7, a8
#monomial order:       graded reverse lexicographical
#length of basis:      100 elements sorted by increasing leading monomials
#---
[a8^3,
a7^1*a8^2,
a6^1*a8^2,
a5^1*a8^2,
a2^1*a8^2,
a7^2*a8^1,
a6^1*a7^1*a8^1,
a5^1*a7^1*a8^1,
a2^1*a7^1*a8^1,
a6^2*a8^1,
a5^1*a6^1*a8^1,
a2^1*a6^1*a8^1,
a5^2*a8^1,
a2^1*a5^1*a8^1,
a2^2*a8^1,
a7^3,
a6^1*a7^2,
a5^1*a7^2,
a4^1*a7^2,
a2^1*a7^2,
a1^1*a7^2,
a6^2*a7^1,
a5^1*a6^1*a7^1,
a4^1*a6^1*a7^1,
a2^1*a6^1*a7^1,
a1^1*a6^1*a7^1,
a5^2*a7^1,
a4^1*a5^1*a7^1,
a2^1*a5^1*a7^1,
a4^2*a7^1,
a2^1*a4^1*a7^1,
a1^1*a4^1*a7^1,
a2^2*a7^1,
a1^1*a2^1*a7^1,
a1^2*a7^1,
a6^3,
a5^1*a6^2,
a4^1*a6^2,
a3^1*a6^2,
a2^1*a6^2,
a1^1*a6^2,
a0^1*a6^2,
a5^2*a6^1,
a4^1*a5^1*a6^1,
a3^1*a5^1*a6^1,
a2^1*a5^1*a6^1,
a4^2*a6^1,
a3^1*a4^1*a6^1,
a2^1*a4^1*a6^1,
a1^1*a4^1*a6^1,
a3^2*a6^1,
a2^1*a3^1*a6^1,
a1^1*a3^1*a6^1,
a0^1*a3^1*a6^1,
a2^2*a6^1,
a1^1*a2^1*a6^1,
a0^1*a2^1*a6^1,
a1^2*a6^1,
a0^1*a1^1*a6^1,
a0^2*a6^1,
a5^3,
a4^1*a5^2,
a3^1*a5^2,
a2^1*a5^2,
a4^2*a5^1,
a3^1*a4^1*a5^1,
a2^1*a4^1*a5^1,
a3^2*a5^1,
a2^1*a3^1*a5^1,
a2^2*a5^1,
a4^3,
a3^1*a4^2,
a2^1*a4^2,
a1^1*a4^2,
a3^2*a4^1,
a2^1*a3^1*a4^1,
a1^1*a3^1*a4^1,
a2^2*a4^1,
a1^1*a2^1*a4^1,
a1^2*a4^1,
a3^3,
a2^1*a3^2,
a1^1*a3^2,
a0^1*a3^2,
a2^2*a3^1,
a1^1*a2^1*a3^1,
a0^1*a2^1*a3^1,
a1^2*a3^1,
a0^1*a1^1*a3^1,
a0^2*a3^1,
a2^3,
a1^1*a2^2,
a0^1*a2^2,
a1^2*a2^1,
a0^1*a1^1*a2^1,
a0^2*a2^1,
a1^3,
a0^1*a1^2,
a0^2*a1^1,
a0^3]:
