{"synthetic": false,
 "schemaVersion": "2025-09-10",
 "outputs":
 {"o": ["a96607b3c377d973.olean"],
  "m": false,
  "i": "1420bacd43708c20.ilean",
  "c": "08cb1cb2c79802fe.c"},
 "log":
 [{"message":
   ".> LEAN_PATH=/Users/worker/unirational/problems/B-conic-bundle-multisections/.lake/packages/Cli/.lake/build/lib/lean:/Users/worker/unirational/problems/B-conic-bundle-multisections/.lake/packages/batteries/.lake/build/lib/lean:/Users/worker/unirational/problems/B-conic-bundle-multisections/.lake/packages/Qq/.lake/build/lib/lean:/Users/worker/unirational/problems/B-conic-bundle-multisections/.lake/packages/aesop/.lake/build/lib/lean:/Users/worker/unirational/problems/B-conic-bundle-multisections/.lake/packages/proofwidgets/.lake/build/lib/lean:/Users/worker/unirational/problems/B-conic-bundle-multisections/.lake/packages/importGraph/.lake/build/lib/lean:/Users/worker/unirational/problems/B-conic-bundle-multisections/.lake/packages/LeanSearchClient/.lake/build/lib/lean:/Users/worker/unirational/problems/B-conic-bundle-multisections/.lake/packages/plausible/.lake/build/lib/lean:/Users/worker/unirational/problems/B-conic-bundle-multisections/.lake/packages/mathlib/.lake/build/lib/lean:/Users/worker/unirational/problems/E-klein-cubic/v14_formalization/.lake/build/lib/lean /Users/worker/.elan/toolchains/leanprover--lean4---v4.32.1/bin/lean /Users/worker/unirational/problems/E-klein-cubic/v14_formalization/AxiomAudit.lean -o /Users/worker/unirational/problems/E-klein-cubic/v14_formalization/.lake/build/lib/lean/AxiomAudit.olean -i /Users/worker/unirational/problems/E-klein-cubic/v14_formalization/.lake/build/lib/lean/AxiomAudit.ilean -c /Users/worker/unirational/problems/E-klein-cubic/v14_formalization/.lake/build/ir/AxiomAudit.c --setup /Users/worker/unirational/problems/E-klein-cubic/v14_formalization/.lake/build/ir/AxiomAudit.setup.json --json",
   "level": "trace"},
  {"message":
   "AxiomAudit.lean:9:0: 'V14Formalization.centralizerObstruction' depends on axioms: [propext, Classical.choice, Quot.sound]",
   "level": "info"},
  {"message":
   "AxiomAudit.lean:10:0: 'V14Formalization.centralizerObstruction_one_rep' depends on axioms: [propext, Classical.choice, Quot.sound]",
   "level": "info"},
  {"message":
   "AxiomAudit.lean:11:0: 'V14Formalization.noDegenerates_of_centerless_involution' depends on axioms: [propext, Classical.choice, Quot.sound]",
   "level": "info"},
  {"message":
   "AxiomAudit.lean:12:0: 'V14Formalization.V14App.V14_not_weakly_versal' depends on axioms: [propext, Classical.choice, Quot.sound]",
   "level": "info"},
  {"message":
   "AxiomAudit.lean:13:0: 'V14Formalization.V14App.V14_no_equivariant_map_from_faithful_rep' depends on axioms: [propext,\n Classical.choice,\n Quot.sound]",
   "level": "info"},
  {"message":
   "AxiomAudit.lean:14:0: 'V14Formalization.V14App.V14_not_GUnirational' depends on axioms: [propext, Classical.choice, Quot.sound]",
   "level": "info"},
  {"message":
   "AxiomAudit.lean:15:0: 'V14Formalization.WeilRep.gauss_sq' depends on axioms: [propext, Classical.choice, Quot.sound]",
   "level": "info"},
  {"message":
   "AxiomAudit.lean:16:0: 'V14Formalization.WeilRep.Sfull_sq_apply' depends on axioms: [propext, Classical.choice, Quot.sound]",
   "level": "info"},
  {"message":
   "AxiomAudit.lean:17:0: 'V14Formalization.WeilRep.S_even_sq' depends on axioms: [propext, Classical.choice, Quot.sound]",
   "level": "info"},
  {"message":
   "AxiomAudit.lean:18:0: 'V14Formalization.GeometricFanoV14.S_sq' depends on axioms: [propext, Classical.choice, Quot.sound]",
   "level": "info"}],
 "inputs":
 [["AxiomAudit:deps",
   [["deps",
     [["V14Formalization/AxiomAudit:extraDep",
       [["@V14Formalization:extraDep", "00000000000006bb"]]],
      ["imports",
       [["V14Formalization.CentralizerObstruction transitive imports (legacy)",
         "593829c03f2d1c9c"],
        ["V14Formalization.CentralizerObstruction:importAllArts",
         "b18036b207206067"],
        ["V14Formalization.V14Application transitive imports (legacy)",
         "d25fe46fe24eb341"],
        ["V14Formalization.V14Application:importAllArts", "9085e54e9a0790d3"],
        ["V14Formalization.WeilRep transitive imports (legacy)",
         "43b8ef197e6c3176"],
        ["V14Formalization.WeilRep:importAllArts", "d70e57efb3d74fe6"],
        ["V14Formalization.GeometricFanoV14 transitive imports (legacy)",
         "fd173f7f4e8c58c6"],
        ["V14Formalization.GeometricFanoV14:importAllArts",
         "4e0dd7c4880d7c20"]]]]],
    ["libs",
     [["import dynlibs", "00000000000006bb"],
      ["package external libraries", "00000000000006bb"],
      ["module dynlibs", "00000000000006bb"],
      ["module plugins", "00000000000006bb"]]]]],
  ["Lean 4.32.1, commit f054605aea4b840552cca2e725580bffd1e1b704",
   "4ce1780d8d26fd00"],
  ["/Users/worker/unirational/problems/E-klein-cubic/v14_formalization/AxiomAudit.lean",
   "bcd8ee385b188c0e"],
  ["options",
   [["-DrelaxedAutoImplicit=false", "74a2b5546b55be80"],
    ["-Dpp.unicode.fun=true", "9b94070140457fab"]]],
  ["isModule: false", "feefd2a0d3a1847e"],
  ["Module.name: AxiomAudit", "d87155397d7cb80f"],
  ["Package.id?: (some V14Formalization)", "3206da5f56731469"],
  ["Module.leanArgs: #[]", "00000000000006bb"]],
 "depHash": "e5aad54b0bf53b40"}