{"synthetic": false,
 "schemaVersion": "2025-09-10",
 "outputs":
 {"o": ["dfaff722fe980a33.olean"],
  "m": false,
  "i": "fd34a1b2423dfa65.ilean",
  "c": "836c0683e5c8c0ea.c"},
 "log":
 [{"message":
   ".> LEAN_PATH=/Users/worker/unirational/problems/B-conic-bundle-multisections/.lake/packages/Cli/.lake/build/lib/lean:/Users/worker/unirational/problems/B-conic-bundle-multisections/.lake/packages/batteries/.lake/build/lib/lean:/Users/worker/unirational/problems/B-conic-bundle-multisections/.lake/packages/Qq/.lake/build/lib/lean:/Users/worker/unirational/problems/B-conic-bundle-multisections/.lake/packages/aesop/.lake/build/lib/lean:/Users/worker/unirational/problems/B-conic-bundle-multisections/.lake/packages/proofwidgets/.lake/build/lib/lean:/Users/worker/unirational/problems/B-conic-bundle-multisections/.lake/packages/importGraph/.lake/build/lib/lean:/Users/worker/unirational/problems/B-conic-bundle-multisections/.lake/packages/LeanSearchClient/.lake/build/lib/lean:/Users/worker/unirational/problems/B-conic-bundle-multisections/.lake/packages/plausible/.lake/build/lib/lean:/Users/worker/unirational/problems/B-conic-bundle-multisections/.lake/packages/mathlib/.lake/build/lib/lean:/Users/worker/unirational/problems/B-conic-bundle-multisections/.lake/packages/BConicBundleMultisections/problems/B-conic-bundle-multisections/.lake/build/lib/lean:/Users/worker/unirational/problems/E-klein-cubic/v14_formalization/.lake/build/lib/lean /Users/worker/.elan/toolchains/leanprover--lean4---v4.32.1/bin/lean /Users/worker/unirational/problems/E-klein-cubic/v14_formalization/V14Formalization.lean -o /Users/worker/unirational/problems/E-klein-cubic/v14_formalization/.lake/build/lib/lean/V14Formalization.olean -i /Users/worker/unirational/problems/E-klein-cubic/v14_formalization/.lake/build/lib/lean/V14Formalization.ilean -c /Users/worker/unirational/problems/E-klein-cubic/v14_formalization/.lake/build/ir/V14Formalization.c --setup /Users/worker/unirational/problems/E-klein-cubic/v14_formalization/.lake/build/ir/V14Formalization.setup.json --json",
   "level": "trace"}],
 "inputs":
 [["V14Formalization:deps",
   [["deps",
     [["V14Formalization/V14Formalization:extraDep",
       [["@V14Formalization:extraDep", "00000000000006bb"]]],
      ["imports",
       [["V14Formalization.Basic transitive imports (legacy)",
         "e5d4eb52fe2cc5dd"],
        ["V14Formalization.Basic:importAllArts", "fdfd44b1bab820e1"],
        ["V14Formalization.Definitions transitive imports (legacy)",
         "e581f45cb09a784d"],
        ["V14Formalization.Definitions:importAllArts", "3cfb4b46629fcff3"],
        ["V14Formalization.Foundations transitive imports (legacy)",
         "94693ac93a198dec"],
        ["V14Formalization.Foundations:importAllArts", "eedd677b036c3781"],
        ["V14Formalization.CentralizerObstruction transitive imports (legacy)",
         "593829c03f2d1c9c"],
        ["V14Formalization.CentralizerObstruction:importAllArts",
         "b18036b207206067"],
        ["V14Formalization.CentralizerD12 transitive imports (legacy)",
         "35f36aeec4f414a6"],
        ["V14Formalization.CentralizerD12:importAllArts", "7b7bf84a8cc843c9"],
        ["V14Formalization.GeometricCarrier transitive imports (legacy)",
         "74f8affa14760176"],
        ["V14Formalization.GeometricCarrier:importAllArts", "31086378204ef358"],
        ["V14Formalization.GeometricV14 transitive imports (legacy)",
         "779f3ff0585fccb4"],
        ["V14Formalization.GeometricV14:importAllArts", "57d5af060390e5b7"],
        ["V14Formalization.GeometricFano transitive imports (legacy)",
         "8a1c71ba2b96801e"],
        ["V14Formalization.GeometricFano:importAllArts", "749a0eacc54a7d58"],
        ["V14Formalization.V14Application transitive imports (legacy)",
         "6899bb98225b8412"],
        ["V14Formalization.V14Application:importAllArts", "9085e54e9a0790d3"],
        ["V14Formalization.Ord11CharacterSum transitive imports (legacy)",
         "ec8b4a4fd90f088e"],
        ["V14Formalization.Ord11CharacterSum:importAllArts",
         "2c48114b0a69ffaa"],
        ["V14Formalization.WeilRep transitive imports (legacy)",
         "43b8ef197e6c3176"],
        ["V14Formalization.WeilRep:importAllArts", "d70e57efb3d74fe6"],
        ["V14Formalization.WeilRepSL2 transitive imports (legacy)",
         "78ae04d140d01152"],
        ["V14Formalization.WeilRepSL2:importAllArts", "adbdfb5ab1663b74"],
        ["V14Formalization.WeilMul transitive imports (legacy)",
         "8ef219b0608ef5e7"],
        ["V14Formalization.WeilMul:importAllArts", "eb3159101b04e52d"],
        ["V14Formalization.WeilWN transitive imports (legacy)",
         "df7e9b65dcf5b9c9"],
        ["V14Formalization.WeilWN:importAllArts", "0fb5687e303d1c47"],
        ["V14Formalization.WeilHom transitive imports (legacy)",
         "452b483cf8cfc67c"],
        ["V14Formalization.WeilHom:importAllArts", "cd514389abfced24"],
        ["V14Formalization.ResidualNotInM transitive imports (legacy)",
         "934d07407263f318"],
        ["V14Formalization.ResidualNotInM:importAllArts", "2e89762b4e2bdaaf"],
        ["V14Formalization.SchemeEquivariant transitive imports (legacy)",
         "7b1a2b6ea3a6b4db"],
        ["V14Formalization.SchemeEquivariant:importAllArts",
         "43451c4a648eaf59"],
        ["V14Formalization.SchemeFixedLocus transitive imports (legacy)",
         "3a2cb5133d6ed817"],
        ["V14Formalization.SchemeFixedLocus:importAllArts", "9ebe9d7858742ed3"],
        ["V14Formalization.SchemeNormalSpecialization transitive imports (legacy)",
         "67c0038a9a73c194"],
        ["V14Formalization.SchemeNormalSpecialization:importAllArts",
         "3641a032f5d0004c"],
        ["V14Formalization.SchemeFixedRationalMap transitive imports (legacy)",
         "1f550ed9ee66b441"],
        ["V14Formalization.SchemeFixedRationalMap:importAllArts",
         "28df81b355a061e5"],
        ["V14Formalization.SchemeEquivariantSpecialization transitive imports (legacy)",
         "653bf3cf45dfd418"],
        ["V14Formalization.SchemeEquivariantSpecialization:importAllArts",
         "78bdaa44be013b27"],
        ["V14Formalization.SchemeBaseChangeAction transitive imports (legacy)",
         "d005ac2399b991fe"],
        ["V14Formalization.SchemeBaseChangeAction:importAllArts",
         "887cdde5da66503c"],
        ["V14Formalization.InvariantSubschemeAction transitive imports (legacy)",
         "08b71c1a086798ca"],
        ["V14Formalization.InvariantSubschemeAction:importAllArts",
         "3eb76a2143c0b127"],
        ["V14Formalization.MultiProjectiveZeroLocus transitive imports (legacy)",
         "31bae84767e10b22"],
        ["V14Formalization.MultiProjectiveZeroLocus:importAllArts",
         "6b42d2746c9aaccf"],
        ["V14Formalization.ProjectiveFamilyNaturality transitive imports (legacy)",
         "5060a61b74dceddb"],
        ["V14Formalization.ProjectiveFamilyNaturality:importAllArts",
         "d1b448e9375676ad"],
        ["V14Formalization.ProjectiveAwayNaturality transitive imports (legacy)",
         "070bf4714b5b6ba0"],
        ["V14Formalization.ProjectiveAwayNaturality:importAllArts",
         "35522cb1ea47a981"],
        ["V14Formalization.GrassmannianLinearSection transitive imports (legacy)",
         "c1e677a90f7bb02c"],
        ["V14Formalization.GrassmannianLinearSection:importAllArts",
         "0633d03da0d07f2a"],
        ["V14Formalization.D12MatrixCertificate transitive imports (legacy)",
         "1cfaa39fc1582edb"],
        ["V14Formalization.D12MatrixCertificate:importAllArts",
         "886bef55f1b9d5ea"],
        ["V14Formalization.Lambda2Coordinates transitive imports (legacy)",
         "5a31f93918132907"],
        ["V14Formalization.Lambda2Coordinates:importAllArts",
         "e5e0fa86caaec2fd"],
        ["V14Formalization.V14SchemeModel transitive imports (legacy)",
         "ff0cd94e27b08ba7"],
        ["V14Formalization.V14SchemeModel:importAllArts", "b381dd335cc85e18"],
        ["V14Formalization.SchemeProjectiveAction transitive imports (legacy)",
         "e5ae1bd51d930298"],
        ["V14Formalization.SchemeProjectiveAction:importAllArts",
         "7598f9cecd361e6d"],
        ["V14Formalization.TrustGuard transitive imports (legacy)",
         "4b6394e9a93bd6a1"],
        ["V14Formalization.TrustGuard:importAllArts", "48b74fddefc7fcf9"]]]]],
    ["libs",
     [["import dynlibs", "00000000000006bb"],
      ["package external libraries", "00000000000006bb"],
      ["module dynlibs", "00000000000006bb"],
      ["module plugins", "00000000000006bb"]]]]],
  ["Lean 4.32.1, commit f054605aea4b840552cca2e725580bffd1e1b704",
   "4ce1780d8d26fd00"],
  ["/Users/worker/unirational/problems/E-klein-cubic/v14_formalization/V14Formalization.lean",
   "1a1dfca8dd615596"],
  ["options",
   [["-DrelaxedAutoImplicit=false", "74a2b5546b55be80"],
    ["-Dpp.unicode.fun=true", "9b94070140457fab"]]],
  ["isModule: false", "feefd2a0d3a1847e"],
  ["Module.name: V14Formalization", "7f6a9f777f91452a"],
  ["Package.id?: (some V14Formalization)", "3206da5f56731469"],
  ["Module.leanArgs: #[]", "00000000000006bb"]],
 "depHash": "e3394f78527fcce2"}