#Leading ideal data
#---
#field characteristic: 101
#variable order:       a0, a1, a2, a3, a4, a5
#monomial order:       graded reverse lexicographical
#length of basis:      40 elements sorted by increasing leading monomials
#---
[a5^3,
a4^1*a5^2,
a3^1*a5^2,
a1^1*a5^2,
a4^2*a5^1,
a3^1*a4^1*a5^1,
a1^1*a4^1*a5^1,
a3^2*a5^1,
a1^1*a3^1*a5^1,
a1^2*a5^1,
a4^3,
a3^1*a4^2,
a2^1*a4^2,
a1^1*a4^2,
a0^1*a4^2,
a3^2*a4^1,
a2^1*a3^1*a4^1,
a1^1*a3^1*a4^1,
a2^2*a4^1,
a1^1*a2^1*a4^1,
a0^1*a2^1*a4^1,
a1^2*a4^1,
a0^1*a1^1*a4^1,
a0^2*a4^1,
a3^3,
a2^1*a3^2,
a1^1*a3^2,
a2^2*a3^1,
a1^1*a2^1*a3^1,
a1^2*a3^1,
a2^3,
a1^1*a2^2,
a0^1*a2^2,
a1^2*a2^1,
a0^1*a1^1*a2^1,
a0^2*a2^1,
a1^3,
a0^1*a1^2,
a0^2*a1^1,
a0^3]:
