Initial seed for pseudo-random number generator is 0

--------------- INPUT DATA ---------------
#variables                      32
#equations                     669
#invalid equations               0
field characteristic            23
homogeneous input?               1
signature-based computation      0
monomial order                 DRL
basis hash table resetting     OFF
linear algebra option            2
initial hash table size    1048576 (2^20)
max pair selection            2000
reduce gb                        1
#threads                         4
info level                       2
generate pbm files               0
------------------------------------------

Legend for f4 information
--------------------------------------------------------
deg       current degree of pairs selected in this round
sel       number of pairs selected in this round
pairs     total number of pairs in pair list
mat       matrix dimensions (# rows x # columns)
density   density of the matrix
new data  # new elements for basis in this round
          # zero reductions during linear algebra
time(rd)  time of the current f4 round in seconds given
          for real and cpu time
--------------------------------------------------------

deg     sel   pairs        mat          density            new data         time(rd) in sec (real|cpu)
------------------------------------------------------------------------------------------------------
  3     666     668     669 x 5984       95.65%      666 new       0 zero         1.10 | 1.06         
  4    2000    6986   14257 x 50195      10.14%     2000 new       0 zero        33.33 | 62.34        
  4    2000   39840   16698 x 50636      16.98%     2000 new       0 zero        49.25 | 112.52       
  4    2000   77816   19129 x 51067      21.56%     2000 new       0 zero        72.10 | 167.21       
  4     986  118898   21407 x 52359      24.37%      986 new       0 zero        73.78 | 154.58       
  5    2000  140041   56328 x 182002     17.37%