PASS g^2=-11
PASS S^2=T^11=(ST)^3=1
PASS ST^3ST^4ST^3=P, P^5=1
PASS F(Sx)=F(Tx)=F(Px)=F(x) exactly in Q(zeta_11)
PASS exact Cayley consistency on all 660 elements of PSL_2(F_11)
Building exact characteristic-zero representatives...
  subgroup counts: {'C2': 55, 'V4': 55, 'C3': 55, 'C5': 66, 'C11': 12, 'A4': 55, 'D10': 66, 'D12': 55, 'A5_class_sizes': [11, 11], 'A5_total_subgroups': 22}
  type-I/II verdict: CLAIM_1_SURVIVES_CLAIM_2_REFUTED
Modular strata at p=67, zeta11=64...
  eigenspaces=621 closed=951 orbits=12 roots={1: 1, 2: 2, 3: 3, 5: 1, 6: 6, 11: 11}
    V4_type_I_point: dim=1 orb=165 pstab=4 sstab=4 onX=True
    C6_point: dim=1 orb=110 pstab=6 sstab=6 onX=True
    C6_point: dim=1 orb=110 pstab=6 sstab=6 onX=False
    D10_point: dim=1 orb=66 pstab=10 sstab=10 onX=False
    C11_point: dim=1 orb=60 pstab=11 sstab=11 onX=True
    A4_character_line: dim=1 orb=55 pstab=12 sstab=12 onX=False
    A4_character_line: dim=1 orb=55 pstab=12 sstab=12 onX=False
    D12_point: dim=1 orb=55 pstab=12 sstab=12 onX=False
    C3_eigenline: dim=2 orb=110 pstab=3 sstab=6 onX=False
    involution_minus_line: dim=2 orb=55 pstab=2 sstab=12 onX=True
    V4_fixed_line: dim=2 orb=55 pstab=4 sstab=12 onX=False
    involution_plus_plane: dim=3 orb=55 pstab=2 sstab=12 onX=None
Modular strata at p=89, zeta11=78...
  eigenspaces=291 closed=511 orbits=7 roots={1: 1, 2: 2, 3: 1, 5: 1, 6: 2, 11: 11}
    V4_type_I_point: dim=1 orb=165 pstab=4 sstab=4 onX=True
    D10_point: dim=1 orb=66 pstab=10 sstab=10 onX=False
    C11_point: dim=1 orb=60 pstab=11 sstab=11 onX=True
    D12_point: dim=1 orb=55 pstab=12 sstab=12 onX=False
    involution_minus_line: dim=2 orb=55 pstab=2 sstab=12 onX=True
    V4_fixed_line: dim=2 orb=55 pstab=4 sstab=12 onX=False
    involution_plus_plane: dim=3 orb=55 pstab=2 sstab=12 onX=None
Modular strata at p=331, zeta11=270...
  eigenspaces=885 closed=1215 orbits=14 roots={1: 1, 2: 2, 3: 3, 5: 5, 6: 6, 11: 11}
    V4_type_I_point: dim=1 orb=165 pstab=4 sstab=4 onX=True
    C5_eigenline: dim=1 orb=132 pstab=5 sstab=5 onX=True
    C5_eigenline: dim=1 orb=132 pstab=5 sstab=5 onX=True
    C6_point: dim=1 orb=110 pstab=6 sstab=6 onX=False
    C6_point: dim=1 orb=110 pstab=6 sstab=6 onX=True
    D10_point: dim=1 orb=66 pstab=10 sstab=10 onX=False
    C11_point: dim=1 orb=60 pstab=11 sstab=11 onX=True
    A4_character_line: dim=1 orb=55 pstab=12 sstab=12 onX=False
    A4_character_line: dim=1 orb=55 pstab=12 sstab=12 onX=False
    D12_point: dim=1 orb=55 pstab=12 sstab=12 onX=False
    C3_eigenline: dim=2 orb=110 pstab=3 sstab=6 onX=False
    involution_minus_line: dim=2 orb=55 pstab=2 sstab=12 onX=True
    V4_fixed_line: dim=2 orb=55 pstab=4 sstab=12 onX=False
    involution_plus_plane: dim=3 orb=55 pstab=2 sstab=12 onX=None
WROTE /Users/worker/unirational/problems/E-klein-cubic/certificates/strata/strata_exact.json
WROTE /Users/worker/unirational/problems/E-klein-cubic/certificates/strata/incidence_exact.json
sealed {'strata_exact.json': '62277c3bb054dd2beb8f5535ad4aef7c1e5baf75b0f5c23c82f5edfa594db91b', 'incidence_exact.json': '21a1d40b6e84e1673885c52e30fafb8f27d58cf2494b42851440a1d922ac2aa9'}
STRATA_EXACT_PRODUCER_OK
