{"synthetic": false,
 "schemaVersion": "2025-09-10",
 "outputs":
 {"o": ["8e0b0ed7fe6f8601.olean"],
  "m": false,
  "i": "45613fb49ce3115d.ilean",
  "c": "ebffb1131e526f12.c"},
 "log":
 [{"message":
   ".> LEAN_PATH=/Users/worker/unirational/problems/B-conic-bundle-multisections/.lake/packages/Cli/.lake/build/lib/lean:/Users/worker/unirational/problems/B-conic-bundle-multisections/.lake/packages/batteries/.lake/build/lib/lean:/Users/worker/unirational/problems/B-conic-bundle-multisections/.lake/packages/Qq/.lake/build/lib/lean:/Users/worker/unirational/problems/B-conic-bundle-multisections/.lake/packages/aesop/.lake/build/lib/lean:/Users/worker/unirational/problems/B-conic-bundle-multisections/.lake/packages/proofwidgets/.lake/build/lib/lean:/Users/worker/unirational/problems/B-conic-bundle-multisections/.lake/packages/importGraph/.lake/build/lib/lean:/Users/worker/unirational/problems/B-conic-bundle-multisections/.lake/packages/LeanSearchClient/.lake/build/lib/lean:/Users/worker/unirational/problems/B-conic-bundle-multisections/.lake/packages/plausible/.lake/build/lib/lean:/Users/worker/unirational/problems/B-conic-bundle-multisections/.lake/packages/mathlib/.lake/build/lib/lean:/Users/worker/unirational/problems/E-klein-cubic/v14_formalization/.lake/build/lib/lean /Users/worker/.elan/toolchains/leanprover--lean4---v4.32.1/bin/lean /Users/worker/unirational/problems/E-klein-cubic/v14_formalization/V14Formalization/Basic.lean -o /Users/worker/unirational/problems/E-klein-cubic/v14_formalization/.lake/build/lib/lean/V14Formalization/Basic.olean -i /Users/worker/unirational/problems/E-klein-cubic/v14_formalization/.lake/build/lib/lean/V14Formalization/Basic.ilean -c /Users/worker/unirational/problems/E-klein-cubic/v14_formalization/.lake/build/ir/V14Formalization/Basic.c --setup /Users/worker/unirational/problems/E-klein-cubic/v14_formalization/.lake/build/ir/V14Formalization/Basic.setup.json --json",
   "level": "trace"}],
 "inputs":
 [["V14Formalization.Basic:deps",
   [["deps",
     [["V14Formalization/V14Formalization:extraDep",
       [["@V14Formalization:extraDep", "00000000000006bb"]]],
      ["imports",
       [["Mathlib.Algebra.Group.Basic transitive imports (legacy)",
         "16879edfbf8cfa8e"],
        ["Mathlib.Algebra.Group.Basic:importAllArts", "f9adbd8de66296e0"],
        ["Mathlib.Algebra.Group.Subgroup.Basic transitive imports (legacy)",
         "6fd2c10274669e92"],
        ["Mathlib.Algebra.Group.Subgroup.Basic:importAllArts",
         "edc2e3f5d2a78d82"],
        ["Mathlib.GroupTheory.Subgroup.Center transitive imports (legacy)",
         "f26dee0da8320283"],
        ["Mathlib.GroupTheory.Subgroup.Center:importAllArts",
         "86ac29a17f847cdf"],
        ["Mathlib.Algebra.Group.Subgroup.Finite transitive imports (legacy)",
         "76390176a8805d60"],
        ["Mathlib.Algebra.Group.Subgroup.Finite:importAllArts",
         "474f8b1df6e66a80"],
        ["Mathlib.Data.Fintype.Card transitive imports (legacy)",
         "8efa3beea927ab70"],
        ["Mathlib.Data.Fintype.Card:importAllArts", "1665615635060b71"],
        ["Mathlib.GroupTheory.OrderOfElement transitive imports (legacy)",
         "78da6678d9030810"],
        ["Mathlib.GroupTheory.OrderOfElement:importAllArts",
         "27bfc2a202eb67ec"],
        ["Mathlib.Algebra.CharP.Basic transitive imports (legacy)",
         "ea14340597843d81"],
        ["Mathlib.Algebra.CharP.Basic:importAllArts", "22cab3fc2b6a47d8"],
        ["Mathlib.Algebra.Module.Basic transitive imports (legacy)",
         "e259447cd92c0326"],
        ["Mathlib.Algebra.Module.Basic:importAllArts", "5ead8d08acd8c35e"],
        ["Mathlib.LinearAlgebra.FiniteDimensional.Basic transitive imports (legacy)",
         "088c7140e34deb55"],
        ["Mathlib.LinearAlgebra.FiniteDimensional.Basic:importAllArts",
         "6631765a066a16c7"],
        ["Mathlib.LinearAlgebra.Dimension.Finrank transitive imports (legacy)",
         "7b90367c76da02e8"],
        ["Mathlib.LinearAlgebra.Dimension.Finrank:importAllArts",
         "207e12c984a30788"],
        ["Mathlib.LinearAlgebra.Eigenspace.Basic transitive imports (legacy)",
         "2ee286984be9bc9b"],
        ["Mathlib.LinearAlgebra.Eigenspace.Basic:importAllArts",
         "b02ff9b8dcf1c224"],
        ["Mathlib.LinearAlgebra.Eigenspace.Basic transitive imports (legacy)",
         "2ee286984be9bc9b"],
        ["Mathlib.LinearAlgebra.Eigenspace.Basic:importAllArts",
         "b02ff9b8dcf1c224"],
        ["Mathlib.LinearAlgebra.Projectivization.Basic transitive imports (legacy)",
         "8de74a37cafddbad"],
        ["Mathlib.LinearAlgebra.Projectivization.Basic:importAllArts",
         "ff226dec5548b248"],
        ["Mathlib.LinearAlgebra.Projectivization.Action transitive imports (legacy)",
         "de993a234bccba98"],
        ["Mathlib.LinearAlgebra.Projectivization.Action:importAllArts",
         "7e0dd6c11404bf96"],
        ["Mathlib.RepresentationTheory.Basic transitive imports (legacy)",
         "4435024e2d652ed0"],
        ["Mathlib.RepresentationTheory.Basic:importAllArts",
         "c55dc746f1185714"],
        ["Mathlib.GroupTheory.SpecificGroups.Dihedral transitive imports (legacy)",
         "4fc96547aed249a0"],
        ["Mathlib.GroupTheory.SpecificGroups.Dihedral:importAllArts",
         "616528f04f6ec915"],
        ["Mathlib.GroupTheory.GroupAction.Basic transitive imports (legacy)",
         "8d619253f279543f"],
        ["Mathlib.GroupTheory.GroupAction.Basic:importAllArts",
         "c0461e5f62da3601"],
        ["Mathlib.LinearAlgebra.Matrix.SpecialLinearGroup transitive imports (legacy)",
         "8f62e0bf1d582d08"],
        ["Mathlib.LinearAlgebra.Matrix.SpecialLinearGroup:importAllArts",
         "010c68f331d22e6a"],
        ["Mathlib.LinearAlgebra.Matrix.ProjectiveSpecialLinearGroup transitive imports (legacy)",
         "b06796c85864f57a"],
        ["Mathlib.LinearAlgebra.Matrix.ProjectiveSpecialLinearGroup:importAllArts",
         "e77906710f3eef49"],
        ["Mathlib.LinearAlgebra.Matrix.GeneralLinearGroup.Defs transitive imports (legacy)",
         "49ea5c4ca2823d02"],
        ["Mathlib.LinearAlgebra.Matrix.GeneralLinearGroup.Defs:importAllArts",
         "bab91cce71d8da22"],
        ["Mathlib.Data.ZMod.Basic transitive imports (legacy)",
         "32effd9ffc0cf7b9"],
        ["Mathlib.Data.ZMod.Basic:importAllArts", "adcf71e8ca764bf8"],
        ["Mathlib.Data.Matrix.Basic transitive imports (legacy)",
         "6bc503ecbe1cbeeb"],
        ["Mathlib.Data.Matrix.Basic:importAllArts", "208075e713ce5328"],
        ["Mathlib.Tactic.Basic transitive imports (legacy)",
         "e87de75b873cf366"],
        ["Mathlib.Tactic.Basic:importAllArts", "7cfbf98b3dd2fa87"]]]]],
    ["libs",
     [["import dynlibs", "00000000000006bb"],
      ["package external libraries", "00000000000006bb"],
      ["module dynlibs", "00000000000006bb"],
      ["module plugins", "00000000000006bb"]]]]],
  ["Lean 4.32.1, commit f054605aea4b840552cca2e725580bffd1e1b704",
   "4ce1780d8d26fd00"],
  ["/Users/worker/unirational/problems/E-klein-cubic/v14_formalization/V14Formalization/Basic.lean",
   "d1a304120e6f4956"],
  ["options",
   [["-DrelaxedAutoImplicit=false", "74a2b5546b55be80"],
    ["-Dpp.unicode.fun=true", "9b94070140457fab"]]],
  ["isModule: false", "feefd2a0d3a1847e"],
  ["Module.name: V14Formalization.Basic", "7c1ff9fb61c83179"],
  ["Package.id?: (some V14Formalization)", "3206da5f56731469"],
  ["Module.leanArgs: #[]", "00000000000006bb"]],
 "depHash": "d798661f5948a383"}