{"synthetic": false,
 "schemaVersion": "2025-09-10",
 "outputs":
 {"o": ["dfd005c5a2358e50.olean"],
  "m": false,
  "i": "8be73b5f0757806e.ilean",
  "c": "4b1d48d9ab55cb8a.c"},
 "log":
 [{"message":
   ".> LEAN_PATH=/Users/worker/unirational/problems/B-conic-bundle-multisections/.lake/packages/Cli/.lake/build/lib/lean:/Users/worker/unirational/problems/B-conic-bundle-multisections/.lake/packages/batteries/.lake/build/lib/lean:/Users/worker/unirational/problems/B-conic-bundle-multisections/.lake/packages/Qq/.lake/build/lib/lean:/Users/worker/unirational/problems/B-conic-bundle-multisections/.lake/packages/aesop/.lake/build/lib/lean:/Users/worker/unirational/problems/B-conic-bundle-multisections/.lake/packages/proofwidgets/.lake/build/lib/lean:/Users/worker/unirational/problems/B-conic-bundle-multisections/.lake/packages/importGraph/.lake/build/lib/lean:/Users/worker/unirational/problems/B-conic-bundle-multisections/.lake/packages/LeanSearchClient/.lake/build/lib/lean:/Users/worker/unirational/problems/B-conic-bundle-multisections/.lake/packages/plausible/.lake/build/lib/lean:/Users/worker/unirational/problems/B-conic-bundle-multisections/.lake/packages/mathlib/.lake/build/lib/lean:/Users/worker/unirational/problems/B-conic-bundle-multisections/.lake/packages/BConicBundleMultisections/problems/B-conic-bundle-multisections/.lake/build/lib/lean:/Users/worker/unirational/problems/E-klein-cubic/v14_formalization/.lake/build/lib/lean /Users/worker/.elan/toolchains/leanprover--lean4---v4.32.1/bin/lean /Users/worker/unirational/problems/E-klein-cubic/v14_formalization/V14Formalization/CentralizerD12.lean -o /Users/worker/unirational/problems/E-klein-cubic/v14_formalization/.lake/build/lib/lean/V14Formalization/CentralizerD12.olean -i /Users/worker/unirational/problems/E-klein-cubic/v14_formalization/.lake/build/lib/lean/V14Formalization/CentralizerD12.ilean -c /Users/worker/unirational/problems/E-klein-cubic/v14_formalization/.lake/build/ir/V14Formalization/CentralizerD12.c --setup /Users/worker/unirational/problems/E-klein-cubic/v14_formalization/.lake/build/ir/V14Formalization/CentralizerD12.setup.json --json",
   "level": "trace"},
  {"message":
   "V14Formalization/CentralizerD12.lean:90:34: This simp argument is unused:\n  Matrix.neg_apply\n\nHint: Omit it from the simp argument list.\n  simp [mkRefl, Smat, coe_negS, Matrix.mul_apply, Fin.sum_univ_two, S̵p̵e̵c̵i̵a̵l̵L̵i̵n̵e̵a̵r̵G̵r̵o̵u̵p̵.̵c̵o̵e̵_̵m̵u̵l̵,̵ ̵M̵a̵t̵r̵i̵x̵.̵n̵e̵g̵_̵a̵p̵p̵l̵y̵]̵S̲p̲e̲c̲i̲a̲l̲L̲i̲n̲e̲a̲r̲G̲r̲o̲u̲p̲.̲c̲o̲e̲_̲m̲u̲l̲]̲\n\nNote: This linter can be disabled with `set_option linter.unusedSimpArgs false`",
   "level": "warning"},
  {"message":
   "V14Formalization/CentralizerD12.lean:638:49: This simp argument is unused:\n  Matrix.one_apply\n\nHint: Omit it from the simp argument list.\n  simp ̵[̵M̵a̵t̵r̵i̵x̵.̵o̵n̵e̵_̵a̵p̵p̵l̵y̵]̵\n\nNote: This linter can be disabled with `set_option linter.unusedSimpArgs false`",
   "level": "warning"},
  {"message":
   "V14Formalization/CentralizerD12.lean:687:8: This simp argument is unused:\n  Matrix.one_apply\n\nHint: Omit it from the simp argument list.\n  simp [mkRot, rotPt, SpecialLinearGroup.coe_one, pow_succ, pow_zero,\n          SpecialLinearGroup.coe_mul, Matrix.mul_apply, Fin.sum_univ_two,\n  ̵  ̵ ̵ ̵ ̵ ̵ ̵ ̵Matrix.on̵e̵_̵a̵p̵p̵l̵y̵,̵ ̵M̵a̵t̵r̵i̵x̵.̵o̵f_apply,\n  ̲  ̲ ̲ ̲ ̲ ̲ ̲ ̲Matrix.cons_val] at he\n\nNote: This linter can be disabled with `set_option linter.unusedSimpArgs false`",
   "level": "warning"},
  {"message":
   "V14Formalization/CentralizerD12.lean:687:43: This simp argument is unused:\n  Matrix.cons_val\n\nHint: Omit it from the simp argument list.\n  simp [mkRot, rotPt, SpecialLinearGroup.coe_one, pow_succ, pow_zero,\n          SpecialLinearGroup.coe_mul, Matrix.mul_apply, Fin.sum_univ_two,\n  ̵  ̵ ̵ ̵ ̵ ̵ ̵ ̵Matrix.one_apply,\n  ̲  ̲ ̲ ̲ ̲ ̲ ̲ ̲Matrix.of_apply,̵ ̵M̵a̵t̵r̵i̵x̵.̵c̵o̵n̵s̵_̵v̵a̵l̵] at he\n\nNote: This linter can be disabled with `set_option linter.unusedSimpArgs false`",
   "level": "warning"},
  {"message":
   "V14Formalization/CentralizerD12.lean:696:44: This simp argument is unused:\n  Matrix.one_apply\n\nHint: Omit it from the simp argument list.\n  simp [mkRot, rotPt, negI, pow_succ, pow_zero, SpecialLinearGroup.coe_mul, Matrix.mul_apply,\n  ̲  ̲ ̲ ̲ ̲ ̲ ̲ ̲Fin.sum_univ_two, M̵a̵t̵r̵i̵x̵.̵o̵n̵e̵_̵a̵p̵p̵l̵y̵,̵ ̵Matrix.neg_apply, Matrix.of_apply, Matrix.cons_val] at he\n\nNote: This linter can be disabled with `set_option linter.unusedSimpArgs false`",
   "level": "warning"},
  {"message":
   "V14Formalization/CentralizerD12.lean:697:25: This simp argument is unused:\n  Matrix.cons_val\n\nHint: Omit it from the simp argument list.\n  simp [mkRot, rotPt, negI, pow_succ, pow_zero, SpecialLinearGroup.coe_mul, Matrix.mul_apply,\n  ̲  ̲ ̲ ̲ ̲ ̲ ̲ ̲Fin.sum_univ_two, Matrix.one_apply, Matrix.neg_apply, M̵a̵t̵r̵i̵x̵.̵o̵f̵_̵a̵p̵p̵l̵y̵,̵ ̵M̵a̵t̵r̵i̵x̵.̵c̵o̵n̵s̵_̵v̵a̵l̵]̵M̲a̲t̲r̲i̲x̲.̲o̲f̲_̲a̲p̲p̲l̲y̲]̲ at he\n\nNote: This linter can be disabled with `set_option linter.unusedSimpArgs false`",
   "level": "warning"},
  {"message":
   "V14Formalization/CentralizerD12.lean:800:0: 'V14Formalization.CentralizerN.centralizer_sigma_card' depends on axioms: [propext, Classical.choice, Quot.sound]",
   "level": "info"},
  {"message":
   "V14Formalization/CentralizerD12.lean:801:0: 'V14Formalization.CentralizerN.centralizer_sigma_mulEquiv_dihedral' depends on axioms: [propext,\n Classical.choice,\n Quot.sound]",
   "level": "info"}],
 "inputs":
 [["V14Formalization.CentralizerD12:deps",
   [["deps",
     [["V14Formalization/V14Formalization:extraDep",
       [["@V14Formalization:extraDep", "00000000000006bb"]]],
      ["imports",
       [["Mathlib.LinearAlgebra.Matrix.SpecialLinearGroup transitive imports (legacy)",
         "8f62e0bf1d582d08"],
        ["Mathlib.LinearAlgebra.Matrix.SpecialLinearGroup:importAllArts",
         "010c68f331d22e6a"],
        ["Mathlib.LinearAlgebra.Matrix.ProjectiveSpecialLinearGroup transitive imports (legacy)",
         "b06796c85864f57a"],
        ["Mathlib.LinearAlgebra.Matrix.ProjectiveSpecialLinearGroup:importAllArts",
         "e77906710f3eef49"],
        ["Mathlib.Data.ZMod.Basic transitive imports (legacy)",
         "32effd9ffc0cf7b9"],
        ["Mathlib.Data.ZMod.Basic:importAllArts", "adcf71e8ca764bf8"],
        ["Mathlib.Algebra.Field.ZMod transitive imports (legacy)",
         "ebb83bec825cec14"],
        ["Mathlib.Algebra.Field.ZMod:importAllArts", "6ec33f975dd5b176"],
        ["Mathlib.Data.Nat.Prime.Defs transitive imports (legacy)",
         "761b0d1d23fc20d8"],
        ["Mathlib.Data.Nat.Prime.Defs:importAllArts", "42d697398049d0fe"],
        ["Mathlib.GroupTheory.SpecificGroups.Dihedral transitive imports (legacy)",
         "4fc96547aed249a0"],
        ["Mathlib.GroupTheory.SpecificGroups.Dihedral:importAllArts",
         "616528f04f6ec915"],
        ["Mathlib.Data.Fintype.BigOperators transitive imports (legacy)",
         "ed76283e1044b2e5"],
        ["Mathlib.Data.Fintype.BigOperators:importAllArts", "7d3ff9322b7a8d26"],
        ["Mathlib.Algebra.Group.Subgroup.Finite transitive imports (legacy)",
         "76390176a8805d60"],
        ["Mathlib.Algebra.Group.Subgroup.Finite:importAllArts",
         "474f8b1df6e66a80"],
        ["Mathlib.GroupTheory.OrderOfElement transitive imports (legacy)",
         "78da6678d9030810"],
        ["Mathlib.GroupTheory.OrderOfElement:importAllArts",
         "27bfc2a202eb67ec"],
        ["Mathlib.GroupTheory.Subgroup.Centralizer transitive imports (legacy)",
         "22e33fd584837208"],
        ["Mathlib.GroupTheory.Subgroup.Centralizer:importAllArts",
         "0e90e7a4e8a28ab1"]]]]],
    ["libs",
     [["import dynlibs", "00000000000006bb"],
      ["package external libraries", "00000000000006bb"],
      ["module dynlibs", "00000000000006bb"],
      ["module plugins", "00000000000006bb"]]]]],
  ["Lean 4.32.1, commit f054605aea4b840552cca2e725580bffd1e1b704",
   "4ce1780d8d26fd00"],
  ["/Users/worker/unirational/problems/E-klein-cubic/v14_formalization/V14Formalization/CentralizerD12.lean",
   "02724ce8e0da6c20"],
  ["options",
   [["-DrelaxedAutoImplicit=false", "74a2b5546b55be80"],
    ["-Dpp.unicode.fun=true", "9b94070140457fab"]]],
  ["isModule: false", "feefd2a0d3a1847e"],
  ["Module.name: V14Formalization.CentralizerD12", "46019892410e94ba"],
  ["Package.id?: (some V14Formalization)", "3206da5f56731469"],
  ["Module.leanArgs: #[]", "00000000000006bb"]],
 "depHash": "2b64eea911450373"}