{"synthetic": false,
 "schemaVersion": "2025-09-10",
 "outputs":
 {"o": ["58932a51ca38c851.olean"],
  "m": false,
  "i": "eb99bb7cfff33b86.ilean",
  "c": "c9e109182f405fe1.c"},
 "log":
 [{"message":
   ".> LEAN_PATH=/Users/worker/unirational/problems/B-conic-bundle-multisections/.lake/packages/Cli/.lake/build/lib/lean:/Users/worker/unirational/problems/B-conic-bundle-multisections/.lake/packages/batteries/.lake/build/lib/lean:/Users/worker/unirational/problems/B-conic-bundle-multisections/.lake/packages/Qq/.lake/build/lib/lean:/Users/worker/unirational/problems/B-conic-bundle-multisections/.lake/packages/aesop/.lake/build/lib/lean:/Users/worker/unirational/problems/B-conic-bundle-multisections/.lake/packages/proofwidgets/.lake/build/lib/lean:/Users/worker/unirational/problems/B-conic-bundle-multisections/.lake/packages/importGraph/.lake/build/lib/lean:/Users/worker/unirational/problems/B-conic-bundle-multisections/.lake/packages/LeanSearchClient/.lake/build/lib/lean:/Users/worker/unirational/problems/B-conic-bundle-multisections/.lake/packages/plausible/.lake/build/lib/lean:/Users/worker/unirational/problems/B-conic-bundle-multisections/.lake/packages/mathlib/.lake/build/lib/lean:/Users/worker/unirational/problems/E-klein-cubic/v14_formalization/.lake/build/lib/lean /Users/worker/.elan/toolchains/leanprover--lean4---v4.32.1/bin/lean /Users/worker/unirational/problems/E-klein-cubic/v14_formalization/V14Formalization/CentralizerObstruction.lean -o /Users/worker/unirational/problems/E-klein-cubic/v14_formalization/.lake/build/lib/lean/V14Formalization/CentralizerObstruction.olean -i /Users/worker/unirational/problems/E-klein-cubic/v14_formalization/.lake/build/lib/lean/V14Formalization/CentralizerObstruction.ilean -c /Users/worker/unirational/problems/E-klein-cubic/v14_formalization/.lake/build/ir/V14Formalization/CentralizerObstruction.c --setup /Users/worker/unirational/problems/E-klein-cubic/v14_formalization/.lake/build/ir/V14Formalization/CentralizerObstruction.setup.json --json",
   "level": "trace"}],
 "inputs":
 [["V14Formalization.CentralizerObstruction:deps",
   [["deps",
     [["V14Formalization/V14Formalization:extraDep",
       [["@V14Formalization:extraDep", "00000000000006bb"]]],
      ["imports",
       [["V14Formalization.Foundations transitive imports (legacy)",
         "94693ac93a198dec"],
        ["V14Formalization.Foundations:importAllArts", "eedd677b036c3781"]]]]],
    ["libs",
     [["import dynlibs", "00000000000006bb"],
      ["package external libraries", "00000000000006bb"],
      ["module dynlibs", "00000000000006bb"],
      ["module plugins", "00000000000006bb"]]]]],
  ["Lean 4.32.1, commit f054605aea4b840552cca2e725580bffd1e1b704",
   "4ce1780d8d26fd00"],
  ["/Users/worker/unirational/problems/E-klein-cubic/v14_formalization/V14Formalization/CentralizerObstruction.lean",
   "1683ad8e71c34af5"],
  ["options",
   [["-DrelaxedAutoImplicit=false", "74a2b5546b55be80"],
    ["-Dpp.unicode.fun=true", "9b94070140457fab"]]],
  ["isModule: false", "feefd2a0d3a1847e"],
  ["Module.name: V14Formalization.CentralizerObstruction", "2f093cce44ee5dee"],
  ["Package.id?: (some V14Formalization)", "3206da5f56731469"],
  ["Module.leanArgs: #[]", "00000000000006bb"]],
 "depHash": "ebd08b938f1c3d71"}