{"synthetic": false,
 "schemaVersion": "2025-09-10",
 "outputs":
 {"o": ["cd7fa119237241fb.olean"],
  "m": false,
  "i": "9fe9743a0a376a7b.ilean",
  "c": "96ee338f5f490574.c"},
 "log":
 [{"message":
   ".> LEAN_PATH=/Users/worker/unirational/problems/B-conic-bundle-multisections/.lake/packages/Cli/.lake/build/lib/lean:/Users/worker/unirational/problems/B-conic-bundle-multisections/.lake/packages/batteries/.lake/build/lib/lean:/Users/worker/unirational/problems/B-conic-bundle-multisections/.lake/packages/Qq/.lake/build/lib/lean:/Users/worker/unirational/problems/B-conic-bundle-multisections/.lake/packages/aesop/.lake/build/lib/lean:/Users/worker/unirational/problems/B-conic-bundle-multisections/.lake/packages/proofwidgets/.lake/build/lib/lean:/Users/worker/unirational/problems/B-conic-bundle-multisections/.lake/packages/importGraph/.lake/build/lib/lean:/Users/worker/unirational/problems/B-conic-bundle-multisections/.lake/packages/LeanSearchClient/.lake/build/lib/lean:/Users/worker/unirational/problems/B-conic-bundle-multisections/.lake/packages/plausible/.lake/build/lib/lean:/Users/worker/unirational/problems/B-conic-bundle-multisections/.lake/packages/mathlib/.lake/build/lib/lean:/Users/worker/unirational/problems/B-conic-bundle-multisections/.lake/packages/BConicBundleMultisections/problems/B-conic-bundle-multisections/.lake/build/lib/lean:/Users/worker/unirational/problems/E-klein-cubic/v14_formalization/.lake/build/lib/lean /Users/worker/.elan/toolchains/leanprover--lean4---v4.32.1/bin/lean /Users/worker/unirational/problems/E-klein-cubic/v14_formalization/V14Formalization/Definitions.lean -o /Users/worker/unirational/problems/E-klein-cubic/v14_formalization/.lake/build/lib/lean/V14Formalization/Definitions.olean -i /Users/worker/unirational/problems/E-klein-cubic/v14_formalization/.lake/build/lib/lean/V14Formalization/Definitions.ilean -c /Users/worker/unirational/problems/E-klein-cubic/v14_formalization/.lake/build/ir/V14Formalization/Definitions.c --setup /Users/worker/unirational/problems/E-klein-cubic/v14_formalization/.lake/build/ir/V14Formalization/Definitions.setup.json --json",
   "level": "trace"},
  {"message":
   "V14Formalization/Definitions.lean:99:24: This simp argument is unused:\n  Module.End.mem_eigenspace_iff\n\nHint: Omit it from the simp argument list.\n  simp [plusEigenspace, M̵o̵d̵u̵l̵e̵.̵E̵n̵d̵.̵m̵e̵m̵_̵e̵i̵g̵e̵n̵s̵p̵a̵c̵e̵_̵i̵f̵f̵,̵ ̵one_smul]\n\nNote: This linter can be disabled with `set_option linter.unusedSimpArgs false`",
   "level": "warning"},
  {"message":
   "V14Formalization/Definitions.lean:103:25: This simp argument is unused:\n  Module.End.mem_eigenspace_iff\n\nHint: Omit it from the simp argument list.\n  simp [minusEigenspace,̵ ̵M̵o̵d̵u̵l̵e̵.̵E̵n̵d̵.̵m̵e̵m̵_̵e̵i̵g̵e̵n̵s̵p̵a̵c̵e̵_̵i̵f̵f̵]\n\nNote: This linter can be disabled with `set_option linter.unusedSimpArgs false`",
   "level": "warning"},
  {"message":
   "V14Formalization/Definitions.lean:216:44: Try this:\n  [apply] abel_nf",
   "level": "info"},
  {"message":
   "V14Formalization/Definitions.lean:241:47: Try this:\n  [apply] abel_nf",
   "level": "info"}],
 "inputs":
 [["V14Formalization.Definitions:deps",
   [["deps",
     [["V14Formalization/V14Formalization:extraDep",
       [["@V14Formalization:extraDep", "00000000000006bb"]]],
      ["imports",
       [["V14Formalization.Basic transitive imports (legacy)",
         "e5d4eb52fe2cc5dd"],
        ["V14Formalization.Basic:importAllArts", "fdfd44b1bab820e1"],
        ["Mathlib.LinearAlgebra.Center transitive imports (legacy)",
         "8c5b0bf3a93e5065"],
        ["Mathlib.LinearAlgebra.Center:importAllArts", "bc524ed38f8fc39f"],
        ["Mathlib.LinearAlgebra.FreeModule.Basic transitive imports (legacy)",
         "e7399b50b287cda3"],
        ["Mathlib.LinearAlgebra.FreeModule.Basic:importAllArts",
         "3fb09bc1e609a311"],
        ["Mathlib.LinearAlgebra.Dimension.Finrank transitive imports (legacy)",
         "7b90367c76da02e8"],
        ["Mathlib.LinearAlgebra.Dimension.Finrank:importAllArts",
         "207e12c984a30788"],
        ["Mathlib.LinearAlgebra.Dimension.Finite transitive imports (legacy)",
         "224d6eebe0cc1104"],
        ["Mathlib.LinearAlgebra.Dimension.Finite:importAllArts",
         "3cf4ecec90da16f6"]]]]],
    ["libs",
     [["import dynlibs", "00000000000006bb"],
      ["package external libraries", "00000000000006bb"],
      ["module dynlibs", "00000000000006bb"],
      ["module plugins", "00000000000006bb"]]]]],
  ["Lean 4.32.1, commit f054605aea4b840552cca2e725580bffd1e1b704",
   "4ce1780d8d26fd00"],
  ["/Users/worker/unirational/problems/E-klein-cubic/v14_formalization/V14Formalization/Definitions.lean",
   "95c68dcec699f95f"],
  ["options",
   [["-DrelaxedAutoImplicit=false", "74a2b5546b55be80"],
    ["-Dpp.unicode.fun=true", "9b94070140457fab"]]],
  ["isModule: false", "feefd2a0d3a1847e"],
  ["Module.name: V14Formalization.Definitions", "fbe58bc58a0e65e9"],
  ["Package.id?: (some V14Formalization)", "3206da5f56731469"],
  ["Module.leanArgs: #[]", "00000000000006bb"]],
 "depHash": "f013726744e787cd"}