{"synthetic": false,
 "schemaVersion": "2025-09-10",
 "outputs":
 {"o": ["28fd1404e3fc5c68.olean"],
  "m": false,
  "i": "f18f8d41b9404662.ilean",
  "c": "0b70ebe63c145ab3.c"},
 "log":
 [{"message":
   ".> LEAN_PATH=/Users/worker/unirational/problems/B-conic-bundle-multisections/.lake/packages/Cli/.lake/build/lib/lean:/Users/worker/unirational/problems/B-conic-bundle-multisections/.lake/packages/batteries/.lake/build/lib/lean:/Users/worker/unirational/problems/B-conic-bundle-multisections/.lake/packages/Qq/.lake/build/lib/lean:/Users/worker/unirational/problems/B-conic-bundle-multisections/.lake/packages/aesop/.lake/build/lib/lean:/Users/worker/unirational/problems/B-conic-bundle-multisections/.lake/packages/proofwidgets/.lake/build/lib/lean:/Users/worker/unirational/problems/B-conic-bundle-multisections/.lake/packages/importGraph/.lake/build/lib/lean:/Users/worker/unirational/problems/B-conic-bundle-multisections/.lake/packages/LeanSearchClient/.lake/build/lib/lean:/Users/worker/unirational/problems/B-conic-bundle-multisections/.lake/packages/plausible/.lake/build/lib/lean:/Users/worker/unirational/problems/B-conic-bundle-multisections/.lake/packages/mathlib/.lake/build/lib/lean:/Users/worker/unirational/problems/E-klein-cubic/v14_formalization/.lake/build/lib/lean /Users/worker/.elan/toolchains/leanprover--lean4---v4.32.1/bin/lean /Users/worker/unirational/problems/E-klein-cubic/v14_formalization/V14Formalization/GeometricV14.lean -o /Users/worker/unirational/problems/E-klein-cubic/v14_formalization/.lake/build/lib/lean/V14Formalization/GeometricV14.olean -i /Users/worker/unirational/problems/E-klein-cubic/v14_formalization/.lake/build/lib/lean/V14Formalization/GeometricV14.ilean -c /Users/worker/unirational/problems/E-klein-cubic/v14_formalization/.lake/build/ir/V14Formalization/GeometricV14.c --setup /Users/worker/unirational/problems/E-klein-cubic/v14_formalization/.lake/build/ir/V14Formalization/GeometricV14.setup.json --json",
   "level": "trace"},
  {"message":
   "V14Formalization/GeometricV14.lean:36:0: 'V14Formalization.N_card_eq_12' depends on axioms: [propext, Classical.choice, Quot.sound]",
   "level": "info"},
  {"message":
   "V14Formalization/GeometricV14.lean:37:0: 'V14Formalization.N_mulEquiv_dihedral' depends on axioms: [propext, Classical.choice, Quot.sound]",
   "level": "info"}],
 "inputs":
 [["V14Formalization.GeometricV14:deps",
   [["deps",
     [["V14Formalization/V14Formalization:extraDep",
       [["@V14Formalization:extraDep", "00000000000006bb"]]],
      ["imports",
       [["V14Formalization.CentralizerD12 transitive imports (legacy)",
         "35f36aeec4f414a6"],
        ["V14Formalization.CentralizerD12:importAllArts", "7b7bf84a8cc843c9"],
        ["V14Formalization.Definitions transitive imports (legacy)",
         "e581f45cb09a784d"],
        ["V14Formalization.Definitions:importAllArts", "3cfb4b46629fcff3"],
        ["Mathlib.LinearAlgebra.Dimension.Finrank transitive imports (legacy)",
         "7b90367c76da02e8"],
        ["Mathlib.LinearAlgebra.Dimension.Finrank:importAllArts",
         "207e12c984a30788"],
        ["Mathlib.LinearAlgebra.Dimension.Finite transitive imports (legacy)",
         "224d6eebe0cc1104"],
        ["Mathlib.LinearAlgebra.Dimension.Finite:importAllArts",
         "3cf4ecec90da16f6"],
        ["Mathlib.GroupTheory.SpecificGroups.Dihedral transitive imports (legacy)",
         "4fc96547aed249a0"],
        ["Mathlib.GroupTheory.SpecificGroups.Dihedral:importAllArts",
         "616528f04f6ec915"]]]]],
    ["libs",
     [["import dynlibs", "00000000000006bb"],
      ["package external libraries", "00000000000006bb"],
      ["module dynlibs", "00000000000006bb"],
      ["module plugins", "00000000000006bb"]]]]],
  ["Lean 4.32.1, commit f054605aea4b840552cca2e725580bffd1e1b704",
   "4ce1780d8d26fd00"],
  ["/Users/worker/unirational/problems/E-klein-cubic/v14_formalization/V14Formalization/GeometricV14.lean",
   "eb5f11c798f60648"],
  ["options",
   [["-DrelaxedAutoImplicit=false", "74a2b5546b55be80"],
    ["-Dpp.unicode.fun=true", "9b94070140457fab"]]],
  ["isModule: false", "feefd2a0d3a1847e"],
  ["Module.name: V14Formalization.GeometricV14", "59e5fbf19d1086dc"],
  ["Package.id?: (some V14Formalization)", "3206da5f56731469"],
  ["Module.leanArgs: #[]", "00000000000006bb"]],
 "depHash": "cc0433cb79cce765"}