{"synthetic": false,
 "schemaVersion": "2025-09-10",
 "outputs":
 {"o": ["a8c1368f919a1862.olean"],
  "m": false,
  "i": "696584e5458321f7.ilean",
  "c": "fc40e59740b5e9cb.c"},
 "log":
 [{"message":
   ".> LEAN_PATH=/Users/worker/unirational/problems/B-conic-bundle-multisections/.lake/packages/Cli/.lake/build/lib/lean:/Users/worker/unirational/problems/B-conic-bundle-multisections/.lake/packages/batteries/.lake/build/lib/lean:/Users/worker/unirational/problems/B-conic-bundle-multisections/.lake/packages/Qq/.lake/build/lib/lean:/Users/worker/unirational/problems/B-conic-bundle-multisections/.lake/packages/aesop/.lake/build/lib/lean:/Users/worker/unirational/problems/B-conic-bundle-multisections/.lake/packages/proofwidgets/.lake/build/lib/lean:/Users/worker/unirational/problems/B-conic-bundle-multisections/.lake/packages/importGraph/.lake/build/lib/lean:/Users/worker/unirational/problems/B-conic-bundle-multisections/.lake/packages/LeanSearchClient/.lake/build/lib/lean:/Users/worker/unirational/problems/B-conic-bundle-multisections/.lake/packages/plausible/.lake/build/lib/lean:/Users/worker/unirational/problems/B-conic-bundle-multisections/.lake/packages/mathlib/.lake/build/lib/lean:/Users/worker/unirational/problems/B-conic-bundle-multisections/.lake/packages/BConicBundleMultisections/problems/B-conic-bundle-multisections/.lake/build/lib/lean:/Users/worker/unirational/problems/E-klein-cubic/v14_formalization/.lake/build/lib/lean /Users/worker/.elan/toolchains/leanprover--lean4---v4.32.1/bin/lean /Users/worker/unirational/problems/E-klein-cubic/v14_formalization/V14Formalization/GeometricCarrier.lean -o /Users/worker/unirational/problems/E-klein-cubic/v14_formalization/.lake/build/lib/lean/V14Formalization/GeometricCarrier.olean -i /Users/worker/unirational/problems/E-klein-cubic/v14_formalization/.lake/build/lib/lean/V14Formalization/GeometricCarrier.ilean -c /Users/worker/unirational/problems/E-klein-cubic/v14_formalization/.lake/build/ir/V14Formalization/GeometricCarrier.c --setup /Users/worker/unirational/problems/E-klein-cubic/v14_formalization/.lake/build/ir/V14Formalization/GeometricCarrier.setup.json --json",
   "level": "trace"},
  {"message":
   "V14Formalization/GeometricCarrier.lean:166:8: try 'simp' instead of 'simpa'\n\nNote: This linter can be disabled with `set_option linter.unnecessarySimpa false`",
   "level": "warning"},
  {"message":
   "V14Formalization/GeometricCarrier.lean:202:22: This simp argument is unused:\n  SpecialLinearGroup.coe_mul\n\nHint: Omit it from the simp argument list.\n  simp [Smat, negI, S̵p̵e̵c̵i̵a̵l̵L̵i̵n̵e̵a̵r̵G̵r̵o̵u̵p̵.̵c̵o̵e̵_̵m̵u̵l̵,̵ ̵Matrix.mul_apply, Fin.sum_univ_two, Matrix.neg_apply]\n\nNote: This linter can be disabled with `set_option linter.unusedSimpArgs false`",
   "level": "warning"},
  {"message":
   "V14Formalization/GeometricCarrier.lean:203:24: This simp argument is unused:\n  Matrix.neg_apply\n\nHint: Omit it from the simp argument list.\n  simp [Smat, negI, SpecialLinearGroup.coe_mul, Matrix.mul_apply, F̵i̵n̵.̵s̵u̵m̵_̵u̵n̵i̵v̵_̵t̵w̵o̵,̵ ̵M̵a̵t̵r̵i̵x̵.̵n̵e̵g̵_̵a̵p̵p̵l̵y̵]̵F̲i̲n̲.̲s̲u̲m̲_̲u̲n̲i̲v̲_̲t̲w̲o̲]̲\n\nNote: This linter can be disabled with `set_option linter.unusedSimpArgs false`",
   "level": "warning"},
  {"message":
   "V14Formalization/GeometricCarrier.lean:209:39: This simp argument is unused:\n  SpecialLinearGroup.coe_mul\n\nHint: Omit it from the simp argument list.\n  simp [Smat, tMat, tLowerMat, negI, S̵p̵e̵c̵i̵a̵l̵L̵i̵n̵e̵a̵r̵G̵r̵o̵u̵p̵.̵c̵o̵e̵_̵m̵u̵l̵,̵\n  ̵ ̵ ̵ ̵ ̵ ̵ ̵Matrix.mul_apply, Fin.sum_univ_two, Matrix.neg_apply]\n\nNote: This linter can be disabled with `set_option linter.unusedSimpArgs false`",
   "level": "warning"},
  {"message":
   "V14Formalization/GeometricCarrier.lean:210:42: This simp argument is unused:\n  Matrix.neg_apply\n\nHint: Omit it from the simp argument list.\n  simp [Smat, tMat, tLowerMat, negI, SpecialLinearGroup.coe_mul, Matrix.mul_apply,\n  ̲  ̲ ̲ ̲ ̲ ̲F̵i̵n̵.̵s̵u̵m̵_̵u̵n̵i̵v̵_̵t̵w̵o̵,̵ ̵M̵a̵t̵r̵i̵x̵.̵n̵e̵g̵_̵a̵p̵p̵l̵y̵]̵F̲i̲n̲.̲s̲u̲m̲_̲u̲n̲i̲v̲_̲t̲w̲o̲]̲\n\nNote: This linter can be disabled with `set_option linter.unusedSimpArgs false`",
   "level": "warning"},
  {"message":
   "V14Formalization/GeometricCarrier.lean:254:35: Try `simp at h10` instead of `simpa using h10`\n\nNote: This linter can be disabled with `set_option linter.unnecessarySimpa false`",
   "level": "warning"},
  {"message":
   "V14Formalization/GeometricCarrier.lean:452:0: 'V14Formalization.GeometricCarrier.orderOf_t' depends on axioms: [propext, Classical.choice, Quot.sound]",
   "level": "info"},
  {"message":
   "V14Formalization/GeometricCarrier.lean:453:0: 'V14Formalization.GeometricCarrier.sigma_no_fixed_coset' depends on axioms: [propext, Classical.choice, Quot.sound]",
   "level": "info"},
  {"message":
   "V14Formalization/GeometricCarrier.lean:454:0: 'V14Formalization.GeometricCarrier.N_no_fixed_coset' depends on axioms: [propext, Classical.choice, Quot.sound]",
   "level": "info"},
  {"message":
   "V14Formalization/GeometricCarrier.lean:455:0: 'V14Formalization.GeometricCarrier.coset_action_faithful' depends on axioms: [propext, Classical.choice, Quot.sound]",
   "level": "info"},
  {"message":
   "V14Formalization/GeometricCarrier.lean:456:0: 'V14Formalization.GeometricCarrier.V14_hypothesisA' depends on axioms: [propext, Classical.choice, Quot.sound]",
   "level": "info"},
  {"message":
   "V14Formalization/GeometricCarrier.lean:457:0: 'V14Formalization.GeometricCarrier.V14_hypothesisB' depends on axioms: [propext, Classical.choice, Quot.sound]",
   "level": "info"}],
 "inputs":
 [["V14Formalization.GeometricCarrier:deps",
   [["deps",
     [["V14Formalization/V14Formalization:extraDep",
       [["@V14Formalization:extraDep", "00000000000006bb"]]],
      ["imports",
       [["V14Formalization.CentralizerD12 transitive imports (legacy)",
         "35f36aeec4f414a6"],
        ["V14Formalization.CentralizerD12:importAllArts", "3fca20c7cd3bf949"],
        ["V14Formalization.Definitions transitive imports (legacy)",
         "e581f45cb09a784d"],
        ["V14Formalization.Definitions:importAllArts", "3e0d28086ab6a3bc"],
        ["Mathlib.GroupTheory.OrderOfElement transitive imports (legacy)",
         "78da6678d9030810"],
        ["Mathlib.GroupTheory.OrderOfElement:importAllArts",
         "27bfc2a202eb67ec"],
        ["Mathlib.GroupTheory.GroupAction.Quotient transitive imports (legacy)",
         "82c8e79709d030d3"],
        ["Mathlib.GroupTheory.GroupAction.Quotient:importAllArts",
         "bbdcc68653dcc7d3"],
        ["Mathlib.GroupTheory.Coset.Card transitive imports (legacy)",
         "65d98033215f7f93"],
        ["Mathlib.GroupTheory.Coset.Card:importAllArts", "245bce64d299b24c"],
        ["Mathlib.Algebra.Group.Subgroup.Finite transitive imports (legacy)",
         "76390176a8805d60"],
        ["Mathlib.Algebra.Group.Subgroup.Finite:importAllArts",
         "474f8b1df6e66a80"],
        ["Mathlib.Data.Fintype.BigOperators transitive imports (legacy)",
         "ed76283e1044b2e5"],
        ["Mathlib.Data.Fintype.BigOperators:importAllArts", "7d3ff9322b7a8d26"],
        ["Mathlib.LinearAlgebra.Projectivization.Basic transitive imports (legacy)",
         "8de74a37cafddbad"],
        ["Mathlib.LinearAlgebra.Projectivization.Basic:importAllArts",
         "ff226dec5548b248"],
        ["Mathlib.LinearAlgebra.FreeModule.Finite.Basic transitive imports (legacy)",
         "1448d2cfa37f954e"],
        ["Mathlib.LinearAlgebra.FreeModule.Finite.Basic:importAllArts",
         "6e96c0044d02d583"],
        ["Mathlib.Algebra.Module.Pi transitive imports (legacy)",
         "7f8496f78107be18"],
        ["Mathlib.Algebra.Module.Pi:importAllArts", "a8cc56d206e43800"],
        ["Mathlib.Data.Int.ModEq transitive imports (legacy)",
         "f1974c125f9de183"],
        ["Mathlib.Data.Int.ModEq:importAllArts", "b72698a389ab07a7"]]]]],
    ["libs",
     [["import dynlibs", "00000000000006bb"],
      ["package external libraries", "00000000000006bb"],
      ["module dynlibs", "00000000000006bb"],
      ["module plugins", "00000000000006bb"]]]]],
  ["Lean 4.32.1, commit f054605aea4b840552cca2e725580bffd1e1b704",
   "4ce1780d8d26fd00"],
  ["/Users/worker/unirational/problems/E-klein-cubic/v14_formalization/V14Formalization/GeometricCarrier.lean",
   "3008fc5460507e76"],
  ["options",
   [["-DrelaxedAutoImplicit=false", "74a2b5546b55be80"],
    ["-Dpp.unicode.fun=true", "9b94070140457fab"]]],
  ["isModule: false", "feefd2a0d3a1847e"],
  ["Module.name: V14Formalization.GeometricCarrier", "2ac5800fa6c520e9"],
  ["Package.id?: (some V14Formalization)", "3206da5f56731469"],
  ["Module.leanArgs: #[]", "00000000000006bb"]],
 "depHash": "2ec9b29a7f5dc9d5"}