{"synthetic": false,
 "schemaVersion": "2025-09-10",
 "outputs":
 {"o": ["ee42786142691a5a.olean"],
  "m": false,
  "i": "b7868a48c54e894c.ilean",
  "c": "763bb2a1a2e2c13f.c"},
 "log":
 [{"message":
   ".> LEAN_PATH=/Users/worker/unirational/problems/B-conic-bundle-multisections/.lake/packages/Cli/.lake/build/lib/lean:/Users/worker/unirational/problems/B-conic-bundle-multisections/.lake/packages/batteries/.lake/build/lib/lean:/Users/worker/unirational/problems/B-conic-bundle-multisections/.lake/packages/Qq/.lake/build/lib/lean:/Users/worker/unirational/problems/B-conic-bundle-multisections/.lake/packages/aesop/.lake/build/lib/lean:/Users/worker/unirational/problems/B-conic-bundle-multisections/.lake/packages/proofwidgets/.lake/build/lib/lean:/Users/worker/unirational/problems/B-conic-bundle-multisections/.lake/packages/importGraph/.lake/build/lib/lean:/Users/worker/unirational/problems/B-conic-bundle-multisections/.lake/packages/LeanSearchClient/.lake/build/lib/lean:/Users/worker/unirational/problems/B-conic-bundle-multisections/.lake/packages/plausible/.lake/build/lib/lean:/Users/worker/unirational/problems/B-conic-bundle-multisections/.lake/packages/mathlib/.lake/build/lib/lean:/Users/worker/unirational/problems/E-klein-cubic/v14_formalization/.lake/build/lib/lean /Users/worker/.elan/toolchains/leanprover--lean4---v4.32.1/bin/lean /Users/worker/unirational/problems/E-klein-cubic/v14_formalization/V14Formalization/GeometricFanoV14.lean -o /Users/worker/unirational/problems/E-klein-cubic/v14_formalization/.lake/build/lib/lean/V14Formalization/GeometricFanoV14.olean -i /Users/worker/unirational/problems/E-klein-cubic/v14_formalization/.lake/build/lib/lean/V14Formalization/GeometricFanoV14.ilean -c /Users/worker/unirational/problems/E-klein-cubic/v14_formalization/.lake/build/ir/V14Formalization/GeometricFanoV14.c --setup /Users/worker/unirational/problems/E-klein-cubic/v14_formalization/.lake/build/ir/V14Formalization/GeometricFanoV14.setup.json --json",
   "level": "trace"}],
 "inputs":
 [["V14Formalization.GeometricFanoV14:deps",
   [["deps",
     [["V14Formalization/V14Formalization:extraDep",
       [["@V14Formalization:extraDep", "00000000000006bb"]]],
      ["imports",
       [["V14Formalization.WeilRep transitive imports (legacy)",
         "43b8ef197e6c3176"],
        ["V14Formalization.WeilRep:importAllArts", "d70e57efb3d74fe6"],
        ["V14Formalization.Definitions transitive imports (legacy)",
         "e581f45cb09a784d"],
        ["V14Formalization.Definitions:importAllArts", "3cfb4b46629fcff3"],
        ["V14Formalization.GeometricV14 transitive imports (legacy)",
         "2c97170022dca8e0"],
        ["V14Formalization.GeometricV14:importAllArts", "57d5af060390e5b7"],
        ["Mathlib.LinearAlgebra.Dimension.Finrank transitive imports (legacy)",
         "7b90367c76da02e8"],
        ["Mathlib.LinearAlgebra.Dimension.Finrank:importAllArts",
         "207e12c984a30788"],
        ["Mathlib.LinearAlgebra.Projectivization.Basic transitive imports (legacy)",
         "8de74a37cafddbad"],
        ["Mathlib.LinearAlgebra.Projectivization.Basic:importAllArts",
         "ff226dec5548b248"]]]]],
    ["libs",
     [["import dynlibs", "00000000000006bb"],
      ["package external libraries", "00000000000006bb"],
      ["module dynlibs", "00000000000006bb"],
      ["module plugins", "00000000000006bb"]]]]],
  ["Lean 4.32.1, commit f054605aea4b840552cca2e725580bffd1e1b704",
   "4ce1780d8d26fd00"],
  ["/Users/worker/unirational/problems/E-klein-cubic/v14_formalization/V14Formalization/GeometricFanoV14.lean",
   "eb10c47925a876a6"],
  ["options",
   [["-DrelaxedAutoImplicit=false", "74a2b5546b55be80"],
    ["-Dpp.unicode.fun=true", "9b94070140457fab"]]],
  ["isModule: false", "feefd2a0d3a1847e"],
  ["Module.name: V14Formalization.GeometricFanoV14", "9e6303faa42265cb"],
  ["Package.id?: (some V14Formalization)", "3206da5f56731469"],
  ["Module.leanArgs: #[]", "00000000000006bb"]],
 "depHash": "69fde76865d8c660"}