{"synthetic": false,
 "schemaVersion": "2025-09-10",
 "outputs":
 {"o": ["c90575227606ac6f.olean"],
  "m": false,
  "i": "0c78fcd1c35729be.ilean",
  "c": "b4c767b7a6289a15.c"},
 "log":
 [{"message":
   ".> LEAN_PATH=/Users/worker/unirational/problems/B-conic-bundle-multisections/.lake/packages/Cli/.lake/build/lib/lean:/Users/worker/unirational/problems/B-conic-bundle-multisections/.lake/packages/batteries/.lake/build/lib/lean:/Users/worker/unirational/problems/B-conic-bundle-multisections/.lake/packages/Qq/.lake/build/lib/lean:/Users/worker/unirational/problems/B-conic-bundle-multisections/.lake/packages/aesop/.lake/build/lib/lean:/Users/worker/unirational/problems/B-conic-bundle-multisections/.lake/packages/proofwidgets/.lake/build/lib/lean:/Users/worker/unirational/problems/B-conic-bundle-multisections/.lake/packages/importGraph/.lake/build/lib/lean:/Users/worker/unirational/problems/B-conic-bundle-multisections/.lake/packages/LeanSearchClient/.lake/build/lib/lean:/Users/worker/unirational/problems/B-conic-bundle-multisections/.lake/packages/plausible/.lake/build/lib/lean:/Users/worker/unirational/problems/B-conic-bundle-multisections/.lake/packages/mathlib/.lake/build/lib/lean:/Users/worker/unirational/problems/B-conic-bundle-multisections/.lake/packages/BConicBundleMultisections/problems/B-conic-bundle-multisections/.lake/build/lib/lean:/Users/worker/unirational/problems/E-klein-cubic/v14_formalization/.lake/build/lib/lean /Users/worker/.elan/toolchains/leanprover--lean4---v4.32.1/bin/lean /Users/worker/unirational/problems/E-klein-cubic/v14_formalization/V14Formalization/GeometricFanoCarrier.lean -o /Users/worker/unirational/problems/E-klein-cubic/v14_formalization/.lake/build/lib/lean/V14Formalization/GeometricFanoCarrier.olean -i /Users/worker/unirational/problems/E-klein-cubic/v14_formalization/.lake/build/lib/lean/V14Formalization/GeometricFanoCarrier.ilean -c /Users/worker/unirational/problems/E-klein-cubic/v14_formalization/.lake/build/ir/V14Formalization/GeometricFanoCarrier.c --setup /Users/worker/unirational/problems/E-klein-cubic/v14_formalization/.lake/build/ir/V14Formalization/GeometricFanoCarrier.setup.json --json",
   "level": "trace"},
  {"message":
   "V14Formalization/GeometricFanoCarrier.lean:237:12: This simp argument is unused:\n  Finset.prod_const\n\nHint: Omit it from the simp argument list.\n  simp [̵F̵i̵n̵s̵e̵t̵.̵p̵r̵o̵d̵_̵c̵o̵n̵s̵t̵,̵ ̵F̵i̵n̵t̵y̵p̵e̵.̵c̵a̵r̵d̵_̵f̵i̵n̵]̵[̲F̲i̲n̲t̲y̲p̲e̲.̲c̲a̲r̲d̲_̲f̲i̲n̲]̲\n\nNote: This linter can be disabled with `set_option linter.unusedSimpArgs false`",
   "level": "warning"},
  {"message":
   "V14Formalization/GeometricFanoCarrier.lean:237:31: This simp argument is unused:\n  Fintype.card_fin\n\nHint: Omit it from the simp argument list.\n  simp [Finset.prod_const,̵ ̵F̵i̵n̵t̵y̵p̵e̵.̵c̵a̵r̵d̵_̵f̵i̵n̵]\n\nNote: This linter can be disabled with `set_option linter.unusedSimpArgs false`",
   "level": "warning"},
  {"message":
   "V14Formalization/GeometricFanoCarrier.lean:470:31: This simp argument is unused:\n  WeilRep.ψ_zero\n\nHint: Omit it from the simp argument list.\n  simp [hx0, WeilRep.twoInv,̵ ̵W̵e̵i̵l̵R̵e̵p̵.̵ψ̵_̵z̵e̵r̵o̵]\n\nNote: This linter can be disabled with `set_option linter.unusedSimpArgs false`",
   "level": "warning"},
  {"message":
   "V14Formalization/GeometricFanoCarrier.lean:551:38: This simp argument is unused:\n  SpecialLinearGroup.coe_mul\n\nHint: Omit it from the simp argument list.\n  simp [WeilRep.Smat, WeilRep.Tmat, S̵p̵e̵c̵i̵a̵l̵L̵i̵n̵e̵a̵r̵G̵r̵o̵u̵p̵.̵c̵o̵e̵_̵m̵u̵l̵,̵\n  ̵ ̵ ̵ ̵ ̵ ̵ ̵Matrix.mul_apply, Fin.sum_univ_two]\n\nNote: This linter can be disabled with `set_option linter.unusedSimpArgs false`",
   "level": "warning"},
  {"message":
   "V14Formalization/GeometricFanoCarrier.lean:557:38: This simp argument is unused:\n  SpecialLinearGroup.coe_mul\n\nHint: Omit it from the simp argument list.\n  simp [WeilRep.Smat, WeilRep.Tmat, S̵p̵e̵c̵i̵a̵l̵L̵i̵n̵e̵a̵r̵G̵r̵o̵u̵p̵.̵c̵o̵e̵_̵m̵u̵l̵,̵\n  ̵ ̵ ̵ ̵ ̵ ̵ ̵Matrix.mul_apply, Fin.sum_univ_two]\n\nNote: This linter can be disabled with `set_option linter.unusedSimpArgs false`",
   "level": "warning"},
  {"message":
   "V14Formalization/GeometricFanoCarrier.lean:591:14: This simp argument is unused:\n  SpecialLinearGroup.coe_mul\n\nHint: Omit it from the simp argument list.\n  simp [̵S̵p̵e̵c̵i̵a̵l̵L̵i̵n̵e̵a̵r̵G̵r̵o̵u̵p̵.̵c̵o̵e̵_̵m̵u̵l̵,̵ ̵m̵u̵l̵_̵a̵s̵s̵o̵c̵,̵[̲m̲u̲l̲_̲a̲s̲s̲o̲c̲,̲ inv_mul_cancel]\n\nNote: This linter can be disabled with `set_option linter.unusedSimpArgs false`",
   "level": "warning"},
  {"message":
   "V14Formalization/GeometricFanoCarrier.lean:596:58: This simp argument is unused:\n  SpecialLinearGroup.coe_mul\n\nHint: Omit it from the simp argument list.\n  simp ̵[̵S̵p̵e̵c̵i̵a̵l̵L̵i̵n̵e̵a̵r̵G̵r̵o̵u̵p̵.̵c̵o̵e̵_̵m̵u̵l̵]̵\n\nNote: This linter can be disabled with `set_option linter.unusedSimpArgs false`",
   "level": "warning"},
  {"message":
   "V14Formalization/GeometricFanoCarrier.lean:603:66: This simp argument is unused:\n  Fin.sum_univ_two\n\nHint: Omit it from the simp argument list.\n  simp [Matrix.mul_apply, Matrix.scalar_apply, Matrix.diagonal,̵ ̵F̵i̵n̵.̵s̵u̵m̵_̵u̵n̵i̵v̵_̵t̵w̵o̵] at h00\n\nNote: This linter can be disabled with `set_option linter.unusedSimpArgs false`",
   "level": "warning"},
  {"message":
   "V14Formalization/GeometricFanoCarrier.lean:636:0: 'V14Formalization.GeometricFanoCarrier.finrank_U' depends on axioms: [propext, Classical.choice, Quot.sound]",
   "level": "info"},
  {"message":
   "V14Formalization/GeometricFanoCarrier.lean:637:0: 'V14Formalization.GeometricFanoCarrier.pslLambda2Hom_injective' depends on axioms: [propext,\n Classical.choice,\n Quot.sound]",
   "level": "info"},
  {"message":
   "V14Formalization/GeometricFanoCarrier.lean:638:0: 'V14Formalization.GeometricFanoCarrier.ambientProjectiveVariety' depends on axioms: [propext,\n Classical.choice,\n Quot.sound]",
   "level": "info"}],
 "inputs":
 [["V14Formalization.GeometricFanoCarrier:deps",
   [["deps",
     [["V14Formalization/V14Formalization:extraDep",
       [["@V14Formalization:extraDep", "00000000000006bb"]]],
      ["imports",
       [["V14Formalization.WeilHom transitive imports (legacy)",
         "64ab37ae7bdfa723"],
        ["V14Formalization.WeilHom:importAllArts", "e30a18bf689f9a1d"],
        ["V14Formalization.Definitions transitive imports (legacy)",
         "e581f45cb09a784d"],
        ["V14Formalization.Definitions:importAllArts", "3e0d28086ab6a3bc"],
        ["Mathlib.LinearAlgebra.ExteriorPower.Basic transitive imports (legacy)",
         "429f198f9302247d"],
        ["Mathlib.LinearAlgebra.ExteriorPower.Basic:importAllArts",
         "0238018f7575d74a"],
        ["Mathlib.LinearAlgebra.ExteriorPower.Basis transitive imports (legacy)",
         "924923b1c3da7840"],
        ["Mathlib.LinearAlgebra.ExteriorPower.Basis:importAllArts",
         "d97716af2211fde5"],
        ["Mathlib.LinearAlgebra.Dimension.Finrank transitive imports (legacy)",
         "7b90367c76da02e8"],
        ["Mathlib.LinearAlgebra.Dimension.Finrank:importAllArts",
         "207e12c984a30788"],
        ["Mathlib.LinearAlgebra.Dimension.StrongRankCondition transitive imports (legacy)",
         "2eb2f85af6263e5d"],
        ["Mathlib.LinearAlgebra.Dimension.StrongRankCondition:importAllArts",
         "ba2c00836119c57a"],
        ["Mathlib.LinearAlgebra.FreeModule.Finite.Basic transitive imports (legacy)",
         "1448d2cfa37f954e"],
        ["Mathlib.LinearAlgebra.FreeModule.Finite.Basic:importAllArts",
         "6e96c0044d02d583"],
        ["Mathlib.LinearAlgebra.Basis.VectorSpace transitive imports (legacy)",
         "dba5cf0fc75642f1"],
        ["Mathlib.LinearAlgebra.Basis.VectorSpace:importAllArts",
         "16aff45f329ad4b6"],
        ["Mathlib.LinearAlgebra.Projectivization.Basic transitive imports (legacy)",
         "8de74a37cafddbad"],
        ["Mathlib.LinearAlgebra.Projectivization.Basic:importAllArts",
         "ff226dec5548b248"],
        ["Mathlib.LinearAlgebra.Projectivization.PSL.PSL2 transitive imports (legacy)",
         "1c226f3c65da3183"],
        ["Mathlib.LinearAlgebra.Projectivization.PSL.PSL2:importAllArts",
         "463dfb98d688d451"],
        ["Mathlib.LinearAlgebra.Center transitive imports (legacy)",
         "8c5b0bf3a93e5065"],
        ["Mathlib.LinearAlgebra.Center:importAllArts", "bc524ed38f8fc39f"],
        ["Mathlib.GroupTheory.QuotientGroup.Basic transitive imports (legacy)",
         "891906e91f4132e7"],
        ["Mathlib.GroupTheory.QuotientGroup.Basic:importAllArts",
         "01ba1e28fbe14dd6"],
        ["Mathlib.GroupTheory.Subgroup.Center transitive imports (legacy)",
         "f26dee0da8320283"],
        ["Mathlib.GroupTheory.Subgroup.Center:importAllArts",
         "86ac29a17f847cdf"],
        ["Mathlib.GroupTheory.Subgroup.Simple transitive imports (legacy)",
         "8c9863a62b681a59"],
        ["Mathlib.GroupTheory.Subgroup.Simple:importAllArts",
         "4330d25b33c2c056"],
        ["Mathlib.LinearAlgebra.Matrix.Determinant.Basic transitive imports (legacy)",
         "d05d0716f713c43e"],
        ["Mathlib.LinearAlgebra.Matrix.Determinant.Basic:importAllArts",
         "775c78a530979926"],
        ["Mathlib.Data.Matrix.Basic transitive imports (legacy)",
         "6bc503ecbe1cbeeb"],
        ["Mathlib.Data.Matrix.Basic:importAllArts", "208075e713ce5328"],
        ["Mathlib.NumberTheory.LegendreSymbol.AddCharacter transitive imports (legacy)",
         "90e029e36a28fa2c"],
        ["Mathlib.NumberTheory.LegendreSymbol.AddCharacter:importAllArts",
         "1dca55c3d2f022e3"],
        ["Mathlib.Data.Set.PowersetCard transitive imports (legacy)",
         "fb8faa2f44de6d78"],
        ["Mathlib.Data.Set.PowersetCard:importAllArts", "c98b89c23973e712"],
        ["Mathlib.Order.Hom.PowersetCard transitive imports (legacy)",
         "457e7d42ad73b8c3"],
        ["Mathlib.Order.Hom.PowersetCard:importAllArts", "43907b6320a88c95"],
        ["Mathlib.Data.Finset.Sort transitive imports (legacy)",
         "bfef910a99adb8ed"],
        ["Mathlib.Data.Finset.Sort:importAllArts", "5c35c561f7f6dc81"],
        ["Mathlib.Tactic.FinCases transitive imports (legacy)",
         "1f2d00a601309115"],
        ["Mathlib.Tactic.FinCases:importAllArts", "833fddf333b86ec3"]]]]],
    ["libs",
     [["import dynlibs", "00000000000006bb"],
      ["package external libraries", "00000000000006bb"],
      ["module dynlibs", "00000000000006bb"],
      ["module plugins", "00000000000006bb"]]]]],
  ["Lean 4.32.1, commit f054605aea4b840552cca2e725580bffd1e1b704",
   "4ce1780d8d26fd00"],
  ["/Users/worker/unirational/problems/E-klein-cubic/v14_formalization/V14Formalization/GeometricFanoCarrier.lean",
   "e8b863278ee35a3c"],
  ["options",
   [["-DrelaxedAutoImplicit=false", "74a2b5546b55be80"],
    ["-Dpp.unicode.fun=true", "9b94070140457fab"]]],
  ["isModule: false", "feefd2a0d3a1847e"],
  ["Module.name: V14Formalization.GeometricFanoCarrier", "8034cb9443671abf"],
  ["Package.id?: (some V14Formalization)", "3206da5f56731469"],
  ["Module.leanArgs: #[]", "00000000000006bb"]],
 "depHash": "65e3926d8e17a075"}