{"synthetic": false,
 "schemaVersion": "2025-09-10",
 "outputs":
 {"o": ["10288760ca01c793.olean"],
  "m": false,
  "i": "f1bb39a99c299a2d.ilean",
  "c": "c0992885600f11f7.c"},
 "log":
 [{"message":
   ".> LEAN_PATH=/Users/worker/unirational/problems/B-conic-bundle-multisections/.lake/packages/Cli/.lake/build/lib/lean:/Users/worker/unirational/problems/B-conic-bundle-multisections/.lake/packages/batteries/.lake/build/lib/lean:/Users/worker/unirational/problems/B-conic-bundle-multisections/.lake/packages/Qq/.lake/build/lib/lean:/Users/worker/unirational/problems/B-conic-bundle-multisections/.lake/packages/aesop/.lake/build/lib/lean:/Users/worker/unirational/problems/B-conic-bundle-multisections/.lake/packages/proofwidgets/.lake/build/lib/lean:/Users/worker/unirational/problems/B-conic-bundle-multisections/.lake/packages/importGraph/.lake/build/lib/lean:/Users/worker/unirational/problems/B-conic-bundle-multisections/.lake/packages/LeanSearchClient/.lake/build/lib/lean:/Users/worker/unirational/problems/B-conic-bundle-multisections/.lake/packages/plausible/.lake/build/lib/lean:/Users/worker/unirational/problems/B-conic-bundle-multisections/.lake/packages/mathlib/.lake/build/lib/lean:/Users/worker/unirational/problems/E-klein-cubic/v14_formalization/.lake/build/lib/lean /Users/worker/.elan/toolchains/leanprover--lean4---v4.32.1/bin/lean /Users/worker/unirational/problems/E-klein-cubic/v14_formalization/V14Formalization/Ord11CharacterSum.lean -o /Users/worker/unirational/problems/E-klein-cubic/v14_formalization/.lake/build/lib/lean/V14Formalization/Ord11CharacterSum.olean -i /Users/worker/unirational/problems/E-klein-cubic/v14_formalization/.lake/build/lib/lean/V14Formalization/Ord11CharacterSum.ilean -c /Users/worker/unirational/problems/E-klein-cubic/v14_formalization/.lake/build/ir/V14Formalization/Ord11CharacterSum.c --setup /Users/worker/unirational/problems/E-klein-cubic/v14_formalization/.lake/build/ir/V14Formalization/Ord11CharacterSum.setup.json --json",
   "level": "trace"},
  {"message":
   "V14Formalization/Ord11CharacterSum.lean:179:46: This simp argument is unused:\n  ψ_zero\n\nHint: Omit it from the simp argument list.\n  simp [zero_pow (by decide : (2 : ℕ) ≠ 0),̵ ̵ψ̵_̵z̵e̵r̵o̵]\n\nNote: This linter can be disabled with `set_option linter.unusedSimpArgs false`",
   "level": "warning"},
  {"message":
   "V14Formalization/Ord11CharacterSum.lean:198:54: This simp argument is unused:\n  ψ_zero\n\nHint: Omit it from the simp argument list.\n  simp [zero_pow (by decide : (2 : ℕ) ≠ 0), mul_zero,̵ ̵ψ̵_̵z̵e̵r̵o̵]\n\nNote: This linter can be disabled with `set_option linter.unusedSimpArgs false`",
   "level": "warning"},
  {"message":
   "V14Formalization/Ord11CharacterSum.lean:409:24: Used `tac1 <;> tac2` where `(tac1; tac2)` would suffice\n\nNote: This linter can be disabled with `set_option linter.unnecessarySeqFocus false`",
   "level": "warning"},
  {"message":
   "V14Formalization/Ord11CharacterSum.lean:1021:0: 'V14Formalization.Ord11CharacterSum.sum_chi_chiLambda2_order_eleven' depends on axioms: [propext,\n Classical.choice,\n Quot.sound,\n PSLCard.slCardOrder_eleven._native.native_decide.ax_1_1,\n PSLCard.slCardOrder_zero._native.native_decide.ax_1_1,\n card_sylow11._native.native_decide.ax_1_1]",
   "level": "info"},
  {"message":
   "V14Formalization/Ord11CharacterSum.lean:1022:0: 'V14Formalization.Ord11CharacterSum.sum_chi_chiLambda2_eq_sixsixty' depends on axioms: [propext,\n Classical.choice,\n Quot.sound,\n PSLCard.slCardOrder_eleven._native.native_decide.ax_1_1,\n PSLCard.slCardOrder_six._native.native_decide.ax_1_1,\n PSLCard.slCardOrder_three._native.native_decide.ax_1_1,\n PSLCard.slCardOrder_two._native.native_decide.ax_1_1,\n PSLCard.slCardOrder_zero._native.native_decide.ax_1_1,\n V14Formalization.GeometricV14Carrier.card_sylow3._native.native_decide.ax_1_1✝,\n card_sylow11._native.native_decide.ax_1_1]",
   "level": "info"},
  {"message":
   "V14Formalization/Ord11CharacterSum.lean:1023:0: 'V14Formalization.Ord11CharacterSum.finrank_Msub_eq_ten' depends on axioms: [propext,\n Classical.choice,\n Quot.sound,\n PSLCard.conv4FailCount_eq_zero._native.native_decide.ax_1_1,\n PSLCard.slCardOrder_eleven._native.native_decide.ax_1_1,\n PSLCard.slCardOrder_six._native.native_decide.ax_1_1,\n PSLCard.slCardOrder_three._native.native_decide.ax_1_1,\n PSLCard.slCardOrder_two._native.native_decide.ax_1_1,\n PSLCard.slCardOrder_zero._native.native_decide.ax_1_1,\n V14Formalization.GeometricV14Carrier.card_sylow3._native.native_decide.ax_1_1✝,\n card_sylow11._native.native_decide.ax_1_1]",
   "level": "info"}],
 "inputs":
 [["V14Formalization.Ord11CharacterSum:deps",
   [["deps",
     [["V14Formalization/V14Formalization:extraDep",
       [["@V14Formalization:extraDep", "00000000000006bb"]]],
      ["imports",
       [["V14Formalization.GeometricV14Carrier transitive imports (legacy)",
         "880cd04da137292a"],
        ["V14Formalization.GeometricV14Carrier:importAllArts",
         "f0c062c087b7624a"],
        ["V14Formalization.PSLCard transitive imports (legacy)",
         "36b33137cb2d6b88"],
        ["V14Formalization.PSLCard:importAllArts", "531ade7327bc51c6"],
        ["Mathlib.GroupTheory.Sylow transitive imports (legacy)",
         "ccc4b7d44cdd850e"],
        ["Mathlib.GroupTheory.Sylow:importAllArts", "1c9a5cf40e31d0b8"],
        ["Mathlib.GroupTheory.PGroup transitive imports (legacy)",
         "01e91d69c2b41847"],
        ["Mathlib.GroupTheory.PGroup:importAllArts", "3fb21b7ecc99efbd"],
        ["Mathlib.GroupTheory.Index transitive imports (legacy)",
         "fb244ef29a2a1315"],
        ["Mathlib.GroupTheory.Index:importAllArts", "7b89fa5ad34608e8"],
        ["Mathlib.Data.Nat.Factorization.Basic transitive imports (legacy)",
         "0b7c3c781e876899"],
        ["Mathlib.Data.Nat.Factorization.Basic:importAllArts",
         "65d32514451acd27"],
        ["Mathlib.LinearAlgebra.Trace transitive imports (legacy)",
         "a1011f5230884bf1"],
        ["Mathlib.LinearAlgebra.Trace:importAllArts", "2b2bcd47695c4586"],
        ["Mathlib.LinearAlgebra.Dimension.Finite transitive imports (legacy)",
         "224d6eebe0cc1104"],
        ["Mathlib.LinearAlgebra.Dimension.Finite:importAllArts",
         "3cf4ecec90da16f6"],
        ["Mathlib.LinearAlgebra.FiniteDimensional.Lemmas transitive imports (legacy)",
         "25616bcdd6e0e94e"],
        ["Mathlib.LinearAlgebra.FiniteDimensional.Lemmas:importAllArts",
         "fa3ede4c1d04aabe"],
        ["Mathlib.LinearAlgebra.Matrix.ToLin transitive imports (legacy)",
         "8e2dd0bea20b9bbc"],
        ["Mathlib.LinearAlgebra.Matrix.ToLin:importAllArts",
         "2c901a125104d248"],
        ["Mathlib.LinearAlgebra.Matrix.Diagonal transitive imports (legacy)",
         "4e386c5069b49945"],
        ["Mathlib.LinearAlgebra.Matrix.Diagonal:importAllArts",
         "5d4f8388cae692b8"],
        ["Mathlib.Data.Matrix.Mul transitive imports (legacy)",
         "697b8f843ecfc16a"],
        ["Mathlib.Data.Matrix.Mul:importAllArts", "790b0b968029480b"],
        ["Mathlib.Tactic.Abel transitive imports (legacy)", "5309ed8ed4863b3c"],
        ["Mathlib.Tactic.Abel:importAllArts", "62545731014dae17"]]]]],
    ["libs",
     [["import dynlibs", "00000000000006bb"],
      ["package external libraries", "00000000000006bb"],
      ["module dynlibs", "00000000000006bb"],
      ["module plugins", "00000000000006bb"]]]]],
  ["Lean 4.32.1, commit f054605aea4b840552cca2e725580bffd1e1b704",
   "4ce1780d8d26fd00"],
  ["/Users/worker/unirational/problems/E-klein-cubic/v14_formalization/V14Formalization/Ord11CharacterSum.lean",
   "e515ad2dac67771f"],
  ["options",
   [["-DrelaxedAutoImplicit=false", "74a2b5546b55be80"],
    ["-Dpp.unicode.fun=true", "9b94070140457fab"]]],
  ["isModule: false", "feefd2a0d3a1847e"],
  ["Module.name: V14Formalization.Ord11CharacterSum", "75821ab8ee1280be"],
  ["Package.id?: (some V14Formalization)", "3206da5f56731469"],
  ["Module.leanArgs: #[]", "00000000000006bb"]],
 "depHash": "a8362c80be7c7fab"}