{"synthetic": false,
 "schemaVersion": "2025-09-10",
 "outputs":
 {"o": ["8bce40e66aba7581.olean"],
  "m": false,
  "i": "bc70050b2722a5a0.ilean",
  "c": "441d51caaa3e2680.c"},
 "log":
 [{"message":
   ".> LEAN_PATH=/Users/worker/unirational/problems/B-conic-bundle-multisections/.lake/packages/Cli/.lake/build/lib/lean:/Users/worker/unirational/problems/B-conic-bundle-multisections/.lake/packages/batteries/.lake/build/lib/lean:/Users/worker/unirational/problems/B-conic-bundle-multisections/.lake/packages/Qq/.lake/build/lib/lean:/Users/worker/unirational/problems/B-conic-bundle-multisections/.lake/packages/aesop/.lake/build/lib/lean:/Users/worker/unirational/problems/B-conic-bundle-multisections/.lake/packages/proofwidgets/.lake/build/lib/lean:/Users/worker/unirational/problems/B-conic-bundle-multisections/.lake/packages/importGraph/.lake/build/lib/lean:/Users/worker/unirational/problems/B-conic-bundle-multisections/.lake/packages/LeanSearchClient/.lake/build/lib/lean:/Users/worker/unirational/problems/B-conic-bundle-multisections/.lake/packages/plausible/.lake/build/lib/lean:/Users/worker/unirational/problems/B-conic-bundle-multisections/.lake/packages/mathlib/.lake/build/lib/lean:/Users/worker/unirational/problems/E-klein-cubic/v14_formalization/.lake/build/lib/lean /Users/worker/.elan/toolchains/leanprover--lean4---v4.32.1/bin/lean /Users/worker/unirational/problems/E-klein-cubic/v14_formalization/V14Formalization/probe_cyc.lean -o /Users/worker/unirational/problems/E-klein-cubic/v14_formalization/.lake/build/lib/lean/V14Formalization/probe_cyc.olean -i /Users/worker/unirational/problems/E-klein-cubic/v14_formalization/.lake/build/lib/lean/V14Formalization/probe_cyc.ilean -c /Users/worker/unirational/problems/E-klein-cubic/v14_formalization/.lake/build/ir/V14Formalization/probe_cyc.c --setup /Users/worker/unirational/problems/E-klein-cubic/v14_formalization/.lake/build/ir/V14Formalization/probe_cyc.setup.json --json",
   "level": "trace"},
  {"message":
   "V14Formalization/probe_cyc.lean:33:0: 'Φ11_irreducible' depends on axioms: [propext, Classical.choice, Quot.sound]",
   "level": "info"},
  {"message":
   "V14Formalization/probe_cyc.lean:34:0: 'ζ_pow_eleven' depends on axioms: [propext, Classical.choice, Quot.sound]",
   "level": "info"},
  {"message":
   "V14Formalization/probe_cyc.lean:35:0: 'aeval_ζ_Φ11' depends on axioms: [propext, Classical.choice, Quot.sound]",
   "level": "info"}],
 "inputs":
 [["V14Formalization.probe_cyc:deps",
   [["deps",
     [["V14Formalization/V14Formalization:extraDep",
       [["@V14Formalization:extraDep", "00000000000006bb"]]],
      ["imports",
       [["Mathlib.RingTheory.Polynomial.Cyclotomic.Basic transitive imports (legacy)",
         "4d7450417e03089c"],
        ["Mathlib.RingTheory.Polynomial.Cyclotomic.Basic:importAllArts",
         "c956cef120b03475"],
        ["Mathlib.RingTheory.Polynomial.Cyclotomic.Roots transitive imports (legacy)",
         "25155e7ce163d6db"],
        ["Mathlib.RingTheory.Polynomial.Cyclotomic.Roots:importAllArts",
         "7fe1188ac704f1d5"],
        ["Mathlib.RingTheory.AdjoinRoot transitive imports (legacy)",
         "d95917541e747b75"],
        ["Mathlib.RingTheory.AdjoinRoot:importAllArts", "2d9f8de9ee7a0cf1"]]]]],
    ["libs",
     [["import dynlibs", "00000000000006bb"],
      ["package external libraries", "00000000000006bb"],
      ["module dynlibs", "00000000000006bb"],
      ["module plugins", "00000000000006bb"]]]]],
  ["Lean 4.32.1, commit f054605aea4b840552cca2e725580bffd1e1b704",
   "4ce1780d8d26fd00"],
  ["/Users/worker/unirational/problems/E-klein-cubic/v14_formalization/V14Formalization/probe_cyc.lean",
   "273f1da6d423776b"],
  ["options",
   [["-DrelaxedAutoImplicit=false", "74a2b5546b55be80"],
    ["-Dpp.unicode.fun=true", "9b94070140457fab"]]],
  ["isModule: false", "feefd2a0d3a1847e"],
  ["Module.name: V14Formalization.probe_cyc", "de3cdcb8d274492e"],
  ["Package.id?: (some V14Formalization)", "3206da5f56731469"],
  ["Module.leanArgs: #[]", "00000000000006bb"]],
 "depHash": "a200d4505c03342d"}