{"synthetic": false,
 "schemaVersion": "2025-09-10",
 "outputs":
 {"o": ["fd57327a668628e4.olean"],
  "m": false,
  "i": "edff6357747d2ef3.ilean",
  "c": "cf335b28dcf432e6.c"},
 "log":
 [{"message":
   ".> LEAN_PATH=/Users/worker/unirational/problems/B-conic-bundle-multisections/.lake/packages/Cli/.lake/build/lib/lean:/Users/worker/unirational/problems/B-conic-bundle-multisections/.lake/packages/batteries/.lake/build/lib/lean:/Users/worker/unirational/problems/B-conic-bundle-multisections/.lake/packages/Qq/.lake/build/lib/lean:/Users/worker/unirational/problems/B-conic-bundle-multisections/.lake/packages/aesop/.lake/build/lib/lean:/Users/worker/unirational/problems/B-conic-bundle-multisections/.lake/packages/proofwidgets/.lake/build/lib/lean:/Users/worker/unirational/problems/B-conic-bundle-multisections/.lake/packages/importGraph/.lake/build/lib/lean:/Users/worker/unirational/problems/B-conic-bundle-multisections/.lake/packages/LeanSearchClient/.lake/build/lib/lean:/Users/worker/unirational/problems/B-conic-bundle-multisections/.lake/packages/plausible/.lake/build/lib/lean:/Users/worker/unirational/problems/B-conic-bundle-multisections/.lake/packages/mathlib/.lake/build/lib/lean:/Users/worker/unirational/problems/E-klein-cubic/v14_formalization/.lake/build/lib/lean /Users/worker/.elan/toolchains/leanprover--lean4---v4.32.1/bin/lean /Users/worker/unirational/problems/E-klein-cubic/v14_formalization/V14Formalization/probe_weil1.lean -o /Users/worker/unirational/problems/E-klein-cubic/v14_formalization/.lake/build/lib/lean/V14Formalization/probe_weil1.olean -i /Users/worker/unirational/problems/E-klein-cubic/v14_formalization/.lake/build/lib/lean/V14Formalization/probe_weil1.ilean -c /Users/worker/unirational/problems/E-klein-cubic/v14_formalization/.lake/build/ir/V14Formalization/probe_weil1.c --setup /Users/worker/unirational/problems/E-klein-cubic/v14_formalization/.lake/build/ir/V14Formalization/probe_weil1.setup.json --json",
   "level": "trace"},
  {"message":
   "V14Formalization/probe_weil1.lean:73:0: 'ζ_ne_one' depends on axioms: [propext, Classical.choice, Quot.sound]",
   "level": "info"},
  {"message":
   "V14Formalization/probe_weil1.lean:74:0: 'orderOf_ζ' depends on axioms: [propext, Classical.choice, Quot.sound]",
   "level": "info"},
  {"message":
   "V14Formalization/probe_weil1.lean:75:0: 'ψ_primitive' depends on axioms: [propext, Classical.choice, Quot.sound]",
   "level": "info"}],
 "inputs":
 [["V14Formalization.probe_weil1:deps",
   [["deps",
     [["V14Formalization/V14Formalization:extraDep",
       [["@V14Formalization:extraDep", "00000000000006bb"]]],
      ["imports",
       [["Mathlib.RingTheory.Polynomial.Cyclotomic.Basic transitive imports (legacy)",
         "4d7450417e03089c"],
        ["Mathlib.RingTheory.Polynomial.Cyclotomic.Basic:importAllArts",
         "c956cef120b03475"],
        ["Mathlib.RingTheory.Polynomial.Cyclotomic.Roots transitive imports (legacy)",
         "25155e7ce163d6db"],
        ["Mathlib.RingTheory.Polynomial.Cyclotomic.Roots:importAllArts",
         "7fe1188ac704f1d5"],
        ["Mathlib.RingTheory.AdjoinRoot transitive imports (legacy)",
         "d95917541e747b75"],
        ["Mathlib.RingTheory.AdjoinRoot:importAllArts", "2d9f8de9ee7a0cf1"],
        ["Mathlib.NumberTheory.LegendreSymbol.AddCharacter transitive imports (legacy)",
         "90e029e36a28fa2c"],
        ["Mathlib.NumberTheory.LegendreSymbol.AddCharacter:importAllArts",
         "1dca55c3d2f022e3"],
        ["Mathlib.Data.ZMod.Basic transitive imports (legacy)",
         "32effd9ffc0cf7b9"],
        ["Mathlib.Data.ZMod.Basic:importAllArts", "adcf71e8ca764bf8"],
        ["Mathlib.Algebra.Field.ZMod transitive imports (legacy)",
         "ebb83bec825cec14"],
        ["Mathlib.Algebra.Field.ZMod:importAllArts", "6ec33f975dd5b176"],
        ["Mathlib.Data.Nat.Prime.Basic transitive imports (legacy)",
         "2189487cef0f2e2a"],
        ["Mathlib.Data.Nat.Prime.Basic:importAllArts", "caed38c7ef64da39"],
        ["Mathlib.FieldTheory.Minpoly.Field transitive imports (legacy)",
         "b620152856ef2779"],
        ["Mathlib.FieldTheory.Minpoly.Field:importAllArts", "21342727893f00bc"],
        ["Mathlib.GroupTheory.OrderOfElement transitive imports (legacy)",
         "78da6678d9030810"],
        ["Mathlib.GroupTheory.OrderOfElement:importAllArts",
         "27bfc2a202eb67ec"]]]]],
    ["libs",
     [["import dynlibs", "00000000000006bb"],
      ["package external libraries", "00000000000006bb"],
      ["module dynlibs", "00000000000006bb"],
      ["module plugins", "00000000000006bb"]]]]],
  ["Lean 4.32.1, commit f054605aea4b840552cca2e725580bffd1e1b704",
   "4ce1780d8d26fd00"],
  ["/Users/worker/unirational/problems/E-klein-cubic/v14_formalization/V14Formalization/probe_weil1.lean",
   "f5f6136bc3f7c862"],
  ["options",
   [["-DrelaxedAutoImplicit=false", "74a2b5546b55be80"],
    ["-Dpp.unicode.fun=true", "9b94070140457fab"]]],
  ["isModule: false", "feefd2a0d3a1847e"],
  ["Module.name: V14Formalization.probe_weil1", "babdd0926b486205"],
  ["Package.id?: (some V14Formalization)", "3206da5f56731469"],
  ["Module.leanArgs: #[]", "00000000000006bb"]],
 "depHash": "641946ca4684773b"}