{"synthetic": false,
 "schemaVersion": "2025-09-10",
 "outputs":
 {"o": ["c9b016a304f2aa6c.olean"],
  "m": false,
  "i": "ec665f3a0784b83b.ilean",
  "c": "de85a04ca81f4f3a.c"},
 "log":
 [{"message":
   ".> LEAN_PATH=/Users/worker/unirational/problems/B-conic-bundle-multisections/.lake/packages/Cli/.lake/build/lib/lean:/Users/worker/unirational/problems/B-conic-bundle-multisections/.lake/packages/batteries/.lake/build/lib/lean:/Users/worker/unirational/problems/B-conic-bundle-multisections/.lake/packages/Qq/.lake/build/lib/lean:/Users/worker/unirational/problems/B-conic-bundle-multisections/.lake/packages/aesop/.lake/build/lib/lean:/Users/worker/unirational/problems/B-conic-bundle-multisections/.lake/packages/proofwidgets/.lake/build/lib/lean:/Users/worker/unirational/problems/B-conic-bundle-multisections/.lake/packages/importGraph/.lake/build/lib/lean:/Users/worker/unirational/problems/B-conic-bundle-multisections/.lake/packages/LeanSearchClient/.lake/build/lib/lean:/Users/worker/unirational/problems/B-conic-bundle-multisections/.lake/packages/plausible/.lake/build/lib/lean:/Users/worker/unirational/problems/B-conic-bundle-multisections/.lake/packages/mathlib/.lake/build/lib/lean:/Users/worker/unirational/problems/E-klein-cubic/v14_formalization/.lake/build/lib/lean /Users/worker/.elan/toolchains/leanprover--lean4---v4.32.1/bin/lean /Users/worker/unirational/problems/E-klein-cubic/v14_formalization/V14Formalization/probe_gauss.lean -o /Users/worker/unirational/problems/E-klein-cubic/v14_formalization/.lake/build/lib/lean/V14Formalization/probe_gauss.olean -i /Users/worker/unirational/problems/E-klein-cubic/v14_formalization/.lake/build/lib/lean/V14Formalization/probe_gauss.ilean -c /Users/worker/unirational/problems/E-klein-cubic/v14_formalization/.lake/build/ir/V14Formalization/probe_gauss.c --setup /Users/worker/unirational/problems/E-klein-cubic/v14_formalization/.lake/build/ir/V14Formalization/probe_gauss.setup.json --json",
   "level": "trace"},
  {"message":
   "V14Formalization/probe_gauss.lean:2:0: gaussSum.{u, v} {R : Type u} [CommRing R] [Fintype R] {R' : Type v} [CommRing R'] (χ : MulChar R R')\n  (ψ : AddChar R R') : R'",
   "level": "info"}],
 "inputs":
 [["V14Formalization.probe_gauss:deps",
   [["deps",
     [["V14Formalization/V14Formalization:extraDep",
       [["@V14Formalization:extraDep", "00000000000006bb"]]],
      ["imports",
       [["Mathlib.NumberTheory.GaussSum transitive imports (legacy)",
         "7321899082cca0e4"],
        ["Mathlib.NumberTheory.GaussSum:importAllArts", "fe60e7b5d8a72dca"]]]]],
    ["libs",
     [["import dynlibs", "00000000000006bb"],
      ["package external libraries", "00000000000006bb"],
      ["module dynlibs", "00000000000006bb"],
      ["module plugins", "00000000000006bb"]]]]],
  ["Lean 4.32.1, commit f054605aea4b840552cca2e725580bffd1e1b704",
   "4ce1780d8d26fd00"],
  ["/Users/worker/unirational/problems/E-klein-cubic/v14_formalization/V14Formalization/probe_gauss.lean",
   "87743fb9d7d643a2"],
  ["options",
   [["-DrelaxedAutoImplicit=false", "74a2b5546b55be80"],
    ["-Dpp.unicode.fun=true", "9b94070140457fab"]]],
  ["isModule: false", "feefd2a0d3a1847e"],
  ["Module.name: V14Formalization.probe_gauss", "27cca11dc55c3a3b"],
  ["Package.id?: (some V14Formalization)", "3206da5f56731469"],
  ["Module.leanArgs: #[]", "00000000000006bb"]],
 "depHash": "cae53f611fe0ffcf"}