{"synthetic": false,
 "schemaVersion": "2025-09-10",
 "outputs":
 {"o": ["a7e922f9ee9555d9.olean"],
  "m": false,
  "i": "be89580bf61e7cd1.ilean",
  "c": "839184f579298bb5.c"},
 "log":
 [{"message":
   ".> LEAN_PATH=/Users/worker/unirational/problems/B-conic-bundle-multisections/.lake/packages/Cli/.lake/build/lib/lean:/Users/worker/unirational/problems/B-conic-bundle-multisections/.lake/packages/batteries/.lake/build/lib/lean:/Users/worker/unirational/problems/B-conic-bundle-multisections/.lake/packages/Qq/.lake/build/lib/lean:/Users/worker/unirational/problems/B-conic-bundle-multisections/.lake/packages/aesop/.lake/build/lib/lean:/Users/worker/unirational/problems/B-conic-bundle-multisections/.lake/packages/proofwidgets/.lake/build/lib/lean:/Users/worker/unirational/problems/B-conic-bundle-multisections/.lake/packages/importGraph/.lake/build/lib/lean:/Users/worker/unirational/problems/B-conic-bundle-multisections/.lake/packages/LeanSearchClient/.lake/build/lib/lean:/Users/worker/unirational/problems/B-conic-bundle-multisections/.lake/packages/plausible/.lake/build/lib/lean:/Users/worker/unirational/problems/B-conic-bundle-multisections/.lake/packages/mathlib/.lake/build/lib/lean:/Users/worker/unirational/problems/E-klein-cubic/v14_formalization/.lake/build/lib/lean /Users/worker/.elan/toolchains/leanprover--lean4---v4.32.1/bin/lean /Users/worker/unirational/problems/E-klein-cubic/v14_formalization/V14Formalization/PSLCard.lean -o /Users/worker/unirational/problems/E-klein-cubic/v14_formalization/.lake/build/lib/lean/V14Formalization/PSLCard.olean -i /Users/worker/unirational/problems/E-klein-cubic/v14_formalization/.lake/build/lib/lean/V14Formalization/PSLCard.ilean -c /Users/worker/unirational/problems/E-klein-cubic/v14_formalization/.lake/build/ir/V14Formalization/PSLCard.c --setup /Users/worker/unirational/problems/E-klein-cubic/v14_formalization/.lake/build/ir/V14Formalization/PSLCard.setup.json --json",
   "level": "trace"},
  {"message":
   "V14Formalization/PSLCard.lean:161:47: This simp argument is unused:\n  Matrix.one_apply\n\nHint: Omit it from the simp argument list.\n  simp [scalar, diagonal, negI, hij,̵ ̵M̵a̵t̵r̵i̵x̵.̵o̵n̵e̵_̵a̵p̵p̵l̵y̵]\n\nNote: This linter can be disabled with `set_option linter.unusedSimpArgs false`",
   "level": "warning"},
  {"message":
   "V14Formalization/PSLCard.lean:162:47: This simp argument is unused:\n  Matrix.one_apply\n\nHint: Omit it from the simp argument list.\n  simp [scalar, diagonal, negI, hij,̵ ̵M̵a̵t̵r̵i̵x̵.̵o̵n̵e̵_̵a̵p̵p̵l̵y̵]\n\nNote: This linter can be disabled with `set_option linter.unusedSimpArgs false`",
   "level": "warning"},
  {"message":
   "V14Formalization/PSLCard.lean:629:20: This simp argument is unused:\n  Matrix.one_apply\n\nHint: Omit it from the simp argument list.\n  simp [toM4, one4,̵ ̵M̵a̵t̵r̵i̵x̵.̵o̵n̵e̵_̵a̵p̵p̵l̵y̵]\n\nNote: This linter can be disabled with `set_option linter.unusedSimpArgs false`",
   "level": "warning"},
  {"message":
   "V14Formalization/PSLCard.lean:632:27: This simp argument is unused:\n  scalar\n\nHint: Omit it from the simp argument list.\n  simp [toM4, negI, negI4, s̵c̵a̵l̵a̵r̵,̵ ̵diagonal, Matrix.one_apply]\n\nNote: This linter can be disabled with `set_option linter.unusedSimpArgs false`",
   "level": "warning"},
  {"message":
   "V14Formalization/PSLCard.lean:632:35: This simp argument is unused:\n  diagonal\n\nHint: Omit it from the simp argument list.\n  simp [toM4, negI, negI4, scalar, d̵i̵a̵g̵o̵n̵a̵l̵,̵ ̵Matrix.one_apply]\n\nNote: This linter can be disabled with `set_option linter.unusedSimpArgs false`",
   "level": "warning"},
  {"message":
   "V14Formalization/PSLCard.lean:632:45: This simp argument is unused:\n  Matrix.one_apply\n\nHint: Omit it from the simp argument list.\n  simp [toM4, negI, negI4, scalar, diagonal,̵ ̵M̵a̵t̵r̵i̵x̵.̵o̵n̵e̵_̵a̵p̵p̵l̵y̵]\n\nNote: This linter can be disabled with `set_option linter.unusedSimpArgs false`",
   "level": "warning"},
  {"message":
   "V14Formalization/PSLCard.lean:801:25: This simp argument is unused:\n  pow_one\n\nHint: Omit it from the simp argument list.\n  simp ̵[̵p̵o̵w̵_̵o̵n̵e̵]̵\n\nNote: This linter can be disabled with `set_option linter.unusedSimpArgs false`",
   "level": "warning"},
  {"message":
   "V14Formalization/PSLCard.lean:845:0: 'V14Formalization.PSLCard.card_PSL2_F11' depends on axioms: [propext, Classical.choice, Quot.sound]",
   "level": "info"},
  {"message":
   "V14Formalization/PSLCard.lean:846:0: 'V14Formalization.PSLCard.orderOf_mk_eq_pslOrd' depends on axioms: [propext,\n Classical.choice,\n Quot.sound,\n slCardOrder_zero._native.native_decide.ax_1_1]",
   "level": "info"},
  {"message":
   "V14Formalization/PSLCard.lean:847:0: 'V14Formalization.PSLCard.slChiSumSq_eq' depends on axioms: [propext,\n Classical.choice,\n Quot.sound,\n slChiSumSq_eq._native.native_decide.ax_1_1]",
   "level": "info"},
  {"message":
   "V14Formalization/PSLCard.lean:848:0: 'V14Formalization.PSLCard.sum_comp_mk' depends on axioms: [propext, Classical.choice, Quot.sound]",
   "level": "info"},
  {"message":
   "V14Formalization/PSLCard.lean:849:0: 'V14Formalization.PSLCard.chi10Int_sum_sq_psl' depends on axioms: [propext,\n Classical.choice,\n Quot.sound,\n slCardOrder_zero._native.native_decide.ax_1_1,\n slChiSumSq_eq._native.native_decide.ax_1_1]",
   "level": "info"},
  {"message":
   "V14Formalization/PSLCard.lean:850:0: 'V14Formalization.PSLCard.card_psl_order_two' depends on axioms: [propext,\n Classical.choice,\n Quot.sound,\n slCardOrder_two._native.native_decide.ax_1_1,\n slCardOrder_zero._native.native_decide.ax_1_1]",
   "level": "info"},
  {"message":
   "V14Formalization/PSLCard.lean:851:0: 'V14Formalization.PSLCard.convAt_eq' depends on axioms: [propext,\n Classical.choice,\n Quot.sound,\n conv4FailCount_eq_zero._native.native_decide.ax_1_1]",
   "level": "info"},
  {"message":
   "V14Formalization/PSLCard.lean:852:0: 'V14Formalization.PSLCard.chi10Int_convolution' depends on axioms: [propext,\n Classical.choice,\n Quot.sound,\n conv4FailCount_eq_zero._native.native_decide.ax_1_1,\n slCardOrder_zero._native.native_decide.ax_1_1]",
   "level": "info"}],
 "inputs":
 [["V14Formalization.PSLCard:deps",
   [["deps",
     [["V14Formalization/V14Formalization:extraDep",
       [["@V14Formalization:extraDep", "00000000000006bb"]]],
      ["imports",
       [["Mathlib.LinearAlgebra.Matrix.GeneralLinearGroup.Card transitive imports (legacy)",
         "b0c4210efecf52cd"],
        ["Mathlib.LinearAlgebra.Matrix.GeneralLinearGroup.Card:importAllArts",
         "beac6311f4a32ae1"],
        ["Mathlib.LinearAlgebra.Matrix.SpecialLinearGroup transitive imports (legacy)",
         "8f62e0bf1d582d08"],
        ["Mathlib.LinearAlgebra.Matrix.SpecialLinearGroup:importAllArts",
         "010c68f331d22e6a"],
        ["Mathlib.LinearAlgebra.Matrix.GeneralLinearGroup.Defs transitive imports (legacy)",
         "49ea5c4ca2823d02"],
        ["Mathlib.LinearAlgebra.Matrix.GeneralLinearGroup.Defs:importAllArts",
         "bab91cce71d8da22"],
        ["Mathlib.LinearAlgebra.Matrix.ProjectiveSpecialLinearGroup transitive imports (legacy)",
         "b06796c85864f57a"],
        ["Mathlib.LinearAlgebra.Matrix.ProjectiveSpecialLinearGroup:importAllArts",
         "e77906710f3eef49"],
        ["Mathlib.Data.ZMod.Basic transitive imports (legacy)",
         "32effd9ffc0cf7b9"],
        ["Mathlib.Data.ZMod.Basic:importAllArts", "adcf71e8ca764bf8"],
        ["Mathlib.Algebra.Field.ZMod transitive imports (legacy)",
         "ebb83bec825cec14"],
        ["Mathlib.Algebra.Field.ZMod:importAllArts", "6ec33f975dd5b176"],
        ["Mathlib.Data.Fintype.Card transitive imports (legacy)",
         "8efa3beea927ab70"],
        ["Mathlib.Data.Fintype.Card:importAllArts", "1665615635060b71"],
        ["Mathlib.GroupTheory.Index transitive imports (legacy)",
         "fb244ef29a2a1315"],
        ["Mathlib.GroupTheory.Index:importAllArts", "7b89fa5ad34608e8"],
        ["Mathlib.Algebra.Group.Subgroup.Finite transitive imports (legacy)",
         "76390176a8805d60"],
        ["Mathlib.Algebra.Group.Subgroup.Finite:importAllArts",
         "474f8b1df6e66a80"],
        ["Mathlib.GroupTheory.SpecificGroups.Cyclic transitive imports (legacy)",
         "284845a9e07bb34b"],
        ["Mathlib.GroupTheory.SpecificGroups.Cyclic:importAllArts",
         "2e14f58c7acb026b"],
        ["Mathlib.GroupTheory.OrderOfElement transitive imports (legacy)",
         "78da6678d9030810"],
        ["Mathlib.GroupTheory.OrderOfElement:importAllArts",
         "27bfc2a202eb67ec"],
        ["Mathlib.RingTheory.RootsOfUnity.Basic transitive imports (legacy)",
         "9dbae1adb1b520f4"],
        ["Mathlib.RingTheory.RootsOfUnity.Basic:importAllArts",
         "140a247136a97669"],
        ["Mathlib.Algebra.BigOperators.Group.Finset.Basic transitive imports (legacy)",
         "5a8299dc4847fd83"],
        ["Mathlib.Algebra.BigOperators.Group.Finset.Basic:importAllArts",
         "a250b81ba25cb4c3"],
        ["Mathlib.Data.Int.Basic transitive imports (legacy)",
         "a0c97c2e1ec427ad"],
        ["Mathlib.Data.Int.Basic:importAllArts", "6734c9adda590a32"],
        ["Mathlib.Data.Fintype.Sigma transitive imports (legacy)",
         "5e732ef17c0e8774"],
        ["Mathlib.Data.Fintype.Sigma:importAllArts", "0952b68cc51f5b44"],
        ["Mathlib.LinearAlgebra.Matrix.Adjugate transitive imports (legacy)",
         "2ca1c8a34425ece1"],
        ["Mathlib.LinearAlgebra.Matrix.Adjugate:importAllArts",
         "94cc48af2e620a4e"],
        ["Mathlib.LinearAlgebra.Matrix.Determinant.Basic transitive imports (legacy)",
         "d05d0716f713c43e"],
        ["Mathlib.LinearAlgebra.Matrix.Determinant.Basic:importAllArts",
         "775c78a530979926"]]]]],
    ["libs",
     [["import dynlibs", "00000000000006bb"],
      ["package external libraries", "00000000000006bb"],
      ["module dynlibs", "00000000000006bb"],
      ["module plugins", "00000000000006bb"]]]]],
  ["Lean 4.32.1, commit f054605aea4b840552cca2e725580bffd1e1b704",
   "4ce1780d8d26fd00"],
  ["/Users/worker/unirational/problems/E-klein-cubic/v14_formalization/V14Formalization/PSLCard.lean",
   "c390071686dce0b3"],
  ["options",
   [["-DrelaxedAutoImplicit=false", "74a2b5546b55be80"],
    ["-Dpp.unicode.fun=true", "9b94070140457fab"]]],
  ["isModule: false", "feefd2a0d3a1847e"],
  ["Module.name: V14Formalization.PSLCard", "7e745adbca9b7790"],
  ["Package.id?: (some V14Formalization)", "3206da5f56731469"],
  ["Module.leanArgs: #[]", "00000000000006bb"]],
 "depHash": "62c91e0870a9f122"}