{"synthetic": false,
 "schemaVersion": "2025-09-10",
 "outputs":
 {"o": ["7c593a4d0a84a6db.olean"],
  "m": false,
  "i": "21a0e6e3c79ebaa8.ilean",
  "c": "253132476ac1b24d.c"},
 "log":
 [{"message":
   ".> LEAN_PATH=/Users/worker/unirational/problems/B-conic-bundle-multisections/.lake/packages/Cli/.lake/build/lib/lean:/Users/worker/unirational/problems/B-conic-bundle-multisections/.lake/packages/batteries/.lake/build/lib/lean:/Users/worker/unirational/problems/B-conic-bundle-multisections/.lake/packages/Qq/.lake/build/lib/lean:/Users/worker/unirational/problems/B-conic-bundle-multisections/.lake/packages/aesop/.lake/build/lib/lean:/Users/worker/unirational/problems/B-conic-bundle-multisections/.lake/packages/proofwidgets/.lake/build/lib/lean:/Users/worker/unirational/problems/B-conic-bundle-multisections/.lake/packages/importGraph/.lake/build/lib/lean:/Users/worker/unirational/problems/B-conic-bundle-multisections/.lake/packages/LeanSearchClient/.lake/build/lib/lean:/Users/worker/unirational/problems/B-conic-bundle-multisections/.lake/packages/plausible/.lake/build/lib/lean:/Users/worker/unirational/problems/B-conic-bundle-multisections/.lake/packages/mathlib/.lake/build/lib/lean:/Users/worker/unirational/problems/E-klein-cubic/v14_formalization/.lake/build/lib/lean /Users/worker/.elan/toolchains/leanprover--lean4---v4.32.1/bin/lean /Users/worker/unirational/problems/E-klein-cubic/v14_formalization/V14Formalization/ResidualNotInM.lean -o /Users/worker/unirational/problems/E-klein-cubic/v14_formalization/.lake/build/lib/lean/V14Formalization/ResidualNotInM.olean -i /Users/worker/unirational/problems/E-klein-cubic/v14_formalization/.lake/build/lib/lean/V14Formalization/ResidualNotInM.ilean -c /Users/worker/unirational/problems/E-klein-cubic/v14_formalization/.lake/build/ir/V14Formalization/ResidualNotInM.c --setup /Users/worker/unirational/problems/E-klein-cubic/v14_formalization/.lake/build/ir/V14Formalization/ResidualNotInM.setup.json --json",
   "level": "trace"},
  {"message":
   "V14Formalization/ResidualNotInM.lean:64:0: 'V14Formalization.ResidualNotInM.pureMWitness_ne_zero' depends on axioms: [propext,\n Quot.sound,\n pureMWitness_zero_eq._native.native_decide.ax_1_1]",
   "level": "info"},
  {"message":
   "V14Formalization/ResidualNotInM.lean:65:0: 'V14Formalization.ResidualNotInM.minor01_ne_zero' depends on axioms: [propext,\n Quot.sound,\n minor01_eq._native.native_decide.ax_1_1]",
   "level": "info"},
  {"message":
   "V14Formalization/ResidualNotInM.lean:66:0: 'V14Formalization.ResidualNotInM.residual_mixed_F23' depends on axioms: [propext,\n Quot.sound,\n minor01_eq._native.native_decide.ax_1_1]",
   "level": "info"}],
 "inputs":
 [["V14Formalization.ResidualNotInM:deps",
   [["deps",
     [["V14Formalization/V14Formalization:extraDep",
       [["@V14Formalization:extraDep", "00000000000006bb"]]],
      ["imports",
       [["Mathlib.Data.ZMod.Basic transitive imports (legacy)",
         "32effd9ffc0cf7b9"],
        ["Mathlib.Data.ZMod.Basic:importAllArts", "adcf71e8ca764bf8"],
        ["Mathlib.Data.Fintype.BigOperators transitive imports (legacy)",
         "ed76283e1044b2e5"],
        ["Mathlib.Data.Fintype.BigOperators:importAllArts", "7d3ff9322b7a8d26"],
        ["Mathlib.Algebra.BigOperators.Group.Finset.Basic transitive imports (legacy)",
         "5a8299dc4847fd83"],
        ["Mathlib.Algebra.BigOperators.Group.Finset.Basic:importAllArts",
         "a250b81ba25cb4c3"],
        ["Mathlib.Tactic.NormNum transitive imports (legacy)",
         "216983883b586ba8"],
        ["Mathlib.Tactic.NormNum:importAllArts", "3265d8713479d53a"],
        ["Mathlib.Tactic.Ring transitive imports (legacy)", "dc76dd95ba2d288e"],
        ["Mathlib.Tactic.Ring:importAllArts", "52692833d1ad6630"],
        ["Mathlib.Data.Fin.VecNotation transitive imports (legacy)",
         "e0d6e997b4b39809"],
        ["Mathlib.Data.Fin.VecNotation:importAllArts", "c8aa73a7491f0376"]]]]],
    ["libs",
     [["import dynlibs", "00000000000006bb"],
      ["package external libraries", "00000000000006bb"],
      ["module dynlibs", "00000000000006bb"],
      ["module plugins", "00000000000006bb"]]]]],
  ["Lean 4.32.1, commit f054605aea4b840552cca2e725580bffd1e1b704",
   "4ce1780d8d26fd00"],
  ["/Users/worker/unirational/problems/E-klein-cubic/v14_formalization/V14Formalization/ResidualNotInM.lean",
   "90240cd61f0db90e"],
  ["options",
   [["-DrelaxedAutoImplicit=false", "74a2b5546b55be80"],
    ["-Dpp.unicode.fun=true", "9b94070140457fab"]]],
  ["isModule: false", "feefd2a0d3a1847e"],
  ["Module.name: V14Formalization.ResidualNotInM", "c4f95038d81be99c"],
  ["Package.id?: (some V14Formalization)", "3206da5f56731469"],
  ["Module.leanArgs: #[]", "00000000000006bb"]],
 "depHash": "5d33fe9ebc82d720"}