{"synthetic": false,
 "schemaVersion": "2025-09-10",
 "outputs":
 {"o": ["f06187330a2a4bf0.olean"],
  "m": false,
  "i": "286d62e163f456c5.ilean",
  "c": "f14001ac8db1bac1.c"},
 "log":
 [{"message":
   ".> LEAN_PATH=/Users/worker/unirational/problems/B-conic-bundle-multisections/.lake/packages/Cli/.lake/build/lib/lean:/Users/worker/unirational/problems/B-conic-bundle-multisections/.lake/packages/batteries/.lake/build/lib/lean:/Users/worker/unirational/problems/B-conic-bundle-multisections/.lake/packages/Qq/.lake/build/lib/lean:/Users/worker/unirational/problems/B-conic-bundle-multisections/.lake/packages/aesop/.lake/build/lib/lean:/Users/worker/unirational/problems/B-conic-bundle-multisections/.lake/packages/proofwidgets/.lake/build/lib/lean:/Users/worker/unirational/problems/B-conic-bundle-multisections/.lake/packages/importGraph/.lake/build/lib/lean:/Users/worker/unirational/problems/B-conic-bundle-multisections/.lake/packages/LeanSearchClient/.lake/build/lib/lean:/Users/worker/unirational/problems/B-conic-bundle-multisections/.lake/packages/plausible/.lake/build/lib/lean:/Users/worker/unirational/problems/B-conic-bundle-multisections/.lake/packages/mathlib/.lake/build/lib/lean:/Users/worker/unirational/problems/E-klein-cubic/v14_formalization/.lake/build/lib/lean /Users/worker/.elan/toolchains/leanprover--lean4---v4.32.1/bin/lean /Users/worker/unirational/problems/E-klein-cubic/v14_formalization/V14Formalization/V14Application.lean -o /Users/worker/unirational/problems/E-klein-cubic/v14_formalization/.lake/build/lib/lean/V14Formalization/V14Application.olean -i /Users/worker/unirational/problems/E-klein-cubic/v14_formalization/.lake/build/lib/lean/V14Formalization/V14Application.ilean -c /Users/worker/unirational/problems/E-klein-cubic/v14_formalization/.lake/build/ir/V14Formalization/V14Application.c --setup /Users/worker/unirational/problems/E-klein-cubic/v14_formalization/.lake/build/ir/V14Formalization/V14Application.setup.json --json",
   "level": "trace"},
  {"message":
   "V14Formalization/V14Application.lean:199:23: Try `simp at ha2` instead of `simpa using ha2`\n\nNote: This linter can be disabled with `set_option linter.unnecessarySimpa false`",
   "level": "warning"},
  {"message":
   "V14Formalization/V14Application.lean:130:50: This simp argument is unused:\n  Fin.sum_univ_two\n\nHint: Omit it from the simp argument list.\n  simp [scalar, diagonal, Matrix.mul_apply,̵ ̵F̵i̵n̵.̵s̵u̵m̵_̵u̵n̵i̵v̵_̵t̵w̵o̵]\n\nNote: This linter can be disabled with `set_option linter.unusedSimpArgs false`",
   "level": "warning"},
  {"message":
   "V14Formalization/V14Application.lean:176:52: This simp argument is unused:\n  Fin.sum_univ_two\n\nHint: Omit it from the simp argument list.\n  simp [scalar, diagonal, Matrix.mul_apply,̵ ̵F̵i̵n̵.̵s̵u̵m̵_̵u̵n̵i̵v̵_̵t̵w̵o̵]\n\nNote: This linter can be disabled with `set_option linter.unusedSimpArgs false`",
   "level": "warning"},
  {"message":
   "V14Formalization/V14Application.lean:256:6: Try `simp at hr` instead of `simpa using hr`\n\nNote: This linter can be disabled with `set_option linter.unnecessarySimpa false`",
   "level": "warning"}],
 "inputs":
 [["V14Formalization.V14Application:deps",
   [["deps",
     [["V14Formalization/V14Formalization:extraDep",
       [["@V14Formalization:extraDep", "00000000000006bb"]]],
      ["imports",
       [["V14Formalization.CentralizerObstruction transitive imports (legacy)",
         "593829c03f2d1c9c"],
        ["V14Formalization.CentralizerObstruction:importAllArts",
         "b18036b207206067"],
        ["V14Formalization.CentralizerD12 transitive imports (legacy)",
         "35f36aeec4f414a6"],
        ["V14Formalization.CentralizerD12:importAllArts", "7b7bf84a8cc843c9"],
        ["V14Formalization.GeometricCarrier transitive imports (legacy)",
         "74f8affa14760176"],
        ["V14Formalization.GeometricCarrier:importAllArts", "31086378204ef358"],
        ["Mathlib.GroupTheory.SpecificGroups.Dihedral transitive imports (legacy)",
         "4fc96547aed249a0"],
        ["Mathlib.GroupTheory.SpecificGroups.Dihedral:importAllArts",
         "616528f04f6ec915"],
        ["Mathlib.LinearAlgebra.Matrix.SpecialLinearGroup transitive imports (legacy)",
         "8f62e0bf1d582d08"],
        ["Mathlib.LinearAlgebra.Matrix.SpecialLinearGroup:importAllArts",
         "010c68f331d22e6a"],
        ["Mathlib.LinearAlgebra.Matrix.ProjectiveSpecialLinearGroup transitive imports (legacy)",
         "b06796c85864f57a"],
        ["Mathlib.LinearAlgebra.Matrix.ProjectiveSpecialLinearGroup:importAllArts",
         "e77906710f3eef49"],
        ["Mathlib.Data.ZMod.Basic transitive imports (legacy)",
         "32effd9ffc0cf7b9"],
        ["Mathlib.Data.ZMod.Basic:importAllArts", "adcf71e8ca764bf8"],
        ["Mathlib.Algebra.Field.ZMod transitive imports (legacy)",
         "ebb83bec825cec14"],
        ["Mathlib.Algebra.Field.ZMod:importAllArts", "6ec33f975dd5b176"],
        ["Mathlib.Data.Nat.Prime.Defs transitive imports (legacy)",
         "761b0d1d23fc20d8"],
        ["Mathlib.Data.Nat.Prime.Defs:importAllArts", "42d697398049d0fe"],
        ["Mathlib.GroupTheory.Subgroup.Center transitive imports (legacy)",
         "f26dee0da8320283"],
        ["Mathlib.GroupTheory.Subgroup.Center:importAllArts",
         "86ac29a17f847cdf"],
        ["Mathlib.RepresentationTheory.Basic transitive imports (legacy)",
         "4435024e2d652ed0"],
        ["Mathlib.RepresentationTheory.Basic:importAllArts",
         "c55dc746f1185714"],
        ["Mathlib.LinearAlgebra.FreeModule.Finite.Basic transitive imports (legacy)",
         "1448d2cfa37f954e"],
        ["Mathlib.LinearAlgebra.FreeModule.Finite.Basic:importAllArts",
         "6e96c0044d02d583"],
        ["Mathlib.Algebra.Module.Pi transitive imports (legacy)",
         "7f8496f78107be18"],
        ["Mathlib.Algebra.Module.Pi:importAllArts", "a8cc56d206e43800"],
        ["Mathlib.LinearAlgebra.Projectivization.Basic transitive imports (legacy)",
         "8de74a37cafddbad"],
        ["Mathlib.LinearAlgebra.Projectivization.Basic:importAllArts",
         "ff226dec5548b248"]]]]],
    ["libs",
     [["import dynlibs", "00000000000006bb"],
      ["package external libraries", "00000000000006bb"],
      ["module dynlibs", "00000000000006bb"],
      ["module plugins", "00000000000006bb"]]]]],
  ["Lean 4.32.1, commit f054605aea4b840552cca2e725580bffd1e1b704",
   "4ce1780d8d26fd00"],
  ["/Users/worker/unirational/problems/E-klein-cubic/v14_formalization/V14Formalization/V14Application.lean",
   "0ef9798551c772f8"],
  ["options",
   [["-DrelaxedAutoImplicit=false", "74a2b5546b55be80"],
    ["-Dpp.unicode.fun=true", "9b94070140457fab"]]],
  ["isModule: false", "feefd2a0d3a1847e"],
  ["Module.name: V14Formalization.V14Application", "32a27fb66109fb22"],
  ["Package.id?: (some V14Formalization)", "3206da5f56731469"],
  ["Module.leanArgs: #[]", "00000000000006bb"]],
 "depHash": "705228f277fe7054"}