{"synthetic": false,
 "schemaVersion": "2025-09-10",
 "outputs":
 {"o": ["4a90abc557ffb886.olean"],
  "m": false,
  "i": "de31de5c8c1dcb08.ilean",
  "c": "b7f0852499495ae5.c"},
 "log":
 [{"message":
   ".> LEAN_PATH=/Users/worker/unirational/problems/B-conic-bundle-multisections/.lake/packages/Cli/.lake/build/lib/lean:/Users/worker/unirational/problems/B-conic-bundle-multisections/.lake/packages/batteries/.lake/build/lib/lean:/Users/worker/unirational/problems/B-conic-bundle-multisections/.lake/packages/Qq/.lake/build/lib/lean:/Users/worker/unirational/problems/B-conic-bundle-multisections/.lake/packages/aesop/.lake/build/lib/lean:/Users/worker/unirational/problems/B-conic-bundle-multisections/.lake/packages/proofwidgets/.lake/build/lib/lean:/Users/worker/unirational/problems/B-conic-bundle-multisections/.lake/packages/importGraph/.lake/build/lib/lean:/Users/worker/unirational/problems/B-conic-bundle-multisections/.lake/packages/LeanSearchClient/.lake/build/lib/lean:/Users/worker/unirational/problems/B-conic-bundle-multisections/.lake/packages/plausible/.lake/build/lib/lean:/Users/worker/unirational/problems/B-conic-bundle-multisections/.lake/packages/mathlib/.lake/build/lib/lean:/Users/worker/unirational/problems/B-conic-bundle-multisections/.lake/packages/BConicBundleMultisections/problems/B-conic-bundle-multisections/.lake/build/lib/lean:/Users/worker/unirational/problems/E-klein-cubic/v14_formalization/.lake/build/lib/lean /Users/worker/.elan/toolchains/leanprover--lean4---v4.32.1/bin/lean /Users/worker/unirational/problems/E-klein-cubic/v14_formalization/V14Formalization/WeilRep.lean -o /Users/worker/unirational/problems/E-klein-cubic/v14_formalization/.lake/build/lib/lean/V14Formalization/WeilRep.olean -i /Users/worker/unirational/problems/E-klein-cubic/v14_formalization/.lake/build/lib/lean/V14Formalization/WeilRep.ilean -c /Users/worker/unirational/problems/E-klein-cubic/v14_formalization/.lake/build/ir/V14Formalization/WeilRep.c --setup /Users/worker/unirational/problems/E-klein-cubic/v14_formalization/.lake/build/ir/V14Formalization/WeilRep.setup.json --json",
   "level": "trace"}],
 "inputs":
 [["V14Formalization.WeilRep:deps",
   [["deps",
     [["V14Formalization/V14Formalization:extraDep",
       [["@V14Formalization:extraDep", "00000000000006bb"]]],
      ["imports",
       [["Mathlib.RingTheory.Polynomial.Cyclotomic.Basic transitive imports (legacy)",
         "4d7450417e03089c"],
        ["Mathlib.RingTheory.Polynomial.Cyclotomic.Basic:importAllArts",
         "c956cef120b03475"],
        ["Mathlib.RingTheory.Polynomial.Cyclotomic.Roots transitive imports (legacy)",
         "25155e7ce163d6db"],
        ["Mathlib.RingTheory.Polynomial.Cyclotomic.Roots:importAllArts",
         "7fe1188ac704f1d5"],
        ["Mathlib.RingTheory.AdjoinRoot transitive imports (legacy)",
         "d95917541e747b75"],
        ["Mathlib.RingTheory.AdjoinRoot:importAllArts", "2d9f8de9ee7a0cf1"],
        ["Mathlib.NumberTheory.LegendreSymbol.AddCharacter transitive imports (legacy)",
         "90e029e36a28fa2c"],
        ["Mathlib.NumberTheory.LegendreSymbol.AddCharacter:importAllArts",
         "1dca55c3d2f022e3"],
        ["Mathlib.NumberTheory.GaussSum transitive imports (legacy)",
         "7321899082cca0e4"],
        ["Mathlib.NumberTheory.GaussSum:importAllArts", "fe60e7b5d8a72dca"],
        ["Mathlib.NumberTheory.MulChar.Basic transitive imports (legacy)",
         "9b27dbdccac118ac"],
        ["Mathlib.NumberTheory.MulChar.Basic:importAllArts",
         "3e034c2dd18054d9"],
        ["Mathlib.NumberTheory.LegendreSymbol.QuadraticChar.Basic transitive imports (legacy)",
         "5f4ae8f90f536c2f"],
        ["Mathlib.NumberTheory.LegendreSymbol.QuadraticChar.Basic:importAllArts",
         "5785ddf887df94ae"],
        ["Mathlib.LinearAlgebra.Dimension.Finrank transitive imports (legacy)",
         "7b90367c76da02e8"],
        ["Mathlib.LinearAlgebra.Dimension.Finrank:importAllArts",
         "207e12c984a30788"],
        ["Mathlib.LinearAlgebra.FreeModule.Finite.Basic transitive imports (legacy)",
         "1448d2cfa37f954e"],
        ["Mathlib.LinearAlgebra.FreeModule.Finite.Basic:importAllArts",
         "6e96c0044d02d583"],
        ["Mathlib.Data.ZMod.Basic transitive imports (legacy)",
         "32effd9ffc0cf7b9"],
        ["Mathlib.Data.ZMod.Basic:importAllArts", "adcf71e8ca764bf8"],
        ["Mathlib.Algebra.Field.ZMod transitive imports (legacy)",
         "ebb83bec825cec14"],
        ["Mathlib.Algebra.Field.ZMod:importAllArts", "6ec33f975dd5b176"],
        ["Mathlib.Data.Nat.Prime.Basic transitive imports (legacy)",
         "2189487cef0f2e2a"],
        ["Mathlib.Data.Nat.Prime.Basic:importAllArts", "caed38c7ef64da39"],
        ["Mathlib.GroupTheory.OrderOfElement transitive imports (legacy)",
         "78da6678d9030810"],
        ["Mathlib.GroupTheory.OrderOfElement:importAllArts",
         "27bfc2a202eb67ec"],
        ["Mathlib.Algebra.Module.Pi transitive imports (legacy)",
         "7f8496f78107be18"],
        ["Mathlib.Algebra.Module.Pi:importAllArts", "a8cc56d206e43800"],
        ["Mathlib.Algebra.BigOperators.Group.Finset.Basic transitive imports (legacy)",
         "5a8299dc4847fd83"],
        ["Mathlib.Algebra.BigOperators.Group.Finset.Basic:importAllArts",
         "a250b81ba25cb4c3"],
        ["Mathlib.Algebra.BigOperators.Ring.Finset transitive imports (legacy)",
         "a4e470888c1f8d48"],
        ["Mathlib.Algebra.BigOperators.Ring.Finset:importAllArts",
         "e3d52420844d4311"],
        ["Mathlib.Data.Fintype.BigOperators transitive imports (legacy)",
         "ed76283e1044b2e5"],
        ["Mathlib.Data.Fintype.BigOperators:importAllArts", "7d3ff9322b7a8d26"],
        ["Mathlib.Algebra.Algebra.Basic transitive imports (legacy)",
         "f6667bf44f00fbcd"],
        ["Mathlib.Algebra.Algebra.Basic:importAllArts", "827ea40ef7586663"],
        ["Mathlib.Algebra.CharP.Basic transitive imports (legacy)",
         "ea14340597843d81"],
        ["Mathlib.Algebra.CharP.Basic:importAllArts", "22cab3fc2b6a47d8"],
        ["Mathlib.FieldTheory.Minpoly.Field transitive imports (legacy)",
         "b620152856ef2779"],
        ["Mathlib.FieldTheory.Minpoly.Field:importAllArts", "21342727893f00bc"],
        ["Mathlib.LinearAlgebra.Matrix.ToLin transitive imports (legacy)",
         "8e2dd0bea20b9bbc"],
        ["Mathlib.LinearAlgebra.Matrix.ToLin:importAllArts",
         "2c901a125104d248"],
        ["Mathlib.LinearAlgebra.Matrix.NonsingularInverse transitive imports (legacy)",
         "b9fa42c4d9cc9dbb"],
        ["Mathlib.LinearAlgebra.Matrix.NonsingularInverse:importAllArts",
         "98fa472aba997e13"],
        ["Mathlib.LinearAlgebra.Matrix.SpecialLinearGroup transitive imports (legacy)",
         "8f62e0bf1d582d08"],
        ["Mathlib.LinearAlgebra.Matrix.SpecialLinearGroup:importAllArts",
         "010c68f331d22e6a"]]]]],
    ["libs",
     [["import dynlibs", "00000000000006bb"],
      ["package external libraries", "00000000000006bb"],
      ["module dynlibs", "00000000000006bb"],
      ["module plugins", "00000000000006bb"]]]]],
  ["Lean 4.32.1, commit f054605aea4b840552cca2e725580bffd1e1b704",
   "4ce1780d8d26fd00"],
  ["/Users/worker/unirational/problems/E-klein-cubic/v14_formalization/V14Formalization/WeilRep.lean",
   "ce58519d24aea08f"],
  ["options",
   [["-DrelaxedAutoImplicit=false", "74a2b5546b55be80"],
    ["-Dpp.unicode.fun=true", "9b94070140457fab"]]],
  ["isModule: false", "feefd2a0d3a1847e"],
  ["Module.name: V14Formalization.WeilRep", "9a451325349982cd"],
  ["Package.id?: (some V14Formalization)", "3206da5f56731469"],
  ["Module.leanArgs: #[]", "00000000000006bb"]],
 "depHash": "4fb6c10d5520be8d"}