{"synthetic": false,
 "schemaVersion": "2025-09-10",
 "outputs":
 {"o": ["60b5ed43c98130c7.olean"],
  "m": false,
  "i": "8a9f1b43689efe69.ilean",
  "c": "6c74aa52b47ca829.c"},
 "log":
 [{"message":
   ".> LEAN_PATH=/Users/worker/unirational/problems/B-conic-bundle-multisections/.lake/packages/Cli/.lake/build/lib/lean:/Users/worker/unirational/problems/B-conic-bundle-multisections/.lake/packages/batteries/.lake/build/lib/lean:/Users/worker/unirational/problems/B-conic-bundle-multisections/.lake/packages/Qq/.lake/build/lib/lean:/Users/worker/unirational/problems/B-conic-bundle-multisections/.lake/packages/aesop/.lake/build/lib/lean:/Users/worker/unirational/problems/B-conic-bundle-multisections/.lake/packages/proofwidgets/.lake/build/lib/lean:/Users/worker/unirational/problems/B-conic-bundle-multisections/.lake/packages/importGraph/.lake/build/lib/lean:/Users/worker/unirational/problems/B-conic-bundle-multisections/.lake/packages/LeanSearchClient/.lake/build/lib/lean:/Users/worker/unirational/problems/B-conic-bundle-multisections/.lake/packages/plausible/.lake/build/lib/lean:/Users/worker/unirational/problems/B-conic-bundle-multisections/.lake/packages/mathlib/.lake/build/lib/lean:/Users/worker/unirational/problems/E-klein-cubic/v14_formalization/.lake/build/lib/lean /Users/worker/.elan/toolchains/leanprover--lean4---v4.32.1/bin/lean /Users/worker/unirational/problems/E-klein-cubic/v14_formalization/V14Formalization/WeilWN.lean -o /Users/worker/unirational/problems/E-klein-cubic/v14_formalization/.lake/build/lib/lean/V14Formalization/WeilWN.olean -i /Users/worker/unirational/problems/E-klein-cubic/v14_formalization/.lake/build/lib/lean/V14Formalization/WeilWN.ilean -c /Users/worker/unirational/problems/E-klein-cubic/v14_formalization/.lake/build/ir/V14Formalization/WeilWN.c --setup /Users/worker/unirational/problems/E-klein-cubic/v14_formalization/.lake/build/ir/V14Formalization/WeilWN.setup.json --json",
   "level": "trace"}],
 "inputs":
 [["V14Formalization.WeilWN:deps",
   [["deps",
     [["V14Formalization/V14Formalization:extraDep",
       [["@V14Formalization:extraDep", "00000000000006bb"]]],
      ["imports",
       [["V14Formalization.WeilMul transitive imports (legacy)",
         "8ef219b0608ef5e7"],
        ["V14Formalization.WeilMul:importAllArts", "eb3159101b04e52d"]]]]],
    ["libs",
     [["import dynlibs", "00000000000006bb"],
      ["package external libraries", "00000000000006bb"],
      ["module dynlibs", "00000000000006bb"],
      ["module plugins", "00000000000006bb"]]]]],
  ["Lean 4.32.1, commit f054605aea4b840552cca2e725580bffd1e1b704",
   "4ce1780d8d26fd00"],
  ["/Users/worker/unirational/problems/E-klein-cubic/v14_formalization/V14Formalization/WeilWN.lean",
   "57b18d50991c0a0e"],
  ["options",
   [["-DrelaxedAutoImplicit=false", "74a2b5546b55be80"],
    ["-Dpp.unicode.fun=true", "9b94070140457fab"]]],
  ["isModule: false", "feefd2a0d3a1847e"],
  ["Module.name: V14Formalization.WeilWN", "6641f71a6db65418"],
  ["Package.id?: (some V14Formalization)", "3206da5f56731469"],
  ["Module.leanArgs: #[]", "00000000000006bb"]],
 "depHash": "9750362d41bf08ec"}