Initial seed for pseudo-random number generator is 0

--------------- INPUT DATA ---------------
#variables                      19
#equations                     669
#invalid equations               0
field characteristic            23
homogeneous input?               1
signature-based computation      0
monomial order                 DRL
basis hash table resetting     OFF
linear algebra option            2
initial hash table size    1048576 (2^20)
max pair selection            2000
reduce gb                        1
#threads                         2
info level                       2
generate pbm files               0
------------------------------------------

Legend for f4 information
--------------------------------------------------------
deg       current degree of pairs selected in this round
sel       number of pairs selected in this round
pairs     total number of pairs in pair list
mat       matrix dimensions (# rows x # columns)
density   density of the matrix
new data  # new elements for basis in this round
          # zero reductions during linear algebra
time(rd)  time of the current f4 round in seconds given
          for real and cpu time
--------------------------------------------------------

deg     sel   pairs        mat          density            new data         time(rd) in sec (real|cpu)
------------------------------------------------------------------------------------------------------
  3     663     665     669 x 1330       88.26%      663 new       0 zero         0.18 | 0.22         
  4    2000    7494    4373 x 3495        8.40%      934 new    1066 zero         0.57 | 0.71         
  4    2000   21071    6370 x 4705        6.18%      335 new    1665 zero         0.45 | 0.61         
  4    2000   24985    8247 x 6530        5.50%      283 new    1717 zero         0.60 | 0.87         
  4     948   27993    8262 x 7314        5.30%        0 new     948 zero         0.33 | 0.54         
  5    2002   27045    2795 x 793         3.59%        0 new    2002 zero         0.00 | 0.01         
  5    2001   25043    3558 x 1557        5.23%        0 new    2001 zero         0.01 | 0.02         
  5    2001   23042    3889 x 1888        4.52%        0 new    2001 zero         0.03 | 0.04         
  5    2001   21041    5201 x 3200        4.75%        0 new    2001 zero         0.08 | 0.12         
  5    2001   19040    5916 x 3915        4.30%        0 new    2001 zero         0.11 | 0.18         
  5    2001   17039    6713 x 4712        4.12%        0 new    2001 zero         0.17 | 0.29         
  5    2001   15038    6535 x 4534        3.69%        0 new    2001 zero         0.11 | 0.17         
  5    2001   13037    7579 x 5578        3.57%        0 new    2001 zero         0.21 | 0.36         
  5    2002   11036   10388 x 8386        3.22%        0 new    2002 zero         0.54 | 0.97         
  5    2002    9034   14171 x 12169       2.49%        0 new    2002 zero         0.80 | 1.44         
  5    2001    7032   14185 x 12184       2.21%        0 new    2001 zero         0.82 | 1.49         
  5    2001    5031   16083 x 14082       1.85%        0 new    2001 zero         0.81 | 1.47         
  5    2001    3030   17934 x 15933       1.75%        0 new    2001 zero         1.08 | 1.98         
  5    1029    1029   16624 x 15595       1.81%        0 new    1029 zero         0.75 | 1.35         
------------------------------------------------------------------------------------------------------
reduce final basis     2221 x 2882        4.78%     2221 new       0 zero         0.01 | 0.01         
------------------------------------------------------------------------------------------------------

---------------- TIMINGS ----------------
overall(elapsed)        7.71 sec
overall(cpu)           12.88 sec
select                  0.29 sec   3.7%
symbolic prep.          1.19 sec  15.4%
update                  1.03 sec  13.3%
convert                 0.03 sec   0.4%
linear algebra          5.15 sec  66.7%
reduce gb               0.00 sec   0.0%
-----------------------------------------

---------- COMPUTATIONAL DATA -----------
size of basis                  2221
#terms in basis              261057
#pairs reduced                34656
#GM criterion               4122630
#redundant elements             663
#rows reduced                 71533
#zero reductions              32441
max. matrix data              17934 x 15933 (1.752%)
max. symbolic hash table size  2^15
max. basis hash table size     2^20
-----------------------------------------



------------------------------------------------------------------------------------
msolve overall time           8.41 sec (elapsed) / 13.57 sec (cpu)
------------------------------------------------------------------------------------
