Initial seed for pseudo-random number generator is 0

--------------- INPUT DATA ---------------
#variables                      19
#equations                     669
#invalid equations               0
field characteristic            23
homogeneous input?               1
signature-based computation      0
monomial order                 DRL
basis hash table resetting     OFF
linear algebra option            2
initial hash table size    1048576 (2^20)
max pair selection            2000
reduce gb                        1
#threads                         2
info level                       2
generate pbm files               0
------------------------------------------

Legend for f4 information
--------------------------------------------------------
deg       current degree of pairs selected in this round
sel       number of pairs selected in this round
pairs     total number of pairs in pair list
mat       matrix dimensions (# rows x # columns)
density   density of the matrix
new data  # new elements for basis in this round
          # zero reductions during linear algebra
time(rd)  time of the current f4 round in seconds given
          for real and cpu time
--------------------------------------------------------

deg     sel   pairs        mat          density            new data         time(rd) in sec (real|cpu)
------------------------------------------------------------------------------------------------------
  3     663     665     669 x 1330       88.24%      663 new       0 zero         0.18 | 0.22         
  4    2000    7494    4373 x 3495        8.40%      934 new    1066 zero         0.60 | 0.74         
  4    2000   21071    6358 x 4693        6.20%      335 new    1665 zero         0.47 | 0.64         
  4    2000   24985    8248 x 6531        5.50%      283 new    1717 zero         0.66 | 0.97         
  4     948   27993    8262 x 7314        5.30%        0 new     948 zero         0.37 | 0.61         
  5    2002   27045    2795 x 793         3.58%        0 new    2002 zero         0.00 | 0.01         
  5    2001   25043    3558 x 1557        5.23%        0 new    2001 zero         0.02 | 0.02         
  5    2001   23042    3893 x 1892        4.52%        0 new    2001 zero         0.03 | 0.05         
  5    2001   21041    5204 x 3203        4.74%        0 new    2001 zero         0.09 | 0.14         
  5    2001   19040    5918 x 3917        4.29%        0 new    2001 zero         0.12 | 0.20         
  5    2001   17039    6711 x 4710        4.12%        0 new    2001 zero         0.19 | 0.32         
  5    2001   15038    6537 x 4536        3.68%        0 new    2001 zero         0.12 | 0.19         
  5    2001   13037    7584 x 5583        3.56%        0 new    2001 zero         0.23 | 0.40         
  5    2002   11036   10390 x 8388        3.22%        0 new    2002 zero         0.61 | 1.11         
  5    2002    9034   14160 x 12158       2.49%        0 new    2002 zero         0.96 | 1.74         
  5    2001    7032   14174 x 12173       2.21%        0 new    2001 zero         0.96 | 1.75         
  5    2001    5031   16075 x 14074       1.85%        0 new    2001 zero         0.99 | 1.78         
  5    2001    3030   17927 x 15926       1.75%        0 new    2001 zero         1.30 | 2.37         
  5    1029    1029   16618 x 15589       1.81%        0 new    1029 zero         0.91 | 1.63         
------------------------------------------------------------------------------------------------------
reduce final basis     2221 x 2882        4.79%     2221 new       0 zero         0.02 | 0.02         
------------------------------------------------------------------------------------------------------

---------------- TIMINGS ----------------
overall(elapsed)        8.87 sec
overall(cpu)           14.93 sec
select                  0.32 sec   3.7%
symbolic prep.          1.38 sec  15.6%
update                  1.06 sec  12.0%
convert                 0.03 sec   0.3%
linear algebra          6.03 sec  68.0%
reduce gb               0.00 sec   0.0%
-----------------------------------------

---------- COMPUTATIONAL DATA -----------
size of basis                  2221
#terms in basis              261119
#pairs reduced                34656
#GM criterion               4122630
#redundant elements             663
#rows reduced                 71533
#zero reductions              32441
max. matrix data              17927 x 15926 (1.753%)
max. symbolic hash table size  2^15
max. basis hash table size     2^20
-----------------------------------------



------------------------------------------------------------------------------------
msolve overall time           9.58 sec (elapsed) / 15.63 sec (cpu)
------------------------------------------------------------------------------------
