Initial seed for pseudo-random number generator is 0

--------------- INPUT DATA ---------------
#variables                      19
#equations                     669
#invalid equations               0
field characteristic            23
homogeneous input?               1
signature-based computation      0
monomial order                 DRL
basis hash table resetting     OFF
linear algebra option            2
initial hash table size    1048576 (2^20)
max pair selection            2000
reduce gb                        1
#threads                         2
info level                       2
generate pbm files               0
------------------------------------------

Legend for f4 information
--------------------------------------------------------
deg       current degree of pairs selected in this round
sel       number of pairs selected in this round
pairs     total number of pairs in pair list
mat       matrix dimensions (# rows x # columns)
density   density of the matrix
new data  # new elements for basis in this round
          # zero reductions during linear algebra
time(rd)  time of the current f4 round in seconds given
          for real and cpu time
--------------------------------------------------------

deg     sel   pairs        mat          density            new data         time(rd) in sec (real|cpu)
------------------------------------------------------------------------------------------------------
  3     663     665     669 x 1330       88.25%      663 new       0 zero         0.20 | 0.24         
  4    2000    7494    4373 x 3495        8.39%      934 new    1066 zero         0.62 | 0.76         
  4    2000   21071    6370 x 4705        6.17%      335 new    1665 zero         0.46 | 0.63         
  4    2000   24985    8247 x 6530        5.49%      283 new    1717 zero         0.62 | 0.92         
  4     948   27993    8262 x 7314        5.29%        0 new     948 zero         0.33 | 0.54         
  5    2002   27045    2795 x 793         3.58%        0 new    2002 zero         0.00 | 0.00         
  5    2001   25043    3558 x 1557        5.22%        0 new    2001 zero         0.01 | 0.02         
  5    2001   23042    3892 x 1891        4.51%        0 new    2001 zero         0.03 | 0.04         
  5    2001   21041    5198 x 3197        4.73%        0 new    2001 zero         0.08 | 0.12         
  5    2001   19040    5916 x 3915        4.29%        0 new    2001 zero         0.11 | 0.18         
  5    2001   17039    6709 x 4708        4.12%        0 new    2001 zero         0.17 | 0.29         
  5    2001   15038    6535 x 4534        3.68%        0 new    2001 zero         0.10 | 0.17         
  5    2001   13037    7581 x 5580        3.56%        0 new    2001 zero         0.21 | 0.35         
  5    2002   11036   10391 x 8389        3.22%        0 new    2002 zero         0.54 | 0.97         
  5    2002    9034   14163 x 12161       2.49%        0 new    2002 zero         0.78 | 1.40         
  5    2001    7032   14191 x 12190       2.21%        0 new    2001 zero         0.82 | 1.50         
  5    2001    5031   16072 x 14071       1.85%        0 new    2001 zero         0.85 | 1.53         
  5    2001    3030   17922 x 15921       1.75%        0 new    2001 zero         1.13 | 2.06         
  5    1029    1029   16602 x 15573       1.81%        0 new    1029 zero         0.77 | 1.36         
------------------------------------------------------------------------------------------------------
reduce final basis     2221 x 2882        4.78%     2221 new       0 zero         0.02 | 0.02         
------------------------------------------------------------------------------------------------------

---------------- TIMINGS ----------------
overall(elapsed)        7.89 sec
overall(cpu)           13.14 sec
select                  0.30 sec   3.8%
symbolic prep.          1.21 sec  15.4%
update                  1.09 sec  13.8%
convert                 0.03 sec   0.3%
linear algebra          5.22 sec  66.2%
reduce gb               0.00 sec   0.0%
-----------------------------------------

---------- COMPUTATIONAL DATA -----------
size of basis                  2221
#terms in basis              260960
#pairs reduced                34656
#GM criterion               4122630
#redundant elements             663
#rows reduced                 71533
#zero reductions              32441
max. matrix data              17922 x 15921 (1.751%)
max. symbolic hash table size  2^15
max. basis hash table size     2^20
-----------------------------------------



------------------------------------------------------------------------------------
msolve overall time           8.63 sec (elapsed) / 13.88 sec (cpu)
------------------------------------------------------------------------------------
