Initial seed for pseudo-random number generator is 0

--------------- INPUT DATA ---------------
#variables                      19
#equations                     669
#invalid equations               0
field characteristic            23
homogeneous input?               1
signature-based computation      0
monomial order                 DRL
basis hash table resetting     OFF
linear algebra option            2
initial hash table size    1048576 (2^20)
max pair selection            2000
reduce gb                        1
#threads                         2
info level                       2
generate pbm files               0
------------------------------------------

Legend for f4 information
--------------------------------------------------------
deg       current degree of pairs selected in this round
sel       number of pairs selected in this round
pairs     total number of pairs in pair list
mat       matrix dimensions (# rows x # columns)
density   density of the matrix
new data  # new elements for basis in this round
          # zero reductions during linear algebra
time(rd)  time of the current f4 round in seconds given
          for real and cpu time
--------------------------------------------------------

deg     sel   pairs        mat          density            new data         time(rd) in sec (real|cpu)
------------------------------------------------------------------------------------------------------
  3     663     665     669 x 1330       88.23%      663 new       0 zero         0.20 | 0.23         
  4    2000    7494    4373 x 3495        8.40%      934 new    1066 zero         0.63 | 0.78         
  4    2000   21071    6370 x 4705        6.17%      335 new    1665 zero         0.49 | 0.67         
  4    2000   24985    8247 x 6530        5.50%      283 new    1717 zero         0.72 | 1.06         
  4     948   27993    8262 x 7314        5.30%        0 new     948 zero         0.40 | 0.67         
  5    2002   27045    2795 x 793         3.58%        0 new    2002 zero         0.01 | 0.01         
  5    2001   25043    3558 x 1557        5.23%        0 new    2001 zero         0.02 | 0.02         
  5    2001   23042    3892 x 1891        4.51%        0 new    2001 zero         0.03 | 0.05         
  5    2001   21041    5214 x 3213        4.75%        0 new    2001 zero         0.09 | 0.15         
  5    2001   19040    5926 x 3925        4.30%        0 new    2001 zero         0.13 | 0.21         
  5    2001   17039    6718 x 4717        4.12%        0 new    2001 zero         0.20 | 0.33         
  5    2001   15038    6545 x 4544        3.68%        0 new    2001 zero         0.13 | 0.20         
  5    2001   13037    7593 x 5592        3.56%        0 new    2001 zero         0.25 | 0.43         
  5    2002   11036   10395 x 8393        3.22%        0 new    2002 zero         0.64 | 1.16         
  5    2002    9034   14200 x 12198       2.49%        0 new    2002 zero         0.95 | 1.72         
  5    2001    7032   14215 x 12214       2.21%        0 new    2001 zero         1.01 | 1.84         
  5    2001    5031   16107 x 14106       1.85%        0 new    2001 zero         0.90 | 1.62         
  5    2001    3030   17947 x 15946       1.75%        0 new    2001 zero         1.29 | 2.24         
  5    1029    1029   16641 x 15612       1.81%        0 new    1029 zero         1.22 | 1.92         
------------------------------------------------------------------------------------------------------
reduce final basis     2221 x 2882        4.78%     2221 new       0 zero         0.03 | 0.02         
------------------------------------------------------------------------------------------------------

---------------- TIMINGS ----------------
overall(elapsed)        9.40 sec
overall(cpu)           15.38 sec
select                  0.34 sec   3.6%
symbolic prep.          1.42 sec  15.1%
update                  1.15 sec  12.2%
convert                 0.05 sec   0.5%
linear algebra          6.40 sec  68.0%
reduce gb               0.00 sec   0.0%
-----------------------------------------

---------- COMPUTATIONAL DATA -----------
size of basis                  2221
#terms in basis              261051
#pairs reduced                34656
#GM criterion               4122630
#redundant elements             663
#rows reduced                 71533
#zero reductions              32441
max. matrix data              17947 x 15946 (1.753%)
max. symbolic hash table size  2^15
max. basis hash table size     2^20
-----------------------------------------



------------------------------------------------------------------------------------
msolve overall time          10.11 sec (elapsed) / 16.10 sec (cpu)
------------------------------------------------------------------------------------
