Initial seed for pseudo-random number generator is 0

--------------- INPUT DATA ---------------
#variables                      19
#equations                     669
#invalid equations               0
field characteristic            23
homogeneous input?               1
signature-based computation      0
monomial order                 DRL
basis hash table resetting     OFF
linear algebra option            2
initial hash table size    1048576 (2^20)
max pair selection            2000
reduce gb                        1
#threads                         2
info level                       2
generate pbm files               0
------------------------------------------

Legend for f4 information
--------------------------------------------------------
deg       current degree of pairs selected in this round
sel       number of pairs selected in this round
pairs     total number of pairs in pair list
mat       matrix dimensions (# rows x # columns)
density   density of the matrix
new data  # new elements for basis in this round
          # zero reductions during linear algebra
time(rd)  time of the current f4 round in seconds given
          for real and cpu time
--------------------------------------------------------

deg     sel   pairs        mat          density            new data         time(rd) in sec (real|cpu)
------------------------------------------------------------------------------------------------------
  3     663     665     669 x 1330       88.24%      663 new       0 zero         0.16 | 0.19         
  4    2000    7494    4373 x 3495        8.39%      934 new    1066 zero         0.51 | 0.63         
  4    2000   21071    6368 x 4703        6.17%      335 new    1665 zero         0.39 | 0.53         
  4    2000   24985    8247 x 6530        5.50%      283 new    1717 zero         0.54 | 0.80         
  4     948   27993    8262 x 7314        5.30%        0 new     948 zero         0.29 | 0.48         
  5    2002   27045    2795 x 793         3.58%        0 new    2002 zero         0.00 | 0.00         
  5    2001   25043    3557 x 1556        5.23%        0 new    2001 zero         0.01 | 0.02         
  5    2001   23042    3892 x 1891        4.52%        0 new    2001 zero         0.03 | 0.04         
  5    2001   21041    5190 x 3189        4.73%        0 new    2001 zero         0.07 | 0.11         
  5    2001   19040    5909 x 3908        4.29%        0 new    2001 zero         0.10 | 0.16         
  5    2001   17039    6704 x 4703        4.12%        0 new    2001 zero         0.15 | 0.27         
  5    2001   15038    6527 x 4526        3.67%        0 new    2001 zero         0.10 | 0.16         
  5    2001   13037    7575 x 5574        3.56%        0 new    2001 zero         0.18 | 0.32         
  5    2002   11036   10385 x 8383        3.22%        0 new    2002 zero         0.48 | 0.89         
  5    2002    9034   14123 x 12121       2.49%        0 new    2002 zero         0.75 | 1.35         
  5    2001    7032   14155 x 12154       2.21%        0 new    2001 zero         0.79 | 1.45         
  5    2001    5031   16040 x 14039       1.85%        0 new    2001 zero         0.82 | 1.48         
  5    2001    3030   17904 x 15903       1.75%        0 new    2001 zero         1.18 | 2.18         
  5    1029    1029   16585 x 15556       1.81%        0 new    1029 zero         0.82 | 1.47         
------------------------------------------------------------------------------------------------------
reduce final basis     2221 x 2882        4.79%     2221 new       0 zero         0.02 | 0.02         
------------------------------------------------------------------------------------------------------

---------------- TIMINGS ----------------
overall(elapsed)        7.45 sec
overall(cpu)           12.58 sec
select                  0.27 sec   3.6%
symbolic prep.          1.08 sec  14.5%
update                  0.93 sec  12.5%
convert                 0.03 sec   0.3%
linear algebra          5.10 sec  68.5%
reduce gb               0.00 sec   0.0%
-----------------------------------------

---------- COMPUTATIONAL DATA -----------
size of basis                  2221
#terms in basis              260964
#pairs reduced                34656
#GM criterion               4122630
#redundant elements             663
#rows reduced                 71533
#zero reductions              32441
max. matrix data              17904 x 15903 (1.752%)
max. symbolic hash table size  2^15
max. basis hash table size     2^20
-----------------------------------------



------------------------------------------------------------------------------------
msolve overall time           8.06 sec (elapsed) / 13.19 sec (cpu)
------------------------------------------------------------------------------------
