Initial seed for pseudo-random number generator is 0

--------------- INPUT DATA ---------------
#variables                      19
#equations                     669
#invalid equations               0
field characteristic            23
homogeneous input?               1
signature-based computation      0
monomial order                 DRL
basis hash table resetting     OFF
linear algebra option            2
initial hash table size    1048576 (2^20)
max pair selection            2000
reduce gb                        1
#threads                         2
info level                       2
generate pbm files               0
------------------------------------------

Legend for f4 information
--------------------------------------------------------
deg       current degree of pairs selected in this round
sel       number of pairs selected in this round
pairs     total number of pairs in pair list
mat       matrix dimensions (# rows x # columns)
density   density of the matrix
new data  # new elements for basis in this round
          # zero reductions during linear algebra
time(rd)  time of the current f4 round in seconds given
          for real and cpu time
--------------------------------------------------------

deg     sel   pairs        mat          density            new data         time(rd) in sec (real|cpu)
------------------------------------------------------------------------------------------------------
  3     663     665     669 x 1330       88.23%      663 new       0 zero         0.17 | 0.20         
  4    2000    7494    4373 x 3495        8.39%      934 new    1066 zero         0.56 | 0.69         
  4    2000   21071    6368 x 4703        6.17%      335 new    1665 zero         0.43 | 0.58         
  4    2000   24985    8247 x 6530        5.50%      283 new    1717 zero         0.63 | 0.93         
  4     948   27993    8262 x 7314        5.30%        0 new     948 zero         0.35 | 0.58         
  5    2002   27045    2795 x 793         3.58%        0 new    2002 zero         0.01 | 0.01         
  5    2001   25043    3557 x 1556        5.23%        0 new    2001 zero         0.02 | 0.02         
  5    2001   23042    3892 x 1891        4.51%        0 new    2001 zero         0.03 | 0.05         
  5    2001   21041    5212 x 3211        4.75%        0 new    2001 zero         0.08 | 0.13         
  5    2001   19040    5925 x 3924        4.30%        0 new    2001 zero         0.12 | 0.19         
  5    2001   17039    6717 x 4716        4.12%        0 new    2001 zero         0.18 | 0.30         
  5    2001   15038    6543 x 4542        3.68%        0 new    2001 zero         0.12 | 0.19         
  5    2001   13037    7592 x 5591        3.56%        0 new    2001 zero         0.23 | 0.39         
  5    2002   11036   10395 x 8393        3.22%        0 new    2002 zero         0.56 | 1.01         
  5    2002    9034   14186 x 12184       2.49%        0 new    2002 zero         0.83 | 1.50         
  5    2001    7032   14196 x 12195       2.21%        0 new    2001 zero         0.89 | 1.62         
  5    2001    5031   16096 x 14095       1.85%        0 new    2001 zero         0.89 | 1.61         
  5    2001    3030   17946 x 15945       1.75%        0 new    2001 zero         1.19 | 2.17         
  5    1029    1029   16628 x 15599       1.81%        0 new    1029 zero         0.85 | 1.53         
------------------------------------------------------------------------------------------------------
reduce final basis     2221 x 2882        4.78%     2221 new       0 zero         0.02 | 0.02         
------------------------------------------------------------------------------------------------------

---------------- TIMINGS ----------------
overall(elapsed)        8.19 sec
overall(cpu)           13.76 sec
select                  0.30 sec   3.7%
symbolic prep.          1.27 sec  15.5%
update                  1.02 sec  12.4%
convert                 0.03 sec   0.3%
linear algebra          5.54 sec  67.6%
reduce gb               0.00 sec   0.0%
-----------------------------------------

---------- COMPUTATIONAL DATA -----------
size of basis                  2221
#terms in basis              260963
#pairs reduced                34656
#GM criterion               4122630
#redundant elements             663
#rows reduced                 71533
#zero reductions              32441
max. matrix data              17946 x 15945 (1.752%)
max. symbolic hash table size  2^15
max. basis hash table size     2^20
-----------------------------------------



------------------------------------------------------------------------------------
msolve overall time           8.87 sec (elapsed) / 14.43 sec (cpu)
------------------------------------------------------------------------------------
