Initial seed for pseudo-random number generator is 0

--------------- INPUT DATA ---------------
#variables                      19
#equations                     669
#invalid equations               0
field characteristic            23
homogeneous input?               1
signature-based computation      0
monomial order                 DRL
basis hash table resetting     OFF
linear algebra option            2
initial hash table size    1048576 (2^20)
max pair selection            2000
reduce gb                        1
#threads                         2
info level                       2
generate pbm files               0
------------------------------------------

Legend for f4 information
--------------------------------------------------------
deg       current degree of pairs selected in this round
sel       number of pairs selected in this round
pairs     total number of pairs in pair list
mat       matrix dimensions (# rows x # columns)
density   density of the matrix
new data  # new elements for basis in this round
          # zero reductions during linear algebra
time(rd)  time of the current f4 round in seconds given
          for real and cpu time
--------------------------------------------------------

deg     sel   pairs        mat          density            new data         time(rd) in sec (real|cpu)
------------------------------------------------------------------------------------------------------
  3     663     665     669 x 1330       88.23%      663 new       0 zero         0.16 | 0.19         
  4    2000    7494    4373 x 3495        8.40%      934 new    1066 zero         0.50 | 0.62         
  4    2000   21071    6370 x 4705        6.17%      335 new    1665 zero         0.39 | 0.52         
  4    2000   24985    8247 x 6530        5.50%      283 new    1717 zero         0.53 | 0.78         
  4     948   27993    8262 x 7314        5.30%        0 new     948 zero         0.31 | 0.51         
  5    2002   27045    2795 x 793         3.58%        0 new    2002 zero         0.00 | 0.00         
  5    2001   25043    3558 x 1557        5.23%        0 new    2001 zero         0.02 | 0.02         
  5    2001   23042    3891 x 1890        4.51%        0 new    2001 zero         0.03 | 0.04         
  5    2001   21041    5210 x 3209        4.74%        0 new    2001 zero         0.07 | 0.11         
  5    2001   19040    5923 x 3922        4.30%        0 new    2001 zero         0.10 | 0.17         
  5    2001   17039    6715 x 4714        4.12%        0 new    2001 zero         0.16 | 0.27         
  5    2001   15038    6542 x 4541        3.68%        0 new    2001 zero         0.10 | 0.16         
  5    2001   13037    7589 x 5588        3.56%        0 new    2001 zero         0.20 | 0.35         
  5    2002   11036   10393 x 8391        3.22%        0 new    2002 zero         0.53 | 0.96         
  5    2002    9034   14184 x 12182       2.49%        0 new    2002 zero         0.79 | 1.42         
  5    2001    7032   14207 x 12206       2.21%        0 new    2001 zero         0.84 | 1.55         
  5    2001    5031   16094 x 14093       1.85%        0 new    2001 zero         0.94 | 1.68         
  5    2001    3030   17942 x 15941       1.75%        0 new    2001 zero         1.22 | 2.22         
  5    1029    1029   16627 x 15598       1.81%        0 new    1029 zero         0.87 | 1.56         
------------------------------------------------------------------------------------------------------
reduce final basis     2221 x 2882        4.78%     2221 new       0 zero         0.02 | 0.02         
------------------------------------------------------------------------------------------------------

---------------- TIMINGS ----------------
overall(elapsed)        7.81 sec
overall(cpu)           13.18 sec
select                  0.27 sec   3.5%
symbolic prep.          1.20 sec  15.4%
update                  0.90 sec  11.5%
convert                 0.03 sec   0.4%
linear algebra          5.38 sec  68.8%
reduce gb               0.00 sec   0.0%
-----------------------------------------

---------- COMPUTATIONAL DATA -----------
size of basis                  2221
#terms in basis              261037
#pairs reduced                34656
#GM criterion               4122630
#redundant elements             663
#rows reduced                 71533
#zero reductions              32441
max. matrix data              17942 x 15941 (1.752%)
max. symbolic hash table size  2^15
max. basis hash table size     2^20
-----------------------------------------



------------------------------------------------------------------------------------
msolve overall time           8.42 sec (elapsed) / 13.79 sec (cpu)
------------------------------------------------------------------------------------
