Initial seed for pseudo-random number generator is 0

--------------- INPUT DATA ---------------
#variables                      19
#equations                     669
#invalid equations               0
field characteristic            23
homogeneous input?               1
signature-based computation      0
monomial order                 DRL
basis hash table resetting     OFF
linear algebra option            2
initial hash table size    1048576 (2^20)
max pair selection            2000
reduce gb                        1
#threads                         2
info level                       2
generate pbm files               0
------------------------------------------

Legend for f4 information
--------------------------------------------------------
deg       current degree of pairs selected in this round
sel       number of pairs selected in this round
pairs     total number of pairs in pair list
mat       matrix dimensions (# rows x # columns)
density   density of the matrix
new data  # new elements for basis in this round
          # zero reductions during linear algebra
time(rd)  time of the current f4 round in seconds given
          for real and cpu time
--------------------------------------------------------

deg     sel   pairs        mat          density            new data         time(rd) in sec (real|cpu)
------------------------------------------------------------------------------------------------------
  3     663     665     669 x 1330       88.25%      663 new       0 zero         0.17 | 0.20         
  4    2000    7494    4373 x 3495        8.40%      934 new    1066 zero         0.53 | 0.66         
  4    2000   21071    6370 x 4705        6.17%      335 new    1665 zero         0.42 | 0.57         
  4    2000   24985    8247 x 6530        5.49%      283 new    1717 zero         0.64 | 0.88         
  4     948   27993    8262 x 7314        5.29%        0 new     948 zero         0.34 | 0.57         
  5    2002   27045    2795 x 793         3.58%        0 new    2002 zero         0.00 | 0.00         
  5    2001   25043    3557 x 1556        5.23%        0 new    2001 zero         0.02 | 0.02         
  5    2001   23042    3892 x 1891        4.51%        0 new    2001 zero         0.03 | 0.05         
  5    2001   21041    5208 x 3207        4.75%        0 new    2001 zero         0.08 | 0.13         
  5    2001   19040    5921 x 3920        4.30%        0 new    2001 zero         0.11 | 0.19         
  5    2001   17039    6715 x 4714        4.12%        0 new    2001 zero         0.18 | 0.30         
  5    2001   15038    6540 x 4539        3.69%        0 new    2001 zero         0.11 | 0.18         
  5    2001   13037    7587 x 5586        3.57%        0 new    2001 zero         0.22 | 0.38         
  5    2002   11036   10394 x 8392        3.22%        0 new    2002 zero         0.58 | 1.04         
  5    2002    9034   14178 x 12176       2.49%        0 new    2002 zero         0.88 | 1.59         
  5    2001    7032   14191 x 12190       2.21%        0 new    2001 zero         0.90 | 1.65         
  5    2001    5031   16089 x 14088       1.85%        0 new    2001 zero         0.94 | 1.70         
  5    2001    3030   17944 x 15943       1.75%        0 new    2001 zero         1.29 | 2.36         
  5    1029    1029   16634 x 15605       1.81%        0 new    1029 zero         0.93 | 1.67         
------------------------------------------------------------------------------------------------------
reduce final basis     2221 x 2882        4.78%     2221 new       0 zero         0.02 | 0.02         
------------------------------------------------------------------------------------------------------

---------------- TIMINGS ----------------
overall(elapsed)        8.46 sec
overall(cpu)           14.20 sec
select                  0.30 sec   3.6%
symbolic prep.          1.31 sec  15.5%
update                  1.00 sec  11.9%
convert                 0.03 sec   0.4%
linear algebra          5.77 sec  68.2%
reduce gb               0.00 sec   0.0%
-----------------------------------------

---------- COMPUTATIONAL DATA -----------
size of basis                  2221
#terms in basis              260914
#pairs reduced                34656
#GM criterion               4122630
#redundant elements             663
#rows reduced                 71533
#zero reductions              32441
max. matrix data              17944 x 15943 (1.752%)
max. symbolic hash table size  2^15
max. basis hash table size     2^20
-----------------------------------------



------------------------------------------------------------------------------------
msolve overall time           9.16 sec (elapsed) / 14.91 sec (cpu)
------------------------------------------------------------------------------------
