Initial seed for pseudo-random number generator is 0

--------------- INPUT DATA ---------------
#variables                      19
#equations                     669
#invalid equations               0
field characteristic            23
homogeneous input?               1
signature-based computation      0
monomial order                 DRL
basis hash table resetting     OFF
linear algebra option            2
initial hash table size    1048576 (2^20)
max pair selection            2000
reduce gb                        1
#threads                         2
info level                       2
generate pbm files               0
------------------------------------------

Legend for f4 information
--------------------------------------------------------
deg       current degree of pairs selected in this round
sel       number of pairs selected in this round
pairs     total number of pairs in pair list
mat       matrix dimensions (# rows x # columns)
density   density of the matrix
new data  # new elements for basis in this round
          # zero reductions during linear algebra
time(rd)  time of the current f4 round in seconds given
          for real and cpu time
--------------------------------------------------------

deg     sel   pairs        mat          density            new data         time(rd) in sec (real|cpu)
------------------------------------------------------------------------------------------------------
  3     663     665     669 x 1330       88.22%      663 new       0 zero         0.16 | 0.19         
  4    2000    7494    4373 x 3495        8.39%      934 new    1066 zero         0.49 | 0.60         
  4    2000   21071    6370 x 4705        6.17%      335 new    1665 zero         0.39 | 0.52         
  4    2000   24985    8247 x 6530        5.49%      283 new    1717 zero         0.56 | 0.81         
  4     948   27993    8262 x 7314        5.29%        0 new     948 zero         0.30 | 0.50         
  5    2002   27045    2795 x 793         3.58%        0 new    2002 zero         0.00 | 0.00         
  5    2001   25043    3558 x 1557        5.22%        0 new    2001 zero         0.01 | 0.02         
  5    2001   23042    3892 x 1891        4.51%        0 new    2001 zero         0.03 | 0.04         
  5    2001   21041    5192 x 3191        4.72%        0 new    2001 zero         0.07 | 0.12         
  5    2001   19040    5913 x 3912        4.28%        0 new    2001 zero         0.10 | 0.17         
  5    2001   17039    6708 x 4707        4.11%        0 new    2001 zero         0.16 | 0.26         
  5    2001   15038    6532 x 4531        3.67%        0 new    2001 zero         0.11 | 0.17         
  5    2001   13037    7580 x 5579        3.56%        0 new    2001 zero         0.20 | 0.35         
  5    2002   11036   10383 x 8381        3.22%        0 new    2002 zero         0.57 | 1.03         
  5    2002    9034   14146 x 12144       2.49%        0 new    2002 zero         0.84 | 1.50         
  5    2001    7032   14175 x 12174       2.21%        0 new    2001 zero         0.87 | 1.59         
  5    2001    5031   16059 x 14058       1.85%        0 new    2001 zero         0.86 | 1.55         
  5    2001    3030   17904 x 15903       1.75%        0 new    2001 zero         1.13 | 2.07         
  5    1029    1029   16597 x 15568       1.81%        0 new    1029 zero         0.80 | 1.44         
------------------------------------------------------------------------------------------------------
reduce final basis     2221 x 2882        4.78%     2221 new       0 zero         0.02 | 0.02         
------------------------------------------------------------------------------------------------------

---------------- TIMINGS ----------------
overall(elapsed)        7.72 sec
overall(cpu)           12.99 sec
select                  0.28 sec   3.6%
symbolic prep.          1.21 sec  15.7%
update                  0.90 sec  11.7%
convert                 0.03 sec   0.4%
linear algebra          5.26 sec  68.2%
reduce gb               0.00 sec   0.0%
-----------------------------------------

---------- COMPUTATIONAL DATA -----------
size of basis                  2221
#terms in basis              260876
#pairs reduced                34656
#GM criterion               4122630
#redundant elements             663
#rows reduced                 71533
#zero reductions              32441
max. matrix data              17904 x 15903 (1.751%)
max. symbolic hash table size  2^15
max. basis hash table size     2^20
-----------------------------------------



------------------------------------------------------------------------------------
msolve overall time           8.33 sec (elapsed) / 13.60 sec (cpu)
------------------------------------------------------------------------------------
