#Leading ideal data
#---
#field characteristic: 23
#variable order:       a0, a1, a2, a3, a4, a5, a6, a7, a8, a9, a10, a11, a12, a13, a14, a15, a16, a17, a18, a19, a20
#monomial order:       graded reverse lexicographical
#length of basis:      4194 elements sorted by increasing leading monomials
#---
[a0^1*a14^1*a17^1,
a13^2*a17^1,
a12^1*a13^1*a17^1,
a11^1*a13^1*a17^1,
a10^1*a13^1*a17^1,
a8^1*a13^1*a17^1,
a7^1*a13^1*a17^1,
a6^1*a13^1*a17^1,
a5^1*a13^1*a17^1,
a4^1*a13^1*a17^1,
a3^1*a13^1*a17^1,
a2^1*a13^1*a17^1,
a1^1*a13^1*a17^1,
a0^1*a13^1*a17^1,
a12^2*a17^1,
a11^1*a12^1*a17^1,
a10^1*a12^1*a17^1,
a8^1*a12^1*a17^1,
a7^1*a12^1*a17^1,
a6^1*a12^1*a17^1,
a5^1*a12^1*a17^1,
a4^1*a12^1*a17^1,
a3^1*a12^1*a17^1,
a2^1*a12^1*a17^1,
a1^1*a12^1*a17^1,
a0^1*a12^1*a17^1,
a11^2*a17^1,
a10^1*a11^1*a17^1,
a8^1*a11^1*a17^1,
a7^1*a11^1*a17^1,
a6^1*a11^1*a17^1,
a5^1*a11^1*a17^1,
a4^1*a11^1*a17^1,
a3^1*a11^1*a17^1,
a2^1*a11^1*a17^1,
a1^1*a11^1*a17^1,
a0^1*a11^1*a17^1,
a0^1*a1^1*a17^1,
a0^2*a17^1,
a16^3,
a15^1*a16^2,
a14^1*a16^2,
a13^1*a16^2,
a12^1*a16^2,
a11^1*a16^2,
a10^1*a16^2,
a9^1*a16^2,
a8^1*a16^2,
a7^1*a16^2,
a6^1*a16^2,
a5^1*a16^2,
a4^1*a16^2,
a3^1*a16^2,
a2^1*a16^2,
a1^1*a16^2,
a0^1*a16^2,
a15^2*a16^1,
a14^1*a15^1*a16^1,
a13^1*a15^1*a16^1,
a12^1*a15^1*a16^1,
a11^1*a15^1*a16^1,
a10^1*a15^1*a16^1,
a8^1*a15^1*a16^1,
a7^1*a15^1*a16^1,
a6^1*a15^1*a16^1,
a5^1*a15^1*a16^1,
a4^1*a15^1*a16^1,
a3^1*a15^1*a16^1,
a2^1*a15^1*a16^1,
a1^1*a15^1*a16^1,
a0^1*a15^1*a16^1,
a14^2*a16^1,
a13^1*a14^1*a16^1,
a12^1*a14^1*a16^1,
a11^1*a14^1*a16^1,
a10^1*a14^1*a16^1,
a8^1*a14^1*a16^1,
a7^1*a14^1*a16^1,
a6^1*a14^1*a16^1,
a5^1*a14^1*a16^1,
a4^1*a14^1*a16^1,
a3^1*a14^1*a16^1,
a2^1*a14^1*a16^1,
a1^1*a14^1*a16^1,
a0^1*a14^1*a16^1,
a13^2*a16^1,
a12^1*a13^1*a16^1,
a11^1*a13^1*a16^1,
a10^1*a13^1*a16^1,
a8^1*a13^1*a16^1,
a7^1*a13^1*a16^1,
a6^1*a13^1*a16^1,
a5^1*a13^1*a16^1,
a4^1*a13^1*a16^1,
a3^1*a13^1*a16^1,
a2^1*a13^1*a16^1,
a1^1*a13^1*a16^1,
a0^1*a13^1*a16^1,
a12^2*a16^1,
a11^1*a12^1*a16^1,
a10^1*a12^1*a16^1,
a8^1*a12^1*a16^1,
a7^1*a12^1*a16^1,
a6^1*a12^1*a16^1,
a5^1*a12^1*a16^1,
a4^1*a12^1*a16^1,
a3^1*a12^1*a16^1,
a2^1*a12^1*a16^1,
a1^1*a12^1*a16^1,
a0^1*a12^1*a16^1,
a11^2*a16^1,
a10^1*a11^1*a16^1,
a8^1*a11^1*a16^1,
a7^1*a11^1*a16^1,
a6^1*a11^1*a16^1,
a5^1*a11^1*a16^1,
a4^1*a11^1*a16^1,
a3^1*a11^1*a16^1,
a2^1*a11^1*a16^1,
a1^1*a11^1*a16^1,
a0^1*a11^1*a16^1,
a2^1*a5^1*a16^1,
a1^1*a5^1*a16^1,
a0^1*a5^1*a16^1,
a4^2*a16^1,
a3^1*a4^1*a16^1,
a2^1*a4^1*a16^1,
a1^1*a4^1*a16^1,
a0^1*a4^1*a16^1,
a3^2*a16^1,
a2^1*a3^1*a16^1,
a1^1*a3^1*a16^1,
a0^1*a3^1*a16^1,
a2^2*a16^1,
a1^1*a2^1*a16^1,
a0^1*a2^1*a16^1,
a1^2*a16^1,
a0^1*a1^1*a16^1,
a0^2*a16^1,
a15^3,
a14^1*a15^2,
a13^1*a15^2,
a12^1*a15^2,
a11^1*a15^2,
a10^1*a15^2,
a8^1*a15^2,
a7^1*a15^2,
a6^1*a15^2,
a5^1*a15^2,
a4^1*a15^2,
a3^1*a15^2,
a2^1*a15^2,
a1^1*a15^2,
a0^1*a15^2,
a14^2*a15^1,
a13^1*a14^1*a15^1,
a12^1*a14^1*a15^1,
a11^1*a14^1*a15^1,
a10^1*a14^1*a15^1,
a8^1*a14^1*a15^1,
a7^1*a14^1*a15^1,
a6^1*a14^1*a15^1,
a5^1*a14^1*a15^1,
a4^1*a14^1*a15^1,
a3^1*a14^1*a15^1,
a2^1*a14^1*a15^1,
a1^1*a14^1*a15^1,
a0^1*a14^1*a15^1,
a13^2*a15^1,
a12^1*a13^1*a15^1,
a11^1*a13^1*a15^1,
a10^1*a13^1*a15^1,
a8^1*a13^1*a15^1,
a7^1*a13^1*a15^1,
a6^1*a13^1*a15^1,
a5^1*a13^1*a15^1,
a4^1*a13^1*a15^1,
a3^1*a13^1*a15^1,
a2^1*a13^1*a15^1,
a1^1*a13^1*a15^1,
a0^1*a13^1*a15^1,
a12^2*a15^1,
a11^1*a12^1*a15^1,
a10^1*a12^1*a15^1,
a8^1*a12^1*a15^1,
a7^1*a12^1*a15^1,
a6^1*a12^1*a15^1,
a5^1*a12^1*a15^1,
a4^1*a12^1*a15^1,
a3^1*a12^1*a15^1,
a2^1*a12^1*a15^1,
a1^1*a12^1*a15^1,
a0^1*a12^1*a15^1,
a11^2*a15^1,
a10^1*a11^1*a15^1,
a8^1*a11^1*a15^1,
a7^1*a11^1*a15^1,
a6^1*a11^1*a15^1,
a5^1*a11^1*a15^1,
a4^1*a11^1*a15^1,
a3^1*a11^1*a15^1,
a2^1*a11^1*a15^1,
a1^1*a11^1*a15^1,
a0^1*a11^1*a15^1,
a5^2*a15^1,
a4^1*a5^1*a15^1,
a3^1*a5^1*a15^1,
a2^1*a5^1*a15^1,
a1^1*a5^1*a15^1,
a0^1*a5^1*a15^1,
a4^2*a15^1,
a3^1*a4^1*a15^1,
a2^1*a4^1*a15^1,
a1^1*a4^1*a15^1,
a0^1*a4^1*a15^1,
a3^2*a15^1,
a2^1*a3^1*a15^1,
a1^1*a3^1*a15^1,
a0^1*a3^1*a15^1,
a2^2*a15^1,
a1^1*a2^1*a15^1,
a0^1*a2^1*a15^1,
a1^2*a15^1,
a0^1*a1^1*a15^1,
a0^2*a15^1,
a14^3,
a13^1*a14^2,
a12^1*a14^2,
a11^1*a14^2,
a10^1*a14^2,
a8^1*a14^2,
a7^1*a14^2,
a6^1*a14^2,
a5^1*a14^2,
a4^1*a14^2,
a3^1*a14^2,
a2^1*a14^2,
a1^1*a14^2,
a0^1*a14^2,
a13^2*a14^1,
a12^1*a13^1*a14^1,
a11^1*a13^1*a14^1,
a10^1*a13^1*a14^1,
a8^1*a13^1*a14^1,
a7^1*a13^1*a14^1,
a6^1*a13^1*a14^1,
a5^1*a13^1*a14^1,
a4^1*a13^1*a14^1,
a3^1*a13^1*a14^1,
a2^1*a13^1*a14^1,
a1^1*a13^1*a14^1,
a0^1*a13^1*a14^1,
a12^2*a14^1,
a11^1*a12^1*a14^1,
a10^1*a12^1*a14^1,
a8^1*a12^1*a14^1,
a7^1*a12^1*a14^1,
a6^1*a12^1*a14^1,
a5^1*a12^1*a14^1,
a4^1*a12^1*a14^1,
a3^1*a12^1*a14^1,
a2^1*a12^1*a14^1,
a1^1*a12^1*a14^1,
a0^1*a12^1*a14^1,
a11^2*a14^1,
a10^1*a11^1*a14^1,
a8^1*a11^1*a14^1,
a7^1*a11^1*a14^1,
a6^1*a11^1*a14^1,
a5^1*a11^1*a14^1,
a4^1*a11^1*a14^1,
a3^1*a11^1*a14^1,
a2^1*a11^1*a14^1,
a1^1*a11^1*a14^1,
a0^1*a11^1*a14^1,
a2^1*a7^1*a14^1,
a1^1*a7^1*a14^1,
a0^1*a7^1*a14^1,
a6^2*a14^1,
a5^1*a6^1*a14^1,
a4^1*a6^1*a14^1,
a3^1*a6^1*a14^1,
a2^1*a6^1*a14^1,
a1^1*a6^1*a14^1,
a0^1*a6^1*a14^1,
a5^2*a14^1,
a4^1*a5^1*a14^1,
a3^1*a5^1*a14^1,
a2^1*a5^1*a14^1,
a1^1*a5^1*a14^1,
a0^1*a5^1*a14^1,
a4^2*a14^1,
a3^1*a4^1*a14^1,
a2^1*a4^1*a14^1,
a1^1*a4^1*a14^1,
a0^1*a4^1*a14^1,
a3^2*a14^1,
a2^1*a3^1*a14^1,
a1^1*a3^1*a14^1,
a0^1*a3^1*a14^1,
a2^2*a14^1,
a1^1*a2^1*a14^1,
a0^1*a2^1*a14^1,
a1^2*a14^1,
a0^1*a1^1*a14^1,
a0^2*a14^1,
a13^3,
a12^1*a13^2,
a11^1*a13^2,
a10^1*a13^2,
a8^1*a13^2,
a7^1*a13^2,
a6^1*a13^2,
a5^1*a13^2,
a4^1*a13^2,
a3^1*a13^2,
a2^1*a13^2,
a1^1*a13^2,
a0^1*a13^2,
a12^2*a13^1,
a11^1*a12^1*a13^1,
a10^1*a12^1*a13^1,
a8^1*a12^1*a13^1,
a7^1*a12^1*a13^1,
a6^1*a12^1*a13^1,
a5^1*a12^1*a13^1,
a4^1*a12^1*a13^1,
a3^1*a12^1*a13^1,
a2^1*a12^1*a13^1,
a1^1*a12^1*a13^1,
a0^1*a12^1*a13^1,
a11^2*a13^1,
a10^1*a11^1*a13^1,
a8^1*a11^1*a13^1,
a7^1*a11^1*a13^1,
a6^1*a11^1*a13^1,
a5^1*a11^1*a13^1,
a4^1*a11^1*a13^1,
a3^1*a11^1*a13^1,
a2^1*a11^1*a13^1,
a1^1*a11^1*a13^1,
a0^1*a11^1*a13^1,
a2^1*a8^1*a13^1,
a1^1*a8^1*a13^1,
a0^1*a8^1*a13^1,
a7^2*a13^1,
a6^1*a7^1*a13^1,
a5^1*a7^1*a13^1,
a4^1*a7^1*a13^1,
a3^1*a7^1*a13^1,
a2^1*a7^1*a13^1,
a1^1*a7^1*a13^1,
a0^1*a7^1*a13^1,
a6^2*a13^1,
a5^1*a6^1*a13^1,
a4^1*a6^1*a13^1,
a3^1*a6^1*a13^1,
a2^1*a6^1*a13^1,
a1^1*a6^1*a13^1,
a0^1*a6^1*a13^1,
a5^2*a13^1,
a4^1*a5^1*a13^1,
a3^1*a5^1*a13^1,
a2^1*a5^1*a13^1,
a1^1*a5^1*a13^1,
a0^1*a5^1*a13^1,
a4^2*a13^1,
a3^1*a4^1*a13^1,
a2^1*a4^1*a13^1,
a1^1*a4^1*a13^1,
a0^1*a4^1*a13^1,
a3^2*a13^1,
a2^1*a3^1*a13^1,
a1^1*a3^1*a13^1,
a0^1*a3^1*a13^1,
a2^2*a13^1,
a1^1*a2^1*a13^1,
a0^1*a2^1*a13^1,
a1^2*a13^1,
a0^1*a1^1*a13^1,
a0^2*a13^1,
a12^3,
a11^1*a12^2,
a10^1*a12^2,
a8^1*a12^2,
a7^1*a12^2,
a6^1*a12^2,
a5^1*a12^2,
a4^1*a12^2,
a3^1*a12^2,
a2^1*a12^2,
a1^1*a12^2,
a0^1*a12^2,
a11^2*a12^1,
a10^1*a11^1*a12^1,
a8^1*a11^1*a12^1,
a7^1*a11^1*a12^1,
a6^1*a11^1*a12^1,
a5^1*a11^1*a12^1,
a4^1*a11^1*a12^1,
a3^1*a11^1*a12^1,
a2^1*a11^1*a12^1,
a1^1*a11^1*a12^1,
a0^1*a11^1*a12^1,
a2^1*a4^1*a12^1,
a1^1*a4^1*a12^1,
a0^1*a4^1*a12^1,
a3^2*a12^1,
a2^1*a3^1*a12^1,
a1^1*a3^1*a12^1,
a0^1*a3^1*a12^1,
a2^2*a12^1,
a1^1*a2^1*a12^1,
a0^1*a2^1*a12^1,
a1^2*a12^1,
a0^1*a1^1*a12^1,
a0^2*a12^1,
a11^3,
a10^1*a11^2,
a9^1*a11^2,
a8^1*a11^2,
a7^1*a11^2,
a6^1*a11^2,
a5^1*a11^2,
a4^1*a11^2,
a3^1*a11^2,
a2^1*a11^2,
a1^1*a11^2,
a0^1*a11^2,
a10^2*a11^1,
a8^1*a10^1*a11^1,
a7^1*a10^1*a11^1,
a6^1*a10^1*a11^1,
a5^1*a10^1*a11^1,
a4^1*a10^1*a11^1,
a3^1*a10^1*a11^1,
a2^1*a10^1*a11^1,
a1^1*a10^1*a11^1,
a0^1*a10^1*a11^1,
a8^2*a11^1,
a7^1*a8^1*a11^1,
a6^1*a8^1*a11^1,
a5^1*a8^1*a11^1,
a4^1*a8^1*a11^1,
a3^1*a8^1*a11^1,
a2^1*a8^1*a11^1,
a1^1*a8^1*a11^1,
a0^1*a8^1*a11^1,
a7^2*a11^1,
a6^1*a7^1*a11^1,
a5^1*a7^1*a11^1,
a4^1*a7^1*a11^1,
a3^1*a7^1*a11^1,
a2^1*a7^1*a11^1,
a1^1*a7^1*a11^1,
a0^1*a7^1*a11^1,
a6^2*a11^1,
a5^1*a6^1*a11^1,
a4^1*a6^1*a11^1,
a3^1*a6^1*a11^1,
a2^1*a6^1*a11^1,
a1^1*a6^1*a11^1,
a0^1*a6^1*a11^1,
a5^2*a11^1,
a4^1*a5^1*a11^1,
a3^1*a5^1*a11^1,
a2^1*a5^1*a11^1,
a1^1*a5^1*a11^1,
a0^1*a5^1*a11^1,
a4^2*a11^1,
a3^1*a4^1*a11^1,
a2^1*a4^1*a11^1,
a1^1*a4^1*a11^1,
a0^1*a4^1*a11^1,
a3^2*a11^1,
a2^1*a3^1*a11^1,
a1^1*a3^1*a11^1,
a0^1*a3^1*a11^1,
a2^2*a11^1,
a1^1*a2^1*a11^1,
a0^1*a2^1*a11^1,
a1^2*a11^1,
a0^1*a1^1*a11^1,
a0^2*a11^1,
a4^1*a5^1*a9^1,
a3^1*a5^1*a9^1,
a2^1*a5^1*a9^1,
a1^1*a5^1*a9^1,
a0^1*a5^1*a9^1,
a4^2*a9^1,
a3^1*a4^1*a9^1,
a2^1*a4^1*a9^1,
a1^1*a4^1*a9^1,
a0^1*a4^1*a9^1,
a3^2*a9^1,
a2^1*a3^1*a9^1,
a1^1*a3^1*a9^1,
a0^1*a3^1*a9^1,
a2^2*a9^1,
a1^1*a2^1*a9^1,
a0^1*a2^1*a9^1,
a1^2*a9^1,
a0^1*a1^1*a9^1,
a0^2*a9^1,
a8^3,
a7^1*a8^2,
a6^1*a8^2,
a5^1*a8^2,
a4^1*a8^2,
a3^1*a8^2,
a2^1*a8^2,
a1^1*a8^2,
a0^1*a8^2,
a7^2*a8^1,
a6^1*a7^1*a8^1,
a5^1*a7^1*a8^1,
a4^1*a7^1*a8^1,
a3^1*a7^1*a8^1,
a2^1*a7^1*a8^1,
a1^1*a7^1*a8^1,
a0^1*a7^1*a8^1,
a6^2*a8^1,
a5^1*a6^1*a8^1,
a4^1*a6^1*a8^1,
a3^1*a6^1*a8^1,
a2^1*a6^1*a8^1,
a1^1*a6^1*a8^1,
a0^1*a6^1*a8^1,
a5^2*a8^1,
a4^1*a5^1*a8^1,
a3^1*a5^1*a8^1,
a2^1*a5^1*a8^1,
a1^1*a5^1*a8^1,
a0^1*a5^1*a8^1,
a4^2*a8^1,
a3^1*a4^1*a8^1,
a2^1*a4^1*a8^1,
a1^1*a4^1*a8^1,
a0^1*a4^1*a8^1,
a3^2*a8^1,
a2^1*a3^1*a8^1,
a1^1*a3^1*a8^1,
a0^1*a3^1*a8^1,
a2^2*a8^1,
a1^1*a2^1*a8^1,
a0^1*a2^1*a8^1,
a1^2*a8^1,
a0^1*a1^1*a8^1,
a0^2*a8^1,
a7^3,
a6^1*a7^2,
a5^1*a7^2,
a4^1*a7^2,
a3^1*a7^2,
a2^1*a7^2,
a1^1*a7^2,
a0^1*a7^2,
a6^2*a7^1,
a5^1*a6^1*a7^1,
a4^1*a6^1*a7^1,
a3^1*a6^1*a7^1,
a2^1*a6^1*a7^1,
a1^1*a6^1*a7^1,
a0^1*a6^1*a7^1,
a5^2*a7^1,
a4^1*a5^1*a7^1,
a3^1*a5^1*a7^1,
a2^1*a5^1*a7^1,
a1^1*a5^1*a7^1,
a0^1*a5^1*a7^1,
a4^2*a7^1,
a3^1*a4^1*a7^1,
a2^1*a4^1*a7^1,
a1^1*a4^1*a7^1,
a0^1*a4^1*a7^1,
a3^2*a7^1,
a2^1*a3^1*a7^1,
a1^1*a3^1*a7^1,
a0^1*a3^1*a7^1,
a2^2*a7^1,
a1^1*a2^1*a7^1,
a0^1*a2^1*a7^1,
a1^2*a7^1,
a0^1*a1^1*a7^1,
a0^2*a7^1,
a6^3,
a5^1*a6^2,
a4^1*a6^2,
a3^1*a6^2,
a2^1*a6^2,
a1^1*a6^2,
a0^1*a6^2,
a5^2*a6^1,
a4^1*a5^1*a6^1,
a3^1*a5^1*a6^1,
a2^1*a5^1*a6^1,
a1^1*a5^1*a6^1,
a0^1*a5^1*a6^1,
a4^2*a6^1,
a3^1*a4^1*a6^1,
a2^1*a4^1*a6^1,
a1^1*a4^1*a6^1,
a0^1*a4^1*a6^1,
a3^2*a6^1,
a2^1*a3^1*a6^1,
a1^1*a3^1*a6^1,
a0^1*a3^1*a6^1,
a2^2*a6^1,
a1^1*a2^1*a6^1,
a0^1*a2^1*a6^1,
a1^2*a6^1,
a0^1*a1^1*a6^1,
a0^2*a6^1,
a5^3,
a4^1*a5^2,
a3^1*a5^2,
a2^1*a5^2,
a1^1*a5^2,
a0^1*a5^2,
a4^2*a5^1,
a3^1*a4^1*a5^1,
a2^1*a4^1*a5^1,
a1^1*a4^1*a5^1,
a0^1*a4^1*a5^1,
a3^2*a5^1,
a2^1*a3^1*a5^1,
a1^1*a3^1*a5^1,
a0^1*a3^1*a5^1,
a2^2*a5^1,
a1^1*a2^1*a5^1,
a0^1*a2^1*a5^1,
a1^2*a5^1,
a0^1*a1^1*a5^1,
a0^2*a5^1,
a4^3,
a3^1*a4^2,
a2^1*a4^2,
a1^1*a4^2,
a0^1*a4^2,
a3^2*a4^1,
a2^1*a3^1*a4^1,
a1^1*a3^1*a4^1,
a0^1*a3^1*a4^1,
a2^2*a4^1,
a1^1*a2^1*a4^1,
a0^1*a2^1*a4^1,
a1^2*a4^1,
a0^1*a1^1*a4^1,
a0^2*a4^1,
a3^3,
a2^1*a3^2,
a1^1*a3^2,
a0^1*a3^2,
a2^2*a3^1,
a1^1*a2^1*a3^1,
a0^1*a2^1*a3^1,
a1^2*a3^1,
a0^1*a1^1*a3^1,
a0^2*a3^1,
a2^3,
a1^1*a2^2,
a0^1*a2^2,
a1^2*a2^1,
a0^1*a1^1*a2^1,
a0^2*a2^1,
a1^3,
a0^1*a1^2,
a0^2*a1^1,
a0^3,
a20^4,
a19^1*a20^3,
a18^1*a20^3,
a17^1*a20^3,
a16^1*a20^3,
a15^1*a20^3,
a14^1*a20^3,
a13^1*a20^3,
a12^1*a20^3,
a11^1*a20^3,
a10^1*a20^3,
a9^1*a20^3,
a8^1*a20^3,
a7^1*a20^3,
a6^1*a20^3,
a5^1*a20^3,
a4^1*a20^3,
a3^1*a20^3,
a2^1*a20^3,
a1^1*a20^3,
a0^1*a20^3,
a19^2*a20^2,
a18^1*a19^1*a20^2,
a17^1*a19^1*a20^2,
a16^1*a19^1*a20^2,
a15^1*a19^1*a20^2,
a14^1*a19^1*a20^2,
a13^1*a19^1*a20^2,
a12^1*a19^1*a20^2,
a11^1*a19^1*a20^2,
a10^1*a19^1*a20^2,
a9^1*a19^1*a20^2,
a8^1*a19^1*a20^2,
a7^1*a19^1*a20^2,
a6^1*a19^1*a20^2,
a5^1*a19^1*a20^2,
a4^1*a19^1*a20^2,
a3^1*a19^1*a20^2,
a2^1*a19^1*a20^2,
a1^1*a19^1*a20^2,
a0^1*a19^1*a20^2,
a18^2*a20^2,
a17^1*a18^1*a20^2,
a16^1*a18^1*a20^2,
a15^1*a18^1*a20^2,
a14^1*a18^1*a20^2,
a13^1*a18^1*a20^2,
a12^1*a18^1*a20^2,
a11^1*a18^1*a20^2,
a10^1*a18^1*a20^2,
a9^1*a18^1*a20^2,
a8^1*a18^1*a20^2,
a7^1*a18^1*a20^2,
a6^1*a18^1*a20^2,
a5^1*a18^1*a20^2,
a4^1*a18^1*a20^2,
a3^1*a18^1*a20^2,
a2^1*a18^1*a20^2,
a1^1*a18^1*a20^2,
a0^1*a18^1*a20^2,
a17^2*a20^2,
a16^1*a17^1*a20^2,
a15^1*a17^1*a20^2,
a14^1*a17^1*a20^2,
a13^1*a17^1*a20^2,
a12^1*a17^1*a20^2,
a11^1*a17^1*a20^2,
a10^1*a17^1*a20^2,
a9^1*a17^1*a20^2,
a8^1*a17^1*a20^2,
a7^1*a17^1*a20^2,
a6^1*a17^1*a20^2,
a5^1*a17^1*a20^2,
a4^1*a17^1*a20^2,
a3^1*a17^1*a20^2,
a2^1*a17^1*a20^2,
a1^1*a17^1*a20^2,
a0^1*a17^1*a20^2,
a16^2*a20^2,
a15^1*a16^1*a20^2,
a14^1*a16^1*a20^2,
a13^1*a16^1*a20^2,
a12^1*a16^1*a20^2,
a11^1*a16^1*a20^2,
a10^1*a16^1*a20^2,
a9^1*a16^1*a20^2,
a8^1*a16^1*a20^2,
a7^1*a16^1*a20^2,
a6^1*a16^1*a20^2,
a5^1*a16^1*a20^2,
a4^1*a16^1*a20^2,
a3^1*a16^1*a20^2,
a2^1*a16^1*a20^2,
a1^1*a16^1*a20^2,
a0^1*a16^1*a20^2,
a15^2*a20^2,
a14^1*a15^1*a20^2,
a13^1*a15^1*a20^2,
a12^1*a15^1*a20^2,
a11^1*a15^1*a20^2,
a10^1*a15^1*a20^2,
a9^1*a15^1*a20^2,
a8^1*a15^1*a20^2,
a7^1*a15^1*a20^2,
a6^1*a15^1*a20^2,
a5^1*a15^1*a20^2,
a4^1*a15^1*a20^2,
a3^1*a15^1*a20^2,
a2^1*a15^1*a20^2,
a1^1*a15^1*a20^2,
a0^1*a15^1*a20^2,
a14^2*a20^2,
a13^1*a14^1*a20^2,
a12^1*a14^1*a20^2,
a11^1*a14^1*a20^2,
a10^1*a14^1*a20^2,
a9^1*a14^1*a20^2,
a8^1*a14^1*a20^2,
a7^1*a14^1*a20^2,
a6^1*a14^1*a20^2,
a5^1*a14^1*a20^2,
a4^1*a14^1*a20^2,
a3^1*a14^1*a20^2,
a2^1*a14^1*a20^2,
a1^1*a14^1*a20^2,
a0^1*a14^1*a20^2,
a13^2*a20^2,
a12^1*a13^1*a20^2,
a11^1*a13^1*a20^2,
a10^1*a13^1*a20^2,
a9^1*a13^1*a20^2,
a8^1*a13^1*a20^2,
a7^1*a13^1*a20^2,
a6^1*a13^1*a20^2,
a5^1*a13^1*a20^2,
a4^1*a13^1*a20^2,
a3^1*a13^1*a20^2,
a2^1*a13^1*a20^2,
a1^1*a13^1*a20^2,
a0^1*a13^1*a20^2,
a12^2*a20^2,
a11^1*a12^1*a20^2,
a10^1*a12^1*a20^2,
a9^1*a12^1*a20^2,
a8^1*a12^1*a20^2,
a7^1*a12^1*a20^2,
a6^1*a12^1*a20^2,
a5^1*a12^1*a20^2,
a4^1*a12^1*a20^2,
a3^1*a12^1*a20^2,
a2^1*a12^1*a20^2,
a1^1*a12^1*a20^2,
a0^1*a12^1*a20^2,
a11^2*a20^2,
a10^1*a11^1*a20^2,
a9^1*a11^1*a20^2,
a8^1*a11^1*a20^2,
a7^1*a11^1*a20^2,
a6^1*a11^1*a20^2,
a5^1*a11^1*a20^2,
a4^1*a11^1*a20^2,
a3^1*a11^1*a20^2,
a2^1*a11^1*a20^2,
a1^1*a11^1*a20^2,
a0^1*a11^1*a20^2,
a10^2*a20^2,
a9^1*a10^1*a20^2,
a8^1*a10^1*a20^2,
a7^1*a10^1*a20^2,
a6^1*a10^1*a20^2,
a5^1*a10^1*a20^2,
a4^1*a10^1*a20^2,
a3^1*a10^1*a20^2,
a2^1*a10^1*a20^2,
a1^1*a10^1*a20^2,
a0^1*a10^1*a20^2,
a9^2*a20^2,
a8^1*a9^1*a20^2,
a7^1*a9^1*a20^2,
a6^1*a9^1*a20^2,
a5^1*a9^1*a20^2,
a4^1*a9^1*a20^2,
a3^1*a9^1*a20^2,
a2^1*a9^1*a20^2,
a1^1*a9^1*a20^2,
a0^1*a9^1*a20^2,
a8^2*a20^2,
a7^1*a8^1*a20^2,
a6^1*a8^1*a20^2,
a5^1*a8^1*a20^2,
a4^1*a8^1*a20^2,
a3^1*a8^1*a20^2,
a2^1*a8^1*a20^2,
a1^1*a8^1*a20^2,
a0^1*a8^1*a20^2,
a7^2*a20^2,
a6^1*a7^1*a20^2,
a5^1*a7^1*a20^2,
a4^1*a7^1*a20^2,
a3^1*a7^1*a20^2,
a2^1*a7^1*a20^2,
a1^1*a7^1*a20^2,
a0^1*a7^1*a20^2,
a6^2*a20^2,
a5^1*a6^1*a20^2,
a4^1*a6^1*a20^2,
a3^1*a6^1*a20^2,
a2^1*a6^1*a20^2,
a1^1*a6^1*a20^2,
a0^1*a6^1*a20^2,
a5^2*a20^2,
a4^1*a5^1*a20^2,
a3^1*a5^1*a20^2,
a2^1*a5^1*a20^2,
a1^1*a5^1*a20^2,
a0^1*a5^1*a20^2,
a4^2*a20^2,
a3^1*a4^1*a20^2,
a2^1*a4^1*a20^2,
a1^1*a4^1*a20^2,
a0^1*a4^1*a20^2,
a3^2*a20^2,
a2^1*a3^1*a20^2,
a1^1*a3^1*a20^2,
a0^1*a3^1*a20^2,
a2^2*a20^2,
a1^1*a2^1*a20^2,
a0^1*a2^1*a20^2,
a1^2*a20^2,
a0^1*a1^1*a20^2,
a0^2*a20^2,
a19^3*a20^1,
a18^1*a19^2*a20^1,
a17^1*a19^2*a20^1,
a16^1*a19^2*a20^1,
a15^1*a19^2*a20^1,
a14^1*a19^2*a20^1,
a13^1*a19^2*a20^1,
a12^1*a19^2*a20^1,
a11^1*a19^2*a20^1,
a10^1*a19^2*a20^1,
a9^1*a19^2*a20^1,
a8^1*a19^2*a20^1,
a7^1*a19^2*a20^1,
a6^1*a19^2*a20^1,
a5^1*a19^2*a20^1,
a4^1*a19^2*a20^1,
a3^1*a19^2*a20^1,
a2^1*a19^2*a20^1,
a1^1*a19^2*a20^1,
a0^1*a19^2*a20^1,
a18^2*a19^1*a20^1,
a17^1*a18^1*a19^1*a20^1,
a16^1*a18^1*a19^1*a20^1,
a15^1*a18^1*a19^1*a20^1,
a14^1*a18^1*a19^1*a20^1,
a13^1*a18^1*a19^1*a20^1,
a12^1*a18^1*a19^1*a20^1,
a11^1*a18^1*a19^1*a20^1,
a10^1*a18^1*a19^1*a20^1,
a9^1*a18^1*a19^1*a20^1,
a8^1*a18^1*a19^1*a20^1,
a7^1*a18^1*a19^1*a20^1,
a6^1*a18^1*a19^1*a20^1,
a5^1*a18^1*a19^1*a20^1,
a4^1*a18^1*a19^1*a20^1,
a3^1*a18^1*a19^1*a20^1,
a2^1*a18^1*a19^1*a20^1,
a1^1*a18^1*a19^1*a20^1,
a0^1*a18^1*a19^1*a20^1,
a17^2*a19^1*a20^1,
a16^1*a17^1*a19^1*a20^1,
a15^1*a17^1*a19^1*a20^1,
a14^1*a17^1*a19^1*a20^1,
a13^1*a17^1*a19^1*a20^1,
a12^1*a17^1*a19^1*a20^1,
a11^1*a17^1*a19^1*a20^1,
a10^1*a17^1*a19^1*a20^1,
a9^1*a17^1*a19^1*a20^1,
a8^1*a17^1*a19^1*a20^1,
a7^1*a17^1*a19^1*a20^1,
a6^1*a17^1*a19^1*a20^1,
a5^1*a17^1*a19^1*a20^1,
a4^1*a17^1*a19^1*a20^1,
a3^1*a17^1*a19^1*a20^1,
a2^1*a17^1*a19^1*a20^1,
a1^1*a17^1*a19^1*a20^1,
a0^1*a17^1*a19^1*a20^1,
a16^2*a19^1*a20^1,
a15^1*a16^1*a19^1*a20^1,
a14^1*a16^1*a19^1*a20^1,
a13^1*a16^1*a19^1*a20^1,
a12^1*a16^1*a19^1*a20^1,
a11^1*a16^1*a19^1*a20^1,
a10^1*a16^1*a19^1*a20^1,
a9^1*a16^1*a19^1*a20^1,
a8^1*a16^1*a19^1*a20^1,
a7^1*a16^1*a19^1*a20^1,
a6^1*a16^1*a19^1*a20^1,
a5^1*a16^1*a19^1*a20^1,
a4^1*a16^1*a19^1*a20^1,
a3^1*a16^1*a19^1*a20^1,
a2^1*a16^1*a19^1*a20^1,
a1^1*a16^1*a19^1*a20^1,
a0^1*a16^1*a19^1*a20^1,
a15^2*a19^1*a20^1,
a14^1*a15^1*a19^1*a20^1,
a13^1*a15^1*a19^1*a20^1,
a12^1*a15^1*a19^1*a20^1,
a11^1*a15^1*a19^1*a20^1,
a10^1*a15^1*a19^1*a20^1,
a9^1*a15^1*a19^1*a20^1,
a8^1*a15^1*a19^1*a20^1,
a7^1*a15^1*a19^1*a20^1,
a6^1*a15^1*a19^1*a20^1,
a5^1*a15^1*a19^1*a20^1,
a4^1*a15^1*a19^1*a20^1,
a3^1*a15^1*a19^1*a20^1,
a2^1*a15^1*a19^1*a20^1,
a1^1*a15^1*a19^1*a20^1,
a0^1*a15^1*a19^1*a20^1,
a14^2*a19^1*a20^1,
a13^1*a14^1*a19^1*a20^1,
a12^1*a14^1*a19^1*a20^1,
a11^1*a14^1*a19^1*a20^1,
a10^1*a14^1*a19^1*a20^1,
a9^1*a14^1*a19^1*a20^1,
a8^1*a14^1*a19^1*a20^1,
a7^1*a14^1*a19^1*a20^1,
a6^1*a14^1*a19^1*a20^1,
a5^1*a14^1*a19^1*a20^1,
a4^1*a14^1*a19^1*a20^1,
a3^1*a14^1*a19^1*a20^1,
a2^1*a14^1*a19^1*a20^1,
a1^1*a14^1*a19^1*a20^1,
a0^1*a14^1*a19^1*a20^1,
a13^2*a19^1*a20^1,
a12^1*a13^1*a19^1*a20^1,
a11^1*a13^1*a19^1*a20^1,
a10^1*a13^1*a19^1*a20^1,
a9^1*a13^1*a19^1*a20^1,
a8^1*a13^1*a19^1*a20^1,
a7^1*a13^1*a19^1*a20^1,
a6^1*a13^1*a19^1*a20^1,
a5^1*a13^1*a19^1*a20^1,
a4^1*a13^1*a19^1*a20^1,
a3^1*a13^1*a19^1*a20^1,
a2^1*a13^1*a19^1*a20^1,
a1^1*a13^1*a19^1*a20^1,
a0^1*a13^1*a19^1*a20^1,
a12^2*a19^1*a20^1,
a11^1*a12^1*a19^1*a20^1,
a10^1*a12^1*a19^1*a20^1,
a9^1*a12^1*a19^1*a20^1,
a8^1*a12^1*a19^1*a20^1,
a7^1*a12^1*a19^1*a20^1,
a6^1*a12^1*a19^1*a20^1,
a5^1*a12^1*a19^1*a20^1,
a4^1*a12^1*a19^1*a20^1,
a3^1*a12^1*a19^1*a20^1,
a2^1*a12^1*a19^1*a20^1,
a1^1*a12^1*a19^1*a20^1,
a0^1*a12^1*a19^1*a20^1,
a11^2*a19^1*a20^1,
a10^1*a11^1*a19^1*a20^1,
a9^1*a11^1*a19^1*a20^1,
a8^1*a11^1*a19^1*a20^1,
a7^1*a11^1*a19^1*a20^1,
a6^1*a11^1*a19^1*a20^1,
a5^1*a11^1*a19^1*a20^1,
a4^1*a11^1*a19^1*a20^1,
a3^1*a11^1*a19^1*a20^1,
a2^1*a11^1*a19^1*a20^1,
a1^1*a11^1*a19^1*a20^1,
a0^1*a11^1*a19^1*a20^1,
a10^2*a19^1*a20^1,
a9^1*a10^1*a19^1*a20^1,
a8^1*a10^1*a19^1*a20^1,
a7^1*a10^1*a19^1*a20^1,
a6^1*a10^1*a19^1*a20^1,
a5^1*a10^1*a19^1*a20^1,
a4^1*a10^1*a19^1*a20^1,
a3^1*a10^1*a19^1*a20^1,
a2^1*a10^1*a19^1*a20^1,
a1^1*a10^1*a19^1*a20^1,
a0^1*a10^1*a19^1*a20^1,
a9^2*a19^1*a20^1,
a8^1*a9^1*a19^1*a20^1,
a7^1*a9^1*a19^1*a20^1,
a6^1*a9^1*a19^1*a20^1,
a5^1*a9^1*a19^1*a20^1,
a4^1*a9^1*a19^1*a20^1,
a3^1*a9^1*a19^1*a20^1,
a2^1*a9^1*a19^1*a20^1,
a1^1*a9^1*a19^1*a20^1,
a0^1*a9^1*a19^1*a20^1,
a8^2*a19^1*a20^1,
a7^1*a8^1*a19^1*a20^1,
a6^1*a8^1*a19^1*a20^1,
a5^1*a8^1*a19^1*a20^1,
a4^1*a8^1*a19^1*a20^1,
a3^1*a8^1*a19^1*a20^1,
a2^1*a8^1*a19^1*a20^1,
a1^1*a8^1*a19^1*a20^1,
a0^1*a8^1*a19^1*a20^1,
a7^2*a19^1*a20^1,
a6^1*a7^1*a19^1*a20^1,
a5^1*a7^1*a19^1*a20^1,
a4^1*a7^1*a19^1*a20^1,
a3^1*a7^1*a19^1*a20^1,
a2^1*a7^1*a19^1*a20^1,
a1^1*a7^1*a19^1*a20^1,
a0^1*a7^1*a19^1*a20^1,
a6^2*a19^1*a20^1,
a5^1*a6^1*a19^1*a20^1,
a4^1*a6^1*a19^1*a20^1,
a3^1*a6^1*a19^1*a20^1,
a2^1*a6^1*a19^1*a20^1,
a1^1*a6^1*a19^1*a20^1,
a0^1*a6^1*a19^1*a20^1,
a5^2*a19^1*a20^1,
a4^1*a5^1*a19^1*a20^1,
a3^1*a5^1*a19^1*a20^1,
a2^1*a5^1*a19^1*a20^1,
a1^1*a5^1*a19^1*a20^1,
a0^1*a5^1*a19^1*a20^1,
a4^2*a19^1*a20^1,
a3^1*a4^1*a19^1*a20^1,
a2^1*a4^1*a19^1*a20^1,
a1^1*a4^1*a19^1*a20^1,
a0^1*a4^1*a19^1*a20^1,
a3^2*a19^1*a20^1,
a2^1*a3^1*a19^1*a20^1,
a1^1*a3^1*a19^1*a20^1,
a0^1*a3^1*a19^1*a20^1,
a2^2*a19^1*a20^1,
a1^1*a2^1*a19^1*a20^1,
a0^1*a2^1*a19^1*a20^1,
a1^2*a19^1*a20^1,
a0^1*a1^1*a19^1*a20^1,
a0^2*a19^1*a20^1,
a18^3*a20^1,
a17^1*a18^2*a20^1,
a16^1*a18^2*a20^1,
a15^1*a18^2*a20^1,
a14^1*a18^2*a20^1,
a13^1*a18^2*a20^1,
a12^1*a18^2*a20^1,
a11^1*a18^2*a20^1,
a10^1*a18^2*a20^1,
a9^1*a18^2*a20^1,
a8^1*a18^2*a20^1,
a7^1*a18^2*a20^1,
a6^1*a18^2*a20^1,
a5^1*a18^2*a20^1,
a4^1*a18^2*a20^1,
a3^1*a18^2*a20^1,
a2^1*a18^2*a20^1,
a1^1*a18^2*a20^1,
a0^1*a18^2*a20^1,
a17^2*a18^1*a20^1,
a16^1*a17^1*a18^1*a20^1,
a15^1*a17^1*a18^1*a20^1,
a14^1*a17^1*a18^1*a20^1,
a13^1*a17^1*a18^1*a20^1,
a12^1*a17^1*a18^1*a20^1,
a11^1*a17^1*a18^1*a20^1,
a10^1*a17^1*a18^1*a20^1,
a9^1*a17^1*a18^1*a20^1,
a8^1*a17^1*a18^1*a20^1,
a7^1*a17^1*a18^1*a20^1,
a6^1*a17^1*a18^1*a20^1,
a5^1*a17^1*a18^1*a20^1,
a4^1*a17^1*a18^1*a20^1,
a3^1*a17^1*a18^1*a20^1,
a2^1*a17^1*a18^1*a20^1,
a1^1*a17^1*a18^1*a20^1,
a0^1*a17^1*a18^1*a20^1,
a16^2*a18^1*a20^1,
a15^1*a16^1*a18^1*a20^1,
a14^1*a16^1*a18^1*a20^1,
a13^1*a16^1*a18^1*a20^1,
a12^1*a16^1*a18^1*a20^1,
a11^1*a16^1*a18^1*a20^1,
a10^1*a16^1*a18^1*a20^1,
a9^1*a16^1*a18^1*a20^1,
a8^1*a16^1*a18^1*a20^1,
a7^1*a16^1*a18^1*a20^1,
a6^1*a16^1*a18^1*a20^1,
a5^1*a16^1*a18^1*a20^1,
a4^1*a16^1*a18^1*a20^1,
a3^1*a16^1*a18^1*a20^1,
a2^1*a16^1*a18^1*a20^1,
a1^1*a16^1*a18^1*a20^1,
a0^1*a16^1*a18^1*a20^1,
a15^2*a18^1*a20^1,
a14^1*a15^1*a18^1*a20^1,
a13^1*a15^1*a18^1*a20^1,
a12^1*a15^1*a18^1*a20^1,
a11^1*a15^1*a18^1*a20^1,
a10^1*a15^1*a18^1*a20^1,
a9^1*a15^1*a18^1*a20^1,
a8^1*a15^1*a18^1*a20^1,
a7^1*a15^1*a18^1*a20^1,
a6^1*a15^1*a18^1*a20^1,
a5^1*a15^1*a18^1*a20^1,
a4^1*a15^1*a18^1*a20^1,
a3^1*a15^1*a18^1*a20^1,
a2^1*a15^1*a18^1*a20^1,
a1^1*a15^1*a18^1*a20^1,
a0^1*a15^1*a18^1*a20^1,
a14^2*a18^1*a20^1,
a13^1*a14^1*a18^1*a20^1,
a12^1*a14^1*a18^1*a20^1,
a11^1*a14^1*a18^1*a20^1,
a10^1*a14^1*a18^1*a20^1,
a9^1*a14^1*a18^1*a20^1,
a8^1*a14^1*a18^1*a20^1,
a7^1*a14^1*a18^1*a20^1,
a6^1*a14^1*a18^1*a20^1,
a5^1*a14^1*a18^1*a20^1,
a4^1*a14^1*a18^1*a20^1,
a3^1*a14^1*a18^1*a20^1,
a2^1*a14^1*a18^1*a20^1,
a1^1*a14^1*a18^1*a20^1,
a0^1*a14^1*a18^1*a20^1,
a13^2*a18^1*a20^1,
a12^1*a13^1*a18^1*a20^1,
a11^1*a13^1*a18^1*a20^1,
a10^1*a13^1*a18^1*a20^1,
a9^1*a13^1*a18^1*a20^1,
a8^1*a13^1*a18^1*a20^1,
a7^1*a13^1*a18^1*a20^1,
a6^1*a13^1*a18^1*a20^1,
a5^1*a13^1*a18^1*a20^1,
a4^1*a13^1*a18^1*a20^1,
a3^1*a13^1*a18^1*a20^1,
a2^1*a13^1*a18^1*a20^1,
a1^1*a13^1*a18^1*a20^1,
a0^1*a13^1*a18^1*a20^1,
a12^2*a18^1*a20^1,
a11^1*a12^1*a18^1*a20^1,
a10^1*a12^1*a18^1*a20^1,
a9^1*a12^1*a18^1*a20^1,
a8^1*a12^1*a18^1*a20^1,
a7^1*a12^1*a18^1*a20^1,
a6^1*a12^1*a18^1*a20^1,
a5^1*a12^1*a18^1*a20^1,
a4^1*a12^1*a18^1*a20^1,
a3^1*a12^1*a18^1*a20^1,
a2^1*a12^1*a18^1*a20^1,
a1^1*a12^1*a18^1*a20^1,
a0^1*a12^1*a18^1*a20^1,
a11^2*a18^1*a20^1,
a10^1*a11^1*a18^1*a20^1,
a9^1*a11^1*a18^1*a20^1,
a8^1*a11^1*a18^1*a20^1,
a7^1*a11^1*a18^1*a20^1,
a6^1*a11^1*a18^1*a20^1,
a5^1*a11^1*a18^1*a20^1,
a4^1*a11^1*a18^1*a20^1,
a3^1*a11^1*a18^1*a20^1,
a2^1*a11^1*a18^1*a20^1,
a1^1*a11^1*a18^1*a20^1,
a0^1*a11^1*a18^1*a20^1,
a10^2*a18^1*a20^1,
a9^1*a10^1*a18^1*a20^1,
a8^1*a10^1*a18^1*a20^1,
a7^1*a10^1*a18^1*a20^1,
a6^1*a10^1*a18^1*a20^1,
a5^1*a10^1*a18^1*a20^1,
a4^1*a10^1*a18^1*a20^1,
a3^1*a10^1*a18^1*a20^1,
a2^1*a10^1*a18^1*a20^1,
a1^1*a10^1*a18^1*a20^1,
a0^1*a10^1*a18^1*a20^1,
a9^2*a18^1*a20^1,
a8^1*a9^1*a18^1*a20^1,
a7^1*a9^1*a18^1*a20^1,
a6^1*a9^1*a18^1*a20^1,
a5^1*a9^1*a18^1*a20^1,
a4^1*a9^1*a18^1*a20^1,
a3^1*a9^1*a18^1*a20^1,
a2^1*a9^1*a18^1*a20^1,
a1^1*a9^1*a18^1*a20^1,
a0^1*a9^1*a18^1*a20^1,
a8^2*a18^1*a20^1,
a7^1*a8^1*a18^1*a20^1,
a6^1*a8^1*a18^1*a20^1,
a5^1*a8^1*a18^1*a20^1,
a4^1*a8^1*a18^1*a20^1,
a3^1*a8^1*a18^1*a20^1,
a2^1*a8^1*a18^1*a20^1,
a1^1*a8^1*a18^1*a20^1,
a0^1*a8^1*a18^1*a20^1,
a7^2*a18^1*a20^1,
a6^1*a7^1*a18^1*a20^1,
a5^1*a7^1*a18^1*a20^1,
a4^1*a7^1*a18^1*a20^1,
a3^1*a7^1*a18^1*a20^1,
a2^1*a7^1*a18^1*a20^1,
a1^1*a7^1*a18^1*a20^1,
a0^1*a7^1*a18^1*a20^1,
a6^2*a18^1*a20^1,
a5^1*a6^1*a18^1*a20^1,
a4^1*a6^1*a18^1*a20^1,
a3^1*a6^1*a18^1*a20^1,
a2^1*a6^1*a18^1*a20^1,
a1^1*a6^1*a18^1*a20^1,
a0^1*a6^1*a18^1*a20^1,
a5^2*a18^1*a20^1,
a4^1*a5^1*a18^1*a20^1,
a3^1*a5^1*a18^1*a20^1,
a2^1*a5^1*a18^1*a20^1,
a1^1*a5^1*a18^1*a20^1,
a0^1*a5^1*a18^1*a20^1,
a4^2*a18^1*a20^1,
a3^1*a4^1*a18^1*a20^1,
a2^1*a4^1*a18^1*a20^1,
a1^1*a4^1*a18^1*a20^1,
a0^1*a4^1*a18^1*a20^1,
a3^2*a18^1*a20^1,
a2^1*a3^1*a18^1*a20^1,
a1^1*a3^1*a18^1*a20^1,
a0^1*a3^1*a18^1*a20^1,
a2^2*a18^1*a20^1,
a1^1*a2^1*a18^1*a20^1,
a0^1*a2^1*a18^1*a20^1,
a1^2*a18^1*a20^1,
a0^1*a1^1*a18^1*a20^1,
a0^2*a18^1*a20^1,
a17^3*a20^1,
a16^1*a17^2*a20^1,
a15^1*a17^2*a20^1,
a14^1*a17^2*a20^1,
a13^1*a17^2*a20^1,
a12^1*a17^2*a20^1,
a11^1*a17^2*a20^1,
a10^1*a17^2*a20^1,
a9^1*a17^2*a20^1,
a8^1*a17^2*a20^1,
a7^1*a17^2*a20^1,
a6^1*a17^2*a20^1,
a5^1*a17^2*a20^1,
a4^1*a17^2*a20^1,
a3^1*a17^2*a20^1,
a2^1*a17^2*a20^1,
a1^1*a17^2*a20^1,
a0^1*a17^2*a20^1,
a16^2*a17^1*a20^1,
a15^1*a16^1*a17^1*a20^1,
a14^1*a16^1*a17^1*a20^1,
a13^1*a16^1*a17^1*a20^1,
a12^1*a16^1*a17^1*a20^1,
a11^1*a16^1*a17^1*a20^1,
a10^1*a16^1*a17^1*a20^1,
a9^1*a16^1*a17^1*a20^1,
a8^1*a16^1*a17^1*a20^1,
a7^1*a16^1*a17^1*a20^1,
a6^1*a16^1*a17^1*a20^1,
a5^1*a16^1*a17^1*a20^1,
a4^1*a16^1*a17^1*a20^1,
a3^1*a16^1*a17^1*a20^1,
a2^1*a16^1*a17^1*a20^1,
a1^1*a16^1*a17^1*a20^1,
a0^1*a16^1*a17^1*a20^1,
a15^2*a17^1*a20^1,
a14^1*a15^1*a17^1*a20^1,
a13^1*a15^1*a17^1*a20^1,
a12^1*a15^1*a17^1*a20^1,
a11^1*a15^1*a17^1*a20^1,
a10^1*a15^1*a17^1*a20^1,
a9^1*a15^1*a17^1*a20^1,
a8^1*a15^1*a17^1*a20^1,
a7^1*a15^1*a17^1*a20^1,
a6^1*a15^1*a17^1*a20^1,
a5^1*a15^1*a17^1*a20^1,
a4^1*a15^1*a17^1*a20^1,
a3^1*a15^1*a17^1*a20^1,
a2^1*a15^1*a17^1*a20^1,
a1^1*a15^1*a17^1*a20^1,
a0^1*a15^1*a17^1*a20^1,
a14^2*a17^1*a20^1,
a13^1*a14^1*a17^1*a20^1,
a12^1*a14^1*a17^1*a20^1,
a11^1*a14^1*a17^1*a20^1,
a10^1*a14^1*a17^1*a20^1,
a9^1*a14^1*a17^1*a20^1,
a8^1*a14^1*a17^1*a20^1,
a7^1*a14^1*a17^1*a20^1,
a6^1*a14^1*a17^1*a20^1,
a5^1*a14^1*a17^1*a20^1,
a4^1*a14^1*a17^1*a20^1,
a3^1*a14^1*a17^1*a20^1,
a2^1*a14^1*a17^1*a20^1,
a1^1*a14^1*a17^1*a20^1,
a9^1*a13^1*a17^1*a20^1,
a9^1*a12^1*a17^1*a20^1,
a9^1*a11^1*a17^1*a20^1,
a10^2*a17^1*a20^1,
a9^1*a10^1*a17^1*a20^1,
a8^1*a10^1*a17^1*a20^1,
a7^1*a10^1*a17^1*a20^1,
a6^1*a10^1*a17^1*a20^1,
a5^1*a10^1*a17^1*a20^1,
a4^1*a10^1*a17^1*a20^1,
a3^1*a10^1*a17^1*a20^1,
a2^1*a10^1*a17^1*a20^1,
a1^1*a10^1*a17^1*a20^1,
a0^1*a10^1*a17^1*a20^1,
a9^2*a17^1*a20^1,
a8^1*a9^1*a17^1*a20^1,
a7^1*a9^1*a17^1*a20^1,
a6^1*a9^1*a17^1*a20^1,
a5^1*a9^1*a17^1*a20^1,
a4^1*a9^1*a17^1*a20^1,
a3^1*a9^1*a17^1*a20^1,
a2^1*a9^1*a17^1*a20^1,
a1^1*a9^1*a17^1*a20^1,
a0^1*a9^1*a17^1*a20^1,
a8^2*a17^1*a20^1,
a7^1*a8^1*a17^1*a20^1,
a6^1*a8^1*a17^1*a20^1,
a5^1*a8^1*a17^1*a20^1,
a4^1*a8^1*a17^1*a20^1,
a3^1*a8^1*a17^1*a20^1,
a2^1*a8^1*a17^1*a20^1,
a1^1*a8^1*a17^1*a20^1,
a0^1*a8^1*a17^1*a20^1,
a7^2*a17^1*a20^1,
a6^1*a7^1*a17^1*a20^1,
a5^1*a7^1*a17^1*a20^1,
a4^1*a7^1*a17^1*a20^1,
a3^1*a7^1*a17^1*a20^1,
a2^1*a7^1*a17^1*a20^1,
a1^1*a7^1*a17^1*a20^1,
a0^1*a7^1*a17^1*a20^1,
a6^2*a17^1*a20^1,
a5^1*a6^1*a17^1*a20^1,
a4^1*a6^1*a17^1*a20^1,
a3^1*a6^1*a17^1*a20^1,
a2^1*a6^1*a17^1*a20^1,
a1^1*a6^1*a17^1*a20^1,
a0^1*a6^1*a17^1*a20^1,
a5^2*a17^1*a20^1,
a4^1*a5^1*a17^1*a20^1,
a3^1*a5^1*a17^1*a20^1,
a2^1*a5^1*a17^1*a20^1,
a1^1*a5^1*a17^1*a20^1,
a0^1*a5^1*a17^1*a20^1,
a4^2*a17^1*a20^1,
a3^1*a4^1*a17^1*a20^1,
a2^1*a4^1*a17^1*a20^1,
a1^1*a4^1*a17^1*a20^1,
a0^1*a4^1*a17^1*a20^1,
a3^2*a17^1*a20^1,
a2^1*a3^1*a17^1*a20^1,
a1^1*a3^1*a17^1*a20^1,
a0^1*a3^1*a17^1*a20^1,
a2^2*a17^1*a20^1,
a1^1*a2^1*a17^1*a20^1,
a0^1*a2^1*a17^1*a20^1,
a1^2*a17^1*a20^1,
a9^1*a15^1*a16^1*a20^1,
a9^1*a14^1*a16^1*a20^1,
a9^1*a13^1*a16^1*a20^1,
a9^1*a12^1*a16^1*a20^1,
a9^1*a11^1*a16^1*a20^1,
a10^2*a16^1*a20^1,
a9^1*a10^1*a16^1*a20^1,
a8^1*a10^1*a16^1*a20^1,
a7^1*a10^1*a16^1*a20^1,
a6^1*a10^1*a16^1*a20^1,
a5^1*a10^1*a16^1*a20^1,
a4^1*a10^1*a16^1*a20^1,
a3^1*a10^1*a16^1*a20^1,
a2^1*a10^1*a16^1*a20^1,
a1^1*a10^1*a16^1*a20^1,
a0^1*a10^1*a16^1*a20^1,
a9^2*a16^1*a20^1,
a8^1*a9^1*a16^1*a20^1,
a7^1*a9^1*a16^1*a20^1,
a6^1*a9^1*a16^1*a20^1,
a5^1*a9^1*a16^1*a20^1,
a4^1*a9^1*a16^1*a20^1,
a3^1*a9^1*a16^1*a20^1,
a2^1*a9^1*a16^1*a20^1,
a1^1*a9^1*a16^1*a20^1,
a0^1*a9^1*a16^1*a20^1,
a8^2*a16^1*a20^1,
a7^1*a8^1*a16^1*a20^1,
a6^1*a8^1*a16^1*a20^1,
a5^1*a8^1*a16^1*a20^1,
a4^1*a8^1*a16^1*a20^1,
a3^1*a8^1*a16^1*a20^1,
a2^1*a8^1*a16^1*a20^1,
a1^1*a8^1*a16^1*a20^1,
a0^1*a8^1*a16^1*a20^1,
a7^2*a16^1*a20^1,
a6^1*a7^1*a16^1*a20^1,
a5^1*a7^1*a16^1*a20^1,
a4^1*a7^1*a16^1*a20^1,
a3^1*a7^1*a16^1*a20^1,
a2^1*a7^1*a16^1*a20^1,
a1^1*a7^1*a16^1*a20^1,
a0^1*a7^1*a16^1*a20^1,
a6^2*a16^1*a20^1,
a5^1*a6^1*a16^1*a20^1,
a4^1*a6^1*a16^1*a20^1,
a3^1*a6^1*a16^1*a20^1,
a2^1*a6^1*a16^1*a20^1,
a1^1*a6^1*a16^1*a20^1,
a0^1*a6^1*a16^1*a20^1,
a5^2*a16^1*a20^1,
a4^1*a5^1*a16^1*a20^1,
a3^1*a5^1*a16^1*a20^1,
a9^1*a15^2*a20^1,
a9^1*a14^1*a15^1*a20^1,
a9^1*a13^1*a15^1*a20^1,
a9^1*a12^1*a15^1*a20^1,
a9^1*a11^1*a15^1*a20^1,
a10^2*a15^1*a20^1,
a9^1*a10^1*a15^1*a20^1,
a8^1*a10^1*a15^1*a20^1,
a7^1*a10^1*a15^1*a20^1,
a6^1*a10^1*a15^1*a20^1,
a5^1*a10^1*a15^1*a20^1,
a4^1*a10^1*a15^1*a20^1,
a3^1*a10^1*a15^1*a20^1,
a2^1*a10^1*a15^1*a20^1,
a1^1*a10^1*a15^1*a20^1,
a0^1*a10^1*a15^1*a20^1,
a9^2*a15^1*a20^1,
a8^1*a9^1*a15^1*a20^1,
a7^1*a9^1*a15^1*a20^1,
a6^1*a9^1*a15^1*a20^1,
a5^1*a9^1*a15^1*a20^1,
a4^1*a9^1*a15^1*a20^1,
a3^1*a9^1*a15^1*a20^1,
a2^1*a9^1*a15^1*a20^1,
a1^1*a9^1*a15^1*a20^1,
a0^1*a9^1*a15^1*a20^1,
a8^2*a15^1*a20^1,
a7^1*a8^1*a15^1*a20^1,
a6^1*a8^1*a15^1*a20^1,
a5^1*a8^1*a15^1*a20^1,
a4^1*a8^1*a15^1*a20^1,
a3^1*a8^1*a15^1*a20^1,
a2^1*a8^1*a15^1*a20^1,
a1^1*a8^1*a15^1*a20^1,
a0^1*a8^1*a15^1*a20^1,
a7^2*a15^1*a20^1,
a6^1*a7^1*a15^1*a20^1,
a5^1*a7^1*a15^1*a20^1,
a4^1*a7^1*a15^1*a20^1,
a3^1*a7^1*a15^1*a20^1,
a2^1*a7^1*a15^1*a20^1,
a1^1*a7^1*a15^1*a20^1,
a0^1*a7^1*a15^1*a20^1,
a6^2*a15^1*a20^1,
a5^1*a6^1*a15^1*a20^1,
a4^1*a6^1*a15^1*a20^1,
a3^1*a6^1*a15^1*a20^1,
a2^1*a6^1*a15^1*a20^1,
a1^1*a6^1*a15^1*a20^1,
a0^1*a6^1*a15^1*a20^1,
a9^1*a14^2*a20^1,
a9^1*a13^1*a14^1*a20^1,
a9^1*a12^1*a14^1*a20^1,
a9^1*a11^1*a14^1*a20^1,
a10^2*a14^1*a20^1,
a9^1*a10^1*a14^1*a20^1,
a8^1*a10^1*a14^1*a20^1,
a7^1*a10^1*a14^1*a20^1,
a6^1*a10^1*a14^1*a20^1,
a5^1*a10^1*a14^1*a20^1,
a4^1*a10^1*a14^1*a20^1,
a3^1*a10^1*a14^1*a20^1,
a2^1*a10^1*a14^1*a20^1,
a1^1*a10^1*a14^1*a20^1,
a0^1*a10^1*a14^1*a20^1,
a9^2*a14^1*a20^1,
a8^1*a9^1*a14^1*a20^1,
a7^1*a9^1*a14^1*a20^1,
a6^1*a9^1*a14^1*a20^1,
a5^1*a9^1*a14^1*a20^1,
a4^1*a9^1*a14^1*a20^1,
a3^1*a9^1*a14^1*a20^1,
a2^1*a9^1*a14^1*a20^1,
a1^1*a9^1*a14^1*a20^1,
a0^1*a9^1*a14^1*a20^1,
a8^2*a14^1*a20^1,
a7^1*a8^1*a14^1*a20^1,
a6^1*a8^1*a14^1*a20^1,
a5^1*a8^1*a14^1*a20^1,
a4^1*a8^1*a14^1*a20^1,
a3^1*a8^1*a14^1*a20^1,
a2^1*a8^1*a14^1*a20^1,
a1^1*a8^1*a14^1*a20^1,
a0^1*a8^1*a14^1*a20^1,
a7^2*a14^1*a20^1,
a6^1*a7^1*a14^1*a20^1,
a5^1*a7^1*a14^1*a20^1,
a4^1*a7^1*a14^1*a20^1,
a3^1*a7^1*a14^1*a20^1,
a9^1*a13^2*a20^1,
a9^1*a12^1*a13^1*a20^1,
a9^1*a11^1*a13^1*a20^1,
a10^2*a13^1*a20^1,
a9^1*a10^1*a13^1*a20^1,
a8^1*a10^1*a13^1*a20^1,
a7^1*a10^1*a13^1*a20^1,
a6^1*a10^1*a13^1*a20^1,
a5^1*a10^1*a13^1*a20^1,
a4^1*a10^1*a13^1*a20^1,
a3^1*a10^1*a13^1*a20^1,
a2^1*a10^1*a13^1*a20^1,
a1^1*a10^1*a13^1*a20^1,
a0^1*a10^1*a13^1*a20^1,
a9^2*a13^1*a20^1,
a8^1*a9^1*a13^1*a20^1,
a7^1*a9^1*a13^1*a20^1,
a6^1*a9^1*a13^1*a20^1,
a5^1*a9^1*a13^1*a20^1,
a4^1*a9^1*a13^1*a20^1,
a3^1*a9^1*a13^1*a20^1,
a2^1*a9^1*a13^1*a20^1,
a1^1*a9^1*a13^1*a20^1,
a0^1*a9^1*a13^1*a20^1,
a8^2*a13^1*a20^1,
a7^1*a8^1*a13^1*a20^1,
a6^1*a8^1*a13^1*a20^1,
a5^1*a8^1*a13^1*a20^1,
a4^1*a8^1*a13^1*a20^1,
a3^1*a8^1*a13^1*a20^1,
a9^1*a12^2*a20^1,
a9^1*a11^1*a12^1*a20^1,
a10^2*a12^1*a20^1,
a9^1*a10^1*a12^1*a20^1,
a8^1*a10^1*a12^1*a20^1,
a7^1*a10^1*a12^1*a20^1,
a6^1*a10^1*a12^1*a20^1,
a5^1*a10^1*a12^1*a20^1,
a4^1*a10^1*a12^1*a20^1,
a3^1*a10^1*a12^1*a20^1,
a2^1*a10^1*a12^1*a20^1,
a1^1*a10^1*a12^1*a20^1,
a0^1*a10^1*a12^1*a20^1,
a9^2*a12^1*a20^1,
a8^1*a9^1*a12^1*a20^1,
a7^1*a9^1*a12^1*a20^1,
a6^1*a9^1*a12^1*a20^1,
a5^1*a9^1*a12^1*a20^1,
a4^1*a9^1*a12^1*a20^1,
a3^1*a9^1*a12^1*a20^1,
a2^1*a9^1*a12^1*a20^1,
a1^1*a9^1*a12^1*a20^1,
a0^1*a9^1*a12^1*a20^1,
a8^2*a12^1*a20^1,
a7^1*a8^1*a12^1*a20^1,
a6^1*a8^1*a12^1*a20^1,
a5^1*a8^1*a12^1*a20^1,
a4^1*a8^1*a12^1*a20^1,
a3^1*a8^1*a12^1*a20^1,
a2^1*a8^1*a12^1*a20^1,
a1^1*a8^1*a12^1*a20^1,
a0^1*a8^1*a12^1*a20^1,
a7^2*a12^1*a20^1,
a6^1*a7^1*a12^1*a20^1,
a5^1*a7^1*a12^1*a20^1,
a4^1*a7^1*a12^1*a20^1,
a3^1*a7^1*a12^1*a20^1,
a2^1*a7^1*a12^1*a20^1,
a1^1*a7^1*a12^1*a20^1,
a0^1*a7^1*a12^1*a20^1,
a6^2*a12^1*a20^1,
a5^1*a6^1*a12^1*a20^1,
a4^1*a6^1*a12^1*a20^1,
a3^1*a6^1*a12^1*a20^1,
a2^1*a6^1*a12^1*a20^1,
a1^1*a6^1*a12^1*a20^1,
a0^1*a6^1*a12^1*a20^1,
a5^2*a12^1*a20^1,
a4^1*a5^1*a12^1*a20^1,
a3^1*a5^1*a12^1*a20^1,
a2^1*a5^1*a12^1*a20^1,
a1^1*a5^1*a12^1*a20^1,
a0^1*a5^1*a12^1*a20^1,
a4^2*a12^1*a20^1,
a3^1*a4^1*a12^1*a20^1,
a9^1*a10^1*a11^1*a20^1,
a9^2*a11^1*a20^1,
a8^1*a9^1*a11^1*a20^1,
a7^1*a9^1*a11^1*a20^1,
a6^1*a9^1*a11^1*a20^1,
a5^1*a9^1*a11^1*a20^1,
a4^1*a9^1*a11^1*a20^1,
a3^1*a9^1*a11^1*a20^1,
a2^1*a9^1*a11^1*a20^1,
a1^1*a9^1*a11^1*a20^1,
a0^1*a9^1*a11^1*a20^1,
a10^3*a20^1,
a9^1*a10^2*a20^1,
a8^1*a10^2*a20^1,
a7^1*a10^2*a20^1,
a6^1*a10^2*a20^1,
a5^1*a10^2*a20^1,
a4^1*a10^2*a20^1,
a3^1*a10^2*a20^1,
a2^1*a10^2*a20^1,
a1^1*a10^2*a20^1,
a0^1*a10^2*a20^1,
a9^2*a10^1*a20^1,
a8^1*a9^1*a10^1*a20^1,
a7^1*a9^1*a10^1*a20^1,
a6^1*a9^1*a10^1*a20^1,
a5^1*a9^1*a10^1*a20^1,
a4^1*a9^1*a10^1*a20^1,
a3^1*a9^1*a10^1*a20^1,
a2^1*a9^1*a10^1*a20^1,
a1^1*a9^1*a10^1*a20^1,
a0^1*a9^1*a10^1*a20^1,
a8^2*a10^1*a20^1,
a7^1*a8^1*a10^1*a20^1,
a6^1*a8^1*a10^1*a20^1,
a5^1*a8^1*a10^1*a20^1,
a4^1*a8^1*a10^1*a20^1,
a3^1*a8^1*a10^1*a20^1,
a2^1*a8^1*a10^1*a20^1,
a1^1*a8^1*a10^1*a20^1,
a0^1*a8^1*a10^1*a20^1,
a7^2*a10^1*a20^1,
a6^1*a7^1*a10^1*a20^1,
a5^1*a7^1*a10^1*a20^1,
a4^1*a7^1*a10^1*a20^1,
a3^1*a7^1*a10^1*a20^1,
a2^1*a7^1*a10^1*a20^1,
a1^1*a7^1*a10^1*a20^1,
a0^1*a7^1*a10^1*a20^1,
a6^2*a10^1*a20^1,
a5^1*a6^1*a10^1*a20^1,
a4^1*a6^1*a10^1*a20^1,
a3^1*a6^1*a10^1*a20^1,
a2^1*a6^1*a10^1*a20^1,
a1^1*a6^1*a10^1*a20^1,
a0^1*a6^1*a10^1*a20^1,
a5^2*a10^1*a20^1,
a4^1*a5^1*a10^1*a20^1,
a3^1*a5^1*a10^1*a20^1,
a2^1*a5^1*a10^1*a20^1,
a1^1*a5^1*a10^1*a20^1,
a0^1*a5^1*a10^1*a20^1,
a4^2*a10^1*a20^1,
a3^1*a4^1*a10^1*a20^1,
a2^1*a4^1*a10^1*a20^1,
a1^1*a4^1*a10^1*a20^1,
a0^1*a4^1*a10^1*a20^1,
a3^2*a10^1*a20^1,
a2^1*a3^1*a10^1*a20^1,
a1^1*a3^1*a10^1*a20^1,
a0^1*a3^1*a10^1*a20^1,
a2^2*a10^1*a20^1,
a1^1*a2^1*a10^1*a20^1,
a0^1*a2^1*a10^1*a20^1,
a1^2*a10^1*a20^1,
a0^1*a1^1*a10^1*a20^1,
a0^2*a10^1*a20^1,
a9^3*a20^1,
a8^1*a9^2*a20^1,
a7^1*a9^2*a20^1,
a6^1*a9^2*a20^1,
a5^1*a9^2*a20^1,
a4^1*a9^2*a20^1,
a3^1*a9^2*a20^1,
a2^1*a9^2*a20^1,
a1^1*a9^2*a20^1,
a0^1*a9^2*a20^1,
a8^2*a9^1*a20^1,
a7^1*a8^1*a9^1*a20^1,
a6^1*a8^1*a9^1*a20^1,
a5^1*a8^1*a9^1*a20^1,
a4^1*a8^1*a9^1*a20^1,
a3^1*a8^1*a9^1*a20^1,
a2^1*a8^1*a9^1*a20^1,
a1^1*a8^1*a9^1*a20^1,
a0^1*a8^1*a9^1*a20^1,
a7^2*a9^1*a20^1,
a6^1*a7^1*a9^1*a20^1,
a5^1*a7^1*a9^1*a20^1,
a4^1*a7^1*a9^1*a20^1,
a3^1*a7^1*a9^1*a20^1,
a2^1*a7^1*a9^1*a20^1,
a1^1*a7^1*a9^1*a20^1,
a0^1*a7^1*a9^1*a20^1,
a6^2*a9^1*a20^1,
a5^1*a6^1*a9^1*a20^1,
a4^1*a6^1*a9^1*a20^1,
a3^1*a6^1*a9^1*a20^1,
a2^1*a6^1*a9^1*a20^1,
a1^1*a6^1*a9^1*a20^1,
a0^1*a6^1*a9^1*a20^1,
a5^2*a9^1*a20^1,
a19^4,
a18^1*a19^3,
a17^1*a19^3,
a16^1*a19^3,
a15^1*a19^3,
a14^1*a19^3,
a13^1*a19^3,
a12^1*a19^3,
a11^1*a19^3,
a10^1*a19^3,
a9^1*a19^3,
a8^1*a19^3,
a7^1*a19^3,
a6^1*a19^3,
a5^1*a19^3,
a4^1*a19^3,
a3^1*a19^3,
a2^1*a19^3,
a1^1*a19^3,
a0^1*a19^3,
a18^2*a19^2,
a17^1*a18^1*a19^2,
a16^1*a18^1*a19^2,
a15^1*a18^1*a19^2,
a14^1*a18^1*a19^2,
a13^1*a18^1*a19^2,
a12^1*a18^1*a19^2,
a11^1*a18^1*a19^2,
a10^1*a18^1*a19^2,
a9^1*a18^1*a19^2,
a8^1*a18^1*a19^2,
a7^1*a18^1*a19^2,
a6^1*a18^1*a19^2,
a5^1*a18^1*a19^2,
a4^1*a18^1*a19^2,
a3^1*a18^1*a19^2,
a2^1*a18^1*a19^2,
a1^1*a18^1*a19^2,
a0^1*a18^1*a19^2,
a17^2*a19^2,
a16^1*a17^1*a19^2,
a15^1*a17^1*a19^2,
a14^1*a17^1*a19^2,
a13^1*a17^1*a19^2,
a12^1*a17^1*a19^2,
a11^1*a17^1*a19^2,
a10^1*a17^1*a19^2,
a9^1*a17^1*a19^2,
a8^1*a17^1*a19^2,
a7^1*a17^1*a19^2,
a6^1*a17^1*a19^2,
a5^1*a17^1*a19^2,
a4^1*a17^1*a19^2,
a3^1*a17^1*a19^2,
a2^1*a17^1*a19^2,
a1^1*a17^1*a19^2,
a0^1*a17^1*a19^2,
a16^2*a19^2,
a15^1*a16^1*a19^2,
a14^1*a16^1*a19^2,
a13^1*a16^1*a19^2,
a12^1*a16^1*a19^2,
a11^1*a16^1*a19^2,
a10^1*a16^1*a19^2,
a9^1*a16^1*a19^2,
a8^1*a16^1*a19^2,
a7^1*a16^1*a19^2,
a6^1*a16^1*a19^2,
a5^1*a16^1*a19^2,
a4^1*a16^1*a19^2,
a3^1*a16^1*a19^2,
a2^1*a16^1*a19^2,
a1^1*a16^1*a19^2,
a0^1*a16^1*a19^2,
a15^2*a19^2,
a14^1*a15^1*a19^2,
a13^1*a15^1*a19^2,
a12^1*a15^1*a19^2,
a11^1*a15^1*a19^2,
a10^1*a15^1*a19^2,
a9^1*a15^1*a19^2,
a8^1*a15^1*a19^2,
a7^1*a15^1*a19^2,
a6^1*a15^1*a19^2,
a5^1*a15^1*a19^2,
a4^1*a15^1*a19^2,
a3^1*a15^1*a19^2,
a2^1*a15^1*a19^2,
a1^1*a15^1*a19^2,
a0^1*a15^1*a19^2,
a14^2*a19^2,
a13^1*a14^1*a19^2,
a12^1*a14^1*a19^2,
a11^1*a14^1*a19^2,
a10^1*a14^1*a19^2,
a9^1*a14^1*a19^2,
a8^1*a14^1*a19^2,
a7^1*a14^1*a19^2,
a6^1*a14^1*a19^2,
a5^1*a14^1*a19^2,
a4^1*a14^1*a19^2,
a3^1*a14^1*a19^2,
a2^1*a14^1*a19^2,
a1^1*a14^1*a19^2,
a0^1*a14^1*a19^2,
a13^2*a19^2,
a12^1*a13^1*a19^2,
a11^1*a13^1*a19^2,
a10^1*a13^1*a19^2,
a9^1*a13^1*a19^2,
a8^1*a13^1*a19^2,
a7^1*a13^1*a19^2,
a6^1*a13^1*a19^2,
a5^1*a13^1*a19^2,
a4^1*a13^1*a19^2,
a3^1*a13^1*a19^2,
a2^1*a13^1*a19^2,
a1^1*a13^1*a19^2,
a0^1*a13^1*a19^2,
a12^2*a19^2,
a11^1*a12^1*a19^2,
a10^1*a12^1*a19^2,
a9^1*a12^1*a19^2,
a8^1*a12^1*a19^2,
a7^1*a12^1*a19^2,
a6^1*a12^1*a19^2,
a5^1*a12^1*a19^2,
a4^1*a12^1*a19^2,
a3^1*a12^1*a19^2,
a2^1*a12^1*a19^2,
a1^1*a12^1*a19^2,
a0^1*a12^1*a19^2,
a11^2*a19^2,
a10^1*a11^1*a19^2,
a9^1*a11^1*a19^2,
a8^1*a11^1*a19^2,
a7^1*a11^1*a19^2,
a6^1*a11^1*a19^2,
a5^1*a11^1*a19^2,
a4^1*a11^1*a19^2,
a3^1*a11^1*a19^2,
a2^1*a11^1*a19^2,
a1^1*a11^1*a19^2,
a0^1*a11^1*a19^2,
a10^2*a19^2,
a9^1*a10^1*a19^2,
a8^1*a10^1*a19^2,
a7^1*a10^1*a19^2,
a6^1*a10^1*a19^2,
a5^1*a10^1*a19^2,
a4^1*a10^1*a19^2,
a3^1*a10^1*a19^2,
a2^1*a10^1*a19^2,
a1^1*a10^1*a19^2,
a0^1*a10^1*a19^2,
a9^2*a19^2,
a8^1*a9^1*a19^2,
a7^1*a9^1*a19^2,
a6^1*a9^1*a19^2,
a5^1*a9^1*a19^2,
a4^1*a9^1*a19^2,
a3^1*a9^1*a19^2,
a2^1*a9^1*a19^2,
a1^1*a9^1*a19^2,
a0^1*a9^1*a19^2,
a8^2*a19^2,
a7^1*a8^1*a19^2,
a6^1*a8^1*a19^2,
a5^1*a8^1*a19^2,
a4^1*a8^1*a19^2,
a3^1*a8^1*a19^2,
a2^1*a8^1*a19^2,
a1^1*a8^1*a19^2,
a0^1*a8^1*a19^2,
a7^2*a19^2,
a6^1*a7^1*a19^2,
a5^1*a7^1*a19^2,
a4^1*a7^1*a19^2,
a3^1*a7^1*a19^2,
a2^1*a7^1*a19^2,
a1^1*a7^1*a19^2,
a0^1*a7^1*a19^2,
a6^2*a19^2,
a5^1*a6^1*a19^2,
a4^1*a6^1*a19^2,
a3^1*a6^1*a19^2,
a2^1*a6^1*a19^2,
a1^1*a6^1*a19^2,
a0^1*a6^1*a19^2,
a5^2*a19^2,
a4^1*a5^1*a19^2,
a3^1*a5^1*a19^2,
a2^1*a5^1*a19^2,
a1^1*a5^1*a19^2,
a0^1*a5^1*a19^2,
a4^2*a19^2,
a3^1*a4^1*a19^2,
a2^1*a4^1*a19^2,
a1^1*a4^1*a19^2,
a0^1*a4^1*a19^2,
a3^2*a19^2,
a2^1*a3^1*a19^2,
a1^1*a3^1*a19^2,
a0^1*a3^1*a19^2,
a2^2*a19^2,
a1^1*a2^1*a19^2,
a0^1*a2^1*a19^2,
a1^2*a19^2,
a0^1*a1^1*a19^2,
a0^2*a19^2,
a18^3*a19^1,
a17^1*a18^2*a19^1,
a16^1*a18^2*a19^1,
a15^1*a18^2*a19^1,
a14^1*a18^2*a19^1,
a13^1*a18^2*a19^1,
a12^1*a18^2*a19^1,
a11^1*a18^2*a19^1,
a10^1*a18^2*a19^1,
a9^1*a18^2*a19^1,
a8^1*a18^2*a19^1,
a7^1*a18^2*a19^1,
a6^1*a18^2*a19^1,
a5^1*a18^2*a19^1,
a4^1*a18^2*a19^1,
a3^1*a18^2*a19^1,
a2^1*a18^2*a19^1,
a1^1*a18^2*a19^1,
a0^1*a18^2*a19^1,
a17^2*a18^1*a19^1,
a16^1*a17^1*a18^1*a19^1,
a15^1*a17^1*a18^1*a19^1,
a14^1*a17^1*a18^1*a19^1,
a13^1*a17^1*a18^1*a19^1,
a12^1*a17^1*a18^1*a19^1,
a11^1*a17^1*a18^1*a19^1,
a10^1*a17^1*a18^1*a19^1,
a9^1*a17^1*a18^1*a19^1,
a8^1*a17^1*a18^1*a19^1,
a7^1*a17^1*a18^1*a19^1,
a6^1*a17^1*a18^1*a19^1,
a5^1*a17^1*a18^1*a19^1,
a4^1*a17^1*a18^1*a19^1,
a3^1*a17^1*a18^1*a19^1,
a2^1*a17^1*a18^1*a19^1,
a1^1*a17^1*a18^1*a19^1,
a0^1*a17^1*a18^1*a19^1,
a16^2*a18^1*a19^1,
a15^1*a16^1*a18^1*a19^1,
a14^1*a16^1*a18^1*a19^1,
a13^1*a16^1*a18^1*a19^1,
a12^1*a16^1*a18^1*a19^1,
a11^1*a16^1*a18^1*a19^1,
a10^1*a16^1*a18^1*a19^1,
a9^1*a16^1*a18^1*a19^1,
a8^1*a16^1*a18^1*a19^1,
a7^1*a16^1*a18^1*a19^1,
a6^1*a16^1*a18^1*a19^1,
a5^1*a16^1*a18^1*a19^1,
a4^1*a16^1*a18^1*a19^1,
a3^1*a16^1*a18^1*a19^1,
a2^1*a16^1*a18^1*a19^1,
a1^1*a16^1*a18^1*a19^1,
a0^1*a16^1*a18^1*a19^1,
a15^2*a18^1*a19^1,
a14^1*a15^1*a18^1*a19^1,
a13^1*a15^1*a18^1*a19^1,
a12^1*a15^1*a18^1*a19^1,
a11^1*a15^1*a18^1*a19^1,
a10^1*a15^1*a18^1*a19^1,
a9^1*a15^1*a18^1*a19^1,
a8^1*a15^1*a18^1*a19^1,
a7^1*a15^1*a18^1*a19^1,
a6^1*a15^1*a18^1*a19^1,
a5^1*a15^1*a18^1*a19^1,
a4^1*a15^1*a18^1*a19^1,
a3^1*a15^1*a18^1*a19^1,
a2^1*a15^1*a18^1*a19^1,
a1^1*a15^1*a18^1*a19^1,
a0^1*a15^1*a18^1*a19^1,
a14^2*a18^1*a19^1,
a13^1*a14^1*a18^1*a19^1,
a12^1*a14^1*a18^1*a19^1,
a11^1*a14^1*a18^1*a19^1,
a10^1*a14^1*a18^1*a19^1,
a9^1*a14^1*a18^1*a19^1,
a8^1*a14^1*a18^1*a19^1,
a7^1*a14^1*a18^1*a19^1,
a6^1*a14^1*a18^1*a19^1,
a5^1*a14^1*a18^1*a19^1,
a4^1*a14^1*a18^1*a19^1,
a3^1*a14^1*a18^1*a19^1,
a2^1*a14^1*a18^1*a19^1,
a1^1*a14^1*a18^1*a19^1,
a0^1*a14^1*a18^1*a19^1,
a13^2*a18^1*a19^1,
a12^1*a13^1*a18^1*a19^1,
a11^1*a13^1*a18^1*a19^1,
a10^1*a13^1*a18^1*a19^1,
a9^1*a13^1*a18^1*a19^1,
a8^1*a13^1*a18^1*a19^1,
a7^1*a13^1*a18^1*a19^1,
a6^1*a13^1*a18^1*a19^1,
a5^1*a13^1*a18^1*a19^1,
a4^1*a13^1*a18^1*a19^1,
a3^1*a13^1*a18^1*a19^1,
a2^1*a13^1*a18^1*a19^1,
a1^1*a13^1*a18^1*a19^1,
a0^1*a13^1*a18^1*a19^1,
a12^2*a18^1*a19^1,
a11^1*a12^1*a18^1*a19^1,
a10^1*a12^1*a18^1*a19^1,
a9^1*a12^1*a18^1*a19^1,
a8^1*a12^1*a18^1*a19^1,
a7^1*a12^1*a18^1*a19^1,
a6^1*a12^1*a18^1*a19^1,
a5^1*a12^1*a18^1*a19^1,
a4^1*a12^1*a18^1*a19^1,
a3^1*a12^1*a18^1*a19^1,
a2^1*a12^1*a18^1*a19^1,
a1^1*a12^1*a18^1*a19^1,
a0^1*a12^1*a18^1*a19^1,
a11^2*a18^1*a19^1,
a10^1*a11^1*a18^1*a19^1,
a9^1*a11^1*a18^1*a19^1,
a8^1*a11^1*a18^1*a19^1,
a7^1*a11^1*a18^1*a19^1,
a6^1*a11^1*a18^1*a19^1,
a5^1*a11^1*a18^1*a19^1,
a4^1*a11^1*a18^1*a19^1,
a3^1*a11^1*a18^1*a19^1,
a2^1*a11^1*a18^1*a19^1,
a1^1*a11^1*a18^1*a19^1,
a0^1*a11^1*a18^1*a19^1,
a10^2*a18^1*a19^1,
a9^1*a10^1*a18^1*a19^1,
a8^1*a10^1*a18^1*a19^1,
a7^1*a10^1*a18^1*a19^1,
a6^1*a10^1*a18^1*a19^1,
a5^1*a10^1*a18^1*a19^1,
a4^1*a10^1*a18^1*a19^1,
a3^1*a10^1*a18^1*a19^1,
a2^1*a10^1*a18^1*a19^1,
a1^1*a10^1*a18^1*a19^1,
a0^1*a10^1*a18^1*a19^1,
a9^2*a18^1*a19^1,
a8^1*a9^1*a18^1*a19^1,
a7^1*a9^1*a18^1*a19^1,
a6^1*a9^1*a18^1*a19^1,
a5^1*a9^1*a18^1*a19^1,
a4^1*a9^1*a18^1*a19^1,
a3^1*a9^1*a18^1*a19^1,
a2^1*a9^1*a18^1*a19^1,
a1^1*a9^1*a18^1*a19^1,
a0^1*a9^1*a18^1*a19^1,
a8^2*a18^1*a19^1,
a7^1*a8^1*a18^1*a19^1,
a6^1*a8^1*a18^1*a19^1,
a5^1*a8^1*a18^1*a19^1,
a4^1*a8^1*a18^1*a19^1,
a3^1*a8^1*a18^1*a19^1,
a2^1*a8^1*a18^1*a19^1,
a1^1*a8^1*a18^1*a19^1,
a0^1*a8^1*a18^1*a19^1,
a7^2*a18^1*a19^1,
a6^1*a7^1*a18^1*a19^1,
a5^1*a7^1*a18^1*a19^1,
a4^1*a7^1*a18^1*a19^1,
a3^1*a7^1*a18^1*a19^1,
a2^1*a7^1*a18^1*a19^1,
a1^1*a7^1*a18^1*a19^1,
a0^1*a7^1*a18^1*a19^1,
a6^2*a18^1*a19^1,
a5^1*a6^1*a18^1*a19^1,
a4^1*a6^1*a18^1*a19^1,
a3^1*a6^1*a18^1*a19^1,
a2^1*a6^1*a18^1*a19^1,
a1^1*a6^1*a18^1*a19^1,
a0^1*a6^1*a18^1*a19^1,
a5^2*a18^1*a19^1,
a4^1*a5^1*a18^1*a19^1,
a3^1*a5^1*a18^1*a19^1,
a2^1*a5^1*a18^1*a19^1,
a1^1*a5^1*a18^1*a19^1,
a0^1*a5^1*a18^1*a19^1,
a4^2*a18^1*a19^1,
a3^1*a4^1*a18^1*a19^1,
a2^1*a4^1*a18^1*a19^1,
a1^1*a4^1*a18^1*a19^1,
a0^1*a4^1*a18^1*a19^1,
a3^2*a18^1*a19^1,
a2^1*a3^1*a18^1*a19^1,
a1^1*a3^1*a18^1*a19^1,
a0^1*a3^1*a18^1*a19^1,
a2^2*a18^1*a19^1,
a1^1*a2^1*a18^1*a19^1,
a0^1*a2^1*a18^1*a19^1,
a1^2*a18^1*a19^1,
a0^1*a1^1*a18^1*a19^1,
a0^2*a18^1*a19^1,
a17^3*a19^1,
a16^1*a17^2*a19^1,
a15^1*a17^2*a19^1,
a14^1*a17^2*a19^1,
a13^1*a17^2*a19^1,
a12^1*a17^2*a19^1,
a11^1*a17^2*a19^1,
a10^1*a17^2*a19^1,
a9^1*a17^2*a19^1,
a8^1*a17^2*a19^1,
a7^1*a17^2*a19^1,
a6^1*a17^2*a19^1,
a5^1*a17^2*a19^1,
a4^1*a17^2*a19^1,
a3^1*a17^2*a19^1,
a2^1*a17^2*a19^1,
a1^1*a17^2*a19^1,
a0^1*a17^2*a19^1,
a16^2*a17^1*a19^1,
a15^1*a16^1*a17^1*a19^1,
a14^1*a16^1*a17^1*a19^1,
a13^1*a16^1*a17^1*a19^1,
a12^1*a16^1*a17^1*a19^1,
a11^1*a16^1*a17^1*a19^1,
a10^1*a16^1*a17^1*a19^1,
a9^1*a16^1*a17^1*a19^1,
a8^1*a16^1*a17^1*a19^1,
a7^1*a16^1*a17^1*a19^1,
a6^1*a16^1*a17^1*a19^1,
a5^1*a16^1*a17^1*a19^1,
a4^1*a16^1*a17^1*a19^1,
a3^1*a16^1*a17^1*a19^1,
a2^1*a16^1*a17^1*a19^1,
a1^1*a16^1*a17^1*a19^1,
a0^1*a16^1*a17^1*a19^1,
a15^2*a17^1*a19^1,
a14^1*a15^1*a17^1*a19^1,
a13^1*a15^1*a17^1*a19^1,
a12^1*a15^1*a17^1*a19^1,
a11^1*a15^1*a17^1*a19^1,
a10^1*a15^1*a17^1*a19^1,
a9^1*a15^1*a17^1*a19^1,
a8^1*a15^1*a17^1*a19^1,
a7^1*a15^1*a17^1*a19^1,
a6^1*a15^1*a17^1*a19^1,
a5^1*a15^1*a17^1*a19^1,
a4^1*a15^1*a17^1*a19^1,
a3^1*a15^1*a17^1*a19^1,
a2^1*a15^1*a17^1*a19^1,
a1^1*a15^1*a17^1*a19^1,
a0^1*a15^1*a17^1*a19^1,
a14^2*a17^1*a19^1,
a13^1*a14^1*a17^1*a19^1,
a12^1*a14^1*a17^1*a19^1,
a11^1*a14^1*a17^1*a19^1,
a10^1*a14^1*a17^1*a19^1,
a9^1*a14^1*a17^1*a19^1,
a8^1*a14^1*a17^1*a19^1,
a7^1*a14^1*a17^1*a19^1,
a6^1*a14^1*a17^1*a19^1,
a5^1*a14^1*a17^1*a19^1,
a4^1*a14^1*a17^1*a19^1,
a3^1*a14^1*a17^1*a19^1,
a2^1*a14^1*a17^1*a19^1,
a1^1*a14^1*a17^1*a19^1,
a9^1*a13^1*a17^1*a19^1,
a9^1*a12^1*a17^1*a19^1,
a9^1*a11^1*a17^1*a19^1,
a10^2*a17^1*a19^1,
a9^1*a10^1*a17^1*a19^1,
a8^1*a10^1*a17^1*a19^1,
a7^1*a10^1*a17^1*a19^1,
a6^1*a10^1*a17^1*a19^1,
a5^1*a10^1*a17^1*a19^1,
a4^1*a10^1*a17^1*a19^1,
a3^1*a10^1*a17^1*a19^1,
a2^1*a10^1*a17^1*a19^1,
a1^1*a10^1*a17^1*a19^1,
a0^1*a10^1*a17^1*a19^1,
a9^2*a17^1*a19^1,
a8^1*a9^1*a17^1*a19^1,
a7^1*a9^1*a17^1*a19^1,
a6^1*a9^1*a17^1*a19^1,
a5^1*a9^1*a17^1*a19^1,
a4^1*a9^1*a17^1*a19^1,
a3^1*a9^1*a17^1*a19^1,
a2^1*a9^1*a17^1*a19^1,
a1^1*a9^1*a17^1*a19^1,
a0^1*a9^1*a17^1*a19^1,
a8^2*a17^1*a19^1,
a7^1*a8^1*a17^1*a19^1,
a6^1*a8^1*a17^1*a19^1,
a5^1*a8^1*a17^1*a19^1,
a4^1*a8^1*a17^1*a19^1,
a3^1*a8^1*a17^1*a19^1,
a2^1*a8^1*a17^1*a19^1,
a1^1*a8^1*a17^1*a19^1,
a0^1*a8^1*a17^1*a19^1,
a7^2*a17^1*a19^1,
a6^1*a7^1*a17^1*a19^1,
a5^1*a7^1*a17^1*a19^1,
a4^1*a7^1*a17^1*a19^1,
a3^1*a7^1*a17^1*a19^1,
a2^1*a7^1*a17^1*a19^1,
a1^1*a7^1*a17^1*a19^1,
a0^1*a7^1*a17^1*a19^1,
a6^2*a17^1*a19^1,
a5^1*a6^1*a17^1*a19^1,
a4^1*a6^1*a17^1*a19^1,
a3^1*a6^1*a17^1*a19^1,
a2^1*a6^1*a17^1*a19^1,
a1^1*a6^1*a17^1*a19^1,
a0^1*a6^1*a17^1*a19^1,
a5^2*a17^1*a19^1,
a4^1*a5^1*a17^1*a19^1,
a3^1*a5^1*a17^1*a19^1,
a2^1*a5^1*a17^1*a19^1,
a1^1*a5^1*a17^1*a19^1,
a0^1*a5^1*a17^1*a19^1,
a4^2*a17^1*a19^1,
a3^1*a4^1*a17^1*a19^1,
a2^1*a4^1*a17^1*a19^1,
a1^1*a4^1*a17^1*a19^1,
a0^1*a4^1*a17^1*a19^1,
a3^2*a17^1*a19^1,
a2^1*a3^1*a17^1*a19^1,
a1^1*a3^1*a17^1*a19^1,
a0^1*a3^1*a17^1*a19^1,
a2^2*a17^1*a19^1,
a1^1*a2^1*a17^1*a19^1,
a0^1*a2^1*a17^1*a19^1,
a1^2*a17^1*a19^1,
a9^1*a15^1*a16^1*a19^1,
a9^1*a14^1*a16^1*a19^1,
a9^1*a13^1*a16^1*a19^1,
a9^1*a12^1*a16^1*a19^1,
a9^1*a11^1*a16^1*a19^1,
a10^2*a16^1*a19^1,
a9^1*a10^1*a16^1*a19^1,
a8^1*a10^1*a16^1*a19^1,
a7^1*a10^1*a16^1*a19^1,
a6^1*a10^1*a16^1*a19^1,
a5^1*a10^1*a16^1*a19^1,
a4^1*a10^1*a16^1*a19^1,
a3^1*a10^1*a16^1*a19^1,
a2^1*a10^1*a16^1*a19^1,
a1^1*a10^1*a16^1*a19^1,
a0^1*a10^1*a16^1*a19^1,
a9^2*a16^1*a19^1,
a8^1*a9^1*a16^1*a19^1,
a7^1*a9^1*a16^1*a19^1,
a6^1*a9^1*a16^1*a19^1,
a5^1*a9^1*a16^1*a19^1,
a4^1*a9^1*a16^1*a19^1,
a3^1*a9^1*a16^1*a19^1,
a2^1*a9^1*a16^1*a19^1,
a1^1*a9^1*a16^1*a19^1,
a0^1*a9^1*a16^1*a19^1,
a8^2*a16^1*a19^1,
a7^1*a8^1*a16^1*a19^1,
a6^1*a8^1*a16^1*a19^1,
a5^1*a8^1*a16^1*a19^1,
a4^1*a8^1*a16^1*a19^1,
a3^1*a8^1*a16^1*a19^1,
a2^1*a8^1*a16^1*a19^1,
a1^1*a8^1*a16^1*a19^1,
a0^1*a8^1*a16^1*a19^1,
a7^2*a16^1*a19^1,
a6^1*a7^1*a16^1*a19^1,
a5^1*a7^1*a16^1*a19^1,
a4^1*a7^1*a16^1*a19^1,
a3^1*a7^1*a16^1*a19^1,
a2^1*a7^1*a16^1*a19^1,
a1^1*a7^1*a16^1*a19^1,
a0^1*a7^1*a16^1*a19^1,
a6^2*a16^1*a19^1,
a5^1*a6^1*a16^1*a19^1,
a4^1*a6^1*a16^1*a19^1,
a3^1*a6^1*a16^1*a19^1,
a2^1*a6^1*a16^1*a19^1,
a1^1*a6^1*a16^1*a19^1,
a0^1*a6^1*a16^1*a19^1,
a5^2*a16^1*a19^1,
a4^1*a5^1*a16^1*a19^1,
a3^1*a5^1*a16^1*a19^1,
a9^1*a15^2*a19^1,
a9^1*a14^1*a15^1*a19^1,
a9^1*a13^1*a15^1*a19^1,
a9^1*a12^1*a15^1*a19^1,
a9^1*a11^1*a15^1*a19^1,
a10^2*a15^1*a19^1,
a9^1*a10^1*a15^1*a19^1,
a8^1*a10^1*a15^1*a19^1,
a7^1*a10^1*a15^1*a19^1,
a6^1*a10^1*a15^1*a19^1,
a5^1*a10^1*a15^1*a19^1,
a4^1*a10^1*a15^1*a19^1,
a3^1*a10^1*a15^1*a19^1,
a2^1*a10^1*a15^1*a19^1,
a1^1*a10^1*a15^1*a19^1,
a0^1*a10^1*a15^1*a19^1,
a9^2*a15^1*a19^1,
a8^1*a9^1*a15^1*a19^1,
a7^1*a9^1*a15^1*a19^1,
a6^1*a9^1*a15^1*a19^1,
a5^1*a9^1*a15^1*a19^1,
a4^1*a9^1*a15^1*a19^1,
a3^1*a9^1*a15^1*a19^1,
a2^1*a9^1*a15^1*a19^1,
a1^1*a9^1*a15^1*a19^1,
a0^1*a9^1*a15^1*a19^1,
a8^2*a15^1*a19^1,
a7^1*a8^1*a15^1*a19^1,
a6^1*a8^1*a15^1*a19^1,
a5^1*a8^1*a15^1*a19^1,
a4^1*a8^1*a15^1*a19^1,
a3^1*a8^1*a15^1*a19^1,
a2^1*a8^1*a15^1*a19^1,
a1^1*a8^1*a15^1*a19^1,
a0^1*a8^1*a15^1*a19^1,
a7^2*a15^1*a19^1,
a6^1*a7^1*a15^1*a19^1,
a5^1*a7^1*a15^1*a19^1,
a4^1*a7^1*a15^1*a19^1,
a3^1*a7^1*a15^1*a19^1,
a2^1*a7^1*a15^1*a19^1,
a1^1*a7^1*a15^1*a19^1,
a0^1*a7^1*a15^1*a19^1,
a6^2*a15^1*a19^1,
a5^1*a6^1*a15^1*a19^1,
a4^1*a6^1*a15^1*a19^1,
a3^1*a6^1*a15^1*a19^1,
a2^1*a6^1*a15^1*a19^1,
a1^1*a6^1*a15^1*a19^1,
a0^1*a6^1*a15^1*a19^1,
a9^1*a14^2*a19^1,
a9^1*a13^1*a14^1*a19^1,
a9^1*a12^1*a14^1*a19^1,
a9^1*a11^1*a14^1*a19^1,
a10^2*a14^1*a19^1,
a9^1*a10^1*a14^1*a19^1,
a8^1*a10^1*a14^1*a19^1,
a7^1*a10^1*a14^1*a19^1,
a6^1*a10^1*a14^1*a19^1,
a5^1*a10^1*a14^1*a19^1,
a4^1*a10^1*a14^1*a19^1,
a3^1*a10^1*a14^1*a19^1,
a2^1*a10^1*a14^1*a19^1,
a1^1*a10^1*a14^1*a19^1,
a0^1*a10^1*a14^1*a19^1,
a9^2*a14^1*a19^1,
a8^1*a9^1*a14^1*a19^1,
a7^1*a9^1*a14^1*a19^1,
a6^1*a9^1*a14^1*a19^1,
a5^1*a9^1*a14^1*a19^1,
a4^1*a9^1*a14^1*a19^1,
a3^1*a9^1*a14^1*a19^1,
a2^1*a9^1*a14^1*a19^1,
a1^1*a9^1*a14^1*a19^1,
a0^1*a9^1*a14^1*a19^1,
a8^2*a14^1*a19^1,
a7^1*a8^1*a14^1*a19^1,
a6^1*a8^1*a14^1*a19^1,
a5^1*a8^1*a14^1*a19^1,
a4^1*a8^1*a14^1*a19^1,
a3^1*a8^1*a14^1*a19^1,
a2^1*a8^1*a14^1*a19^1,
a1^1*a8^1*a14^1*a19^1,
a0^1*a8^1*a14^1*a19^1,
a7^2*a14^1*a19^1,
a6^1*a7^1*a14^1*a19^1,
a5^1*a7^1*a14^1*a19^1,
a4^1*a7^1*a14^1*a19^1,
a3^1*a7^1*a14^1*a19^1,
a9^1*a13^2*a19^1,
a9^1*a12^1*a13^1*a19^1,
a9^1*a11^1*a13^1*a19^1,
a10^2*a13^1*a19^1,
a9^1*a10^1*a13^1*a19^1,
a8^1*a10^1*a13^1*a19^1,
a7^1*a10^1*a13^1*a19^1,
a6^1*a10^1*a13^1*a19^1,
a5^1*a10^1*a13^1*a19^1,
a4^1*a10^1*a13^1*a19^1,
a3^1*a10^1*a13^1*a19^1,
a2^1*a10^1*a13^1*a19^1,
a1^1*a10^1*a13^1*a19^1,
a0^1*a10^1*a13^1*a19^1,
a9^2*a13^1*a19^1,
a8^1*a9^1*a13^1*a19^1,
a7^1*a9^1*a13^1*a19^1,
a6^1*a9^1*a13^1*a19^1,
a5^1*a9^1*a13^1*a19^1,
a4^1*a9^1*a13^1*a19^1,
a3^1*a9^1*a13^1*a19^1,
a2^1*a9^1*a13^1*a19^1,
a1^1*a9^1*a13^1*a19^1,
a0^1*a9^1*a13^1*a19^1,
a8^2*a13^1*a19^1,
a7^1*a8^1*a13^1*a19^1,
a6^1*a8^1*a13^1*a19^1,
a5^1*a8^1*a13^1*a19^1,
a4^1*a8^1*a13^1*a19^1,
a3^1*a8^1*a13^1*a19^1,
a9^1*a12^2*a19^1,
a9^1*a11^1*a12^1*a19^1,
a10^2*a12^1*a19^1,
a9^1*a10^1*a12^1*a19^1,
a8^1*a10^1*a12^1*a19^1,
a7^1*a10^1*a12^1*a19^1,
a6^1*a10^1*a12^1*a19^1,
a5^1*a10^1*a12^1*a19^1,
a4^1*a10^1*a12^1*a19^1,
a3^1*a10^1*a12^1*a19^1,
a2^1*a10^1*a12^1*a19^1,
a1^1*a10^1*a12^1*a19^1,
a0^1*a10^1*a12^1*a19^1,
a9^2*a12^1*a19^1,
a8^1*a9^1*a12^1*a19^1,
a7^1*a9^1*a12^1*a19^1,
a6^1*a9^1*a12^1*a19^1,
a5^1*a9^1*a12^1*a19^1,
a4^1*a9^1*a12^1*a19^1,
a3^1*a9^1*a12^1*a19^1,
a2^1*a9^1*a12^1*a19^1,
a1^1*a9^1*a12^1*a19^1,
a0^1*a9^1*a12^1*a19^1,
a8^2*a12^1*a19^1,
a7^1*a8^1*a12^1*a19^1,
a6^1*a8^1*a12^1*a19^1,
a5^1*a8^1*a12^1*a19^1,
a4^1*a8^1*a12^1*a19^1,
a3^1*a8^1*a12^1*a19^1,
a2^1*a8^1*a12^1*a19^1,
a1^1*a8^1*a12^1*a19^1,
a0^1*a8^1*a12^1*a19^1,
a7^2*a12^1*a19^1,
a6^1*a7^1*a12^1*a19^1,
a5^1*a7^1*a12^1*a19^1,
a4^1*a7^1*a12^1*a19^1,
a3^1*a7^1*a12^1*a19^1,
a2^1*a7^1*a12^1*a19^1,
a1^1*a7^1*a12^1*a19^1,
a0^1*a7^1*a12^1*a19^1,
a6^2*a12^1*a19^1,
a5^1*a6^1*a12^1*a19^1,
a4^1*a6^1*a12^1*a19^1,
a3^1*a6^1*a12^1*a19^1,
a2^1*a6^1*a12^1*a19^1,
a1^1*a6^1*a12^1*a19^1,
a0^1*a6^1*a12^1*a19^1,
a5^2*a12^1*a19^1,
a4^1*a5^1*a12^1*a19^1,
a3^1*a5^1*a12^1*a19^1,
a2^1*a5^1*a12^1*a19^1,
a1^1*a5^1*a12^1*a19^1,
a0^1*a5^1*a12^1*a19^1,
a4^2*a12^1*a19^1,
a3^1*a4^1*a12^1*a19^1,
a9^1*a10^1*a11^1*a19^1,
a9^2*a11^1*a19^1,
a8^1*a9^1*a11^1*a19^1,
a7^1*a9^1*a11^1*a19^1,
a6^1*a9^1*a11^1*a19^1,
a5^1*a9^1*a11^1*a19^1,
a4^1*a9^1*a11^1*a19^1,
a3^1*a9^1*a11^1*a19^1,
a2^1*a9^1*a11^1*a19^1,
a1^1*a9^1*a11^1*a19^1,
a0^1*a9^1*a11^1*a19^1,
a10^3*a19^1,
a9^1*a10^2*a19^1,
a8^1*a10^2*a19^1,
a7^1*a10^2*a19^1,
a6^1*a10^2*a19^1,
a5^1*a10^2*a19^1,
a4^1*a10^2*a19^1,
a3^1*a10^2*a19^1,
a2^1*a10^2*a19^1,
a1^1*a10^2*a19^1,
a0^1*a10^2*a19^1,
a9^2*a10^1*a19^1,
a8^1*a9^1*a10^1*a19^1,
a7^1*a9^1*a10^1*a19^1,
a6^1*a9^1*a10^1*a19^1,
a5^1*a9^1*a10^1*a19^1,
a4^1*a9^1*a10^1*a19^1,
a3^1*a9^1*a10^1*a19^1,
a2^1*a9^1*a10^1*a19^1,
a1^1*a9^1*a10^1*a19^1,
a0^1*a9^1*a10^1*a19^1,
a8^2*a10^1*a19^1,
a7^1*a8^1*a10^1*a19^1,
a6^1*a8^1*a10^1*a19^1,
a5^1*a8^1*a10^1*a19^1,
a4^1*a8^1*a10^1*a19^1,
a3^1*a8^1*a10^1*a19^1,
a2^1*a8^1*a10^1*a19^1,
a1^1*a8^1*a10^1*a19^1,
a0^1*a8^1*a10^1*a19^1,
a7^2*a10^1*a19^1,
a6^1*a7^1*a10^1*a19^1,
a5^1*a7^1*a10^1*a19^1,
a4^1*a7^1*a10^1*a19^1,
a3^1*a7^1*a10^1*a19^1,
a2^1*a7^1*a10^1*a19^1,
a1^1*a7^1*a10^1*a19^1,
a0^1*a7^1*a10^1*a19^1,
a6^2*a10^1*a19^1,
a5^1*a6^1*a10^1*a19^1,
a4^1*a6^1*a10^1*a19^1,
a3^1*a6^1*a10^1*a19^1,
a2^1*a6^1*a10^1*a19^1,
a1^1*a6^1*a10^1*a19^1,
a0^1*a6^1*a10^1*a19^1,
a5^2*a10^1*a19^1,
a4^1*a5^1*a10^1*a19^1,
a3^1*a5^1*a10^1*a19^1,
a2^1*a5^1*a10^1*a19^1,
a1^1*a5^1*a10^1*a19^1,
a0^1*a5^1*a10^1*a19^1,
a4^2*a10^1*a19^1,
a3^1*a4^1*a10^1*a19^1,
a2^1*a4^1*a10^1*a19^1,
a1^1*a4^1*a10^1*a19^1,
a0^1*a4^1*a10^1*a19^1,
a3^2*a10^1*a19^1,
a2^1*a3^1*a10^1*a19^1,
a1^1*a3^1*a10^1*a19^1,
a0^1*a3^1*a10^1*a19^1,
a2^2*a10^1*a19^1,
a1^1*a2^1*a10^1*a19^1,
a0^1*a2^1*a10^1*a19^1,
a1^2*a10^1*a19^1,
a0^1*a1^1*a10^1*a19^1,
a0^2*a10^1*a19^1,
a9^3*a19^1,
a8^1*a9^2*a19^1,
a7^1*a9^2*a19^1,
a6^1*a9^2*a19^1,
a5^1*a9^2*a19^1,
a4^1*a9^2*a19^1,
a3^1*a9^2*a19^1,
a2^1*a9^2*a19^1,
a1^1*a9^2*a19^1,
a0^1*a9^2*a19^1,
a8^2*a9^1*a19^1,
a7^1*a8^1*a9^1*a19^1,
a6^1*a8^1*a9^1*a19^1,
a5^1*a8^1*a9^1*a19^1,
a4^1*a8^1*a9^1*a19^1,
a3^1*a8^1*a9^1*a19^1,
a2^1*a8^1*a9^1*a19^1,
a1^1*a8^1*a9^1*a19^1,
a0^1*a8^1*a9^1*a19^1,
a7^2*a9^1*a19^1,
a6^1*a7^1*a9^1*a19^1,
a5^1*a7^1*a9^1*a19^1,
a4^1*a7^1*a9^1*a19^1,
a3^1*a7^1*a9^1*a19^1,
a2^1*a7^1*a9^1*a19^1,
a1^1*a7^1*a9^1*a19^1,
a0^1*a7^1*a9^1*a19^1,
a6^2*a9^1*a19^1,
a5^1*a6^1*a9^1*a19^1,
a4^1*a6^1*a9^1*a19^1,
a3^1*a6^1*a9^1*a19^1,
a2^1*a6^1*a9^1*a19^1,
a1^1*a6^1*a9^1*a19^1,
a0^1*a6^1*a9^1*a19^1,
a5^2*a9^1*a19^1,
a18^4,
a17^1*a18^3,
a16^1*a18^3,
a15^1*a18^3,
a14^1*a18^3,
a13^1*a18^3,
a12^1*a18^3,
a11^1*a18^3,
a10^1*a18^3,
a9^1*a18^3,
a8^1*a18^3,
a7^1*a18^3,
a6^1*a18^3,
a5^1*a18^3,
a4^1*a18^3,
a3^1*a18^3,
a2^1*a18^3,
a1^1*a18^3,
a0^1*a18^3,
a17^2*a18^2,
a16^1*a17^1*a18^2,
a15^1*a17^1*a18^2,
a14^1*a17^1*a18^2,
a13^1*a17^1*a18^2,
a12^1*a17^1*a18^2,
a11^1*a17^1*a18^2,
a10^1*a17^1*a18^2,
a9^1*a17^1*a18^2,
a8^1*a17^1*a18^2,
a7^1*a17^1*a18^2,
a6^1*a17^1*a18^2,
a5^1*a17^1*a18^2,
a4^1*a17^1*a18^2,
a3^1*a17^1*a18^2,
a2^1*a17^1*a18^2,
a1^1*a17^1*a18^2,
a0^1*a17^1*a18^2,
a16^2*a18^2,
a15^1*a16^1*a18^2,
a14^1*a16^1*a18^2,
a13^1*a16^1*a18^2,
a12^1*a16^1*a18^2,
a11^1*a16^1*a18^2,
a10^1*a16^1*a18^2,
a9^1*a16^1*a18^2,
a8^1*a16^1*a18^2,
a7^1*a16^1*a18^2,
a6^1*a16^1*a18^2,
a5^1*a16^1*a18^2,
a4^1*a16^1*a18^2,
a3^1*a16^1*a18^2,
a2^1*a16^1*a18^2,
a1^1*a16^1*a18^2,
a0^1*a16^1*a18^2,
a15^2*a18^2,
a14^1*a15^1*a18^2,
a13^1*a15^1*a18^2,
a12^1*a15^1*a18^2,
a11^1*a15^1*a18^2,
a10^1*a15^1*a18^2,
a9^1*a15^1*a18^2,
a8^1*a15^1*a18^2,
a7^1*a15^1*a18^2,
a6^1*a15^1*a18^2,
a5^1*a15^1*a18^2,
a4^1*a15^1*a18^2,
a3^1*a15^1*a18^2,
a2^1*a15^1*a18^2,
a1^1*a15^1*a18^2,
a0^1*a15^1*a18^2,
a14^2*a18^2,
a13^1*a14^1*a18^2,
a12^1*a14^1*a18^2,
a11^1*a14^1*a18^2,
a10^1*a14^1*a18^2,
a9^1*a14^1*a18^2,
a8^1*a14^1*a18^2,
a7^1*a14^1*a18^2,
a6^1*a14^1*a18^2,
a5^1*a14^1*a18^2,
a4^1*a14^1*a18^2,
a3^1*a14^1*a18^2,
a2^1*a14^1*a18^2,
a1^1*a14^1*a18^2,
a0^1*a14^1*a18^2,
a13^2*a18^2,
a12^1*a13^1*a18^2,
a11^1*a13^1*a18^2,
a10^1*a13^1*a18^2,
a9^1*a13^1*a18^2,
a8^1*a13^1*a18^2,
a7^1*a13^1*a18^2,
a6^1*a13^1*a18^2,
a5^1*a13^1*a18^2,
a4^1*a13^1*a18^2,
a3^1*a13^1*a18^2,
a2^1*a13^1*a18^2,
a1^1*a13^1*a18^2,
a0^1*a13^1*a18^2,
a12^2*a18^2,
a11^1*a12^1*a18^2,
a10^1*a12^1*a18^2,
a9^1*a12^1*a18^2,
a8^1*a12^1*a18^2,
a7^1*a12^1*a18^2,
a6^1*a12^1*a18^2,
a5^1*a12^1*a18^2,
a4^1*a12^1*a18^2,
a3^1*a12^1*a18^2,
a2^1*a12^1*a18^2,
a1^1*a12^1*a18^2,
a0^1*a12^1*a18^2,
a11^2*a18^2,
a10^1*a11^1*a18^2,
a9^1*a11^1*a18^2,
a8^1*a11^1*a18^2,
a7^1*a11^1*a18^2,
a6^1*a11^1*a18^2,
a5^1*a11^1*a18^2,
a4^1*a11^1*a18^2,
a3^1*a11^1*a18^2,
a2^1*a11^1*a18^2,
a1^1*a11^1*a18^2,
a0^1*a11^1*a18^2,
a10^2*a18^2,
a9^1*a10^1*a18^2,
a8^1*a10^1*a18^2,
a7^1*a10^1*a18^2,
a6^1*a10^1*a18^2,
a5^1*a10^1*a18^2,
a4^1*a10^1*a18^2,
a3^1*a10^1*a18^2,
a2^1*a10^1*a18^2,
a1^1*a10^1*a18^2,
a0^1*a10^1*a18^2,
a9^2*a18^2,
a8^1*a9^1*a18^2,
a7^1*a9^1*a18^2,
a6^1*a9^1*a18^2,
a5^1*a9^1*a18^2,
a4^1*a9^1*a18^2,
a3^1*a9^1*a18^2,
a2^1*a9^1*a18^2,
a1^1*a9^1*a18^2,
a0^1*a9^1*a18^2,
a8^2*a18^2,
a7^1*a8^1*a18^2,
a6^1*a8^1*a18^2,
a5^1*a8^1*a18^2,
a4^1*a8^1*a18^2,
a3^1*a8^1*a18^2,
a2^1*a8^1*a18^2,
a1^1*a8^1*a18^2,
a0^1*a8^1*a18^2,
a7^2*a18^2,
a6^1*a7^1*a18^2,
a5^1*a7^1*a18^2,
a4^1*a7^1*a18^2,
a3^1*a7^1*a18^2,
a2^1*a7^1*a18^2,
a1^1*a7^1*a18^2,
a0^1*a7^1*a18^2,
a6^2*a18^2,
a5^1*a6^1*a18^2,
a4^1*a6^1*a18^2,
a3^1*a6^1*a18^2,
a2^1*a6^1*a18^2,
a1^1*a6^1*a18^2,
a0^1*a6^1*a18^2,
a5^2*a18^2,
a4^1*a5^1*a18^2,
a3^1*a5^1*a18^2,
a2^1*a5^1*a18^2,
a1^1*a5^1*a18^2,
a0^1*a5^1*a18^2,
a4^2*a18^2,
a3^1*a4^1*a18^2,
a2^1*a4^1*a18^2,
a1^1*a4^1*a18^2,
a0^1*a4^1*a18^2,
a3^2*a18^2,
a2^1*a3^1*a18^2,
a1^1*a3^1*a18^2,
a0^1*a3^1*a18^2,
a2^2*a18^2,
a1^1*a2^1*a18^2,
a0^1*a2^1*a18^2,
a1^2*a18^2,
a0^1*a1^1*a18^2,
a0^2*a18^2,
a17^3*a18^1,
a16^1*a17^2*a18^1,
a15^1*a17^2*a18^1,
a14^1*a17^2*a18^1,
a13^1*a17^2*a18^1,
a12^1*a17^2*a18^1,
a11^1*a17^2*a18^1,
a10^1*a17^2*a18^1,
a9^1*a17^2*a18^1,
a8^1*a17^2*a18^1,
a7^1*a17^2*a18^1,
a6^1*a17^2*a18^1,
a5^1*a17^2*a18^1,
a4^1*a17^2*a18^1,
a3^1*a17^2*a18^1,
a2^1*a17^2*a18^1,
a1^1*a17^2*a18^1,
a0^1*a17^2*a18^1,
a16^2*a17^1*a18^1,
a15^1*a16^1*a17^1*a18^1,
a14^1*a16^1*a17^1*a18^1,
a13^1*a16^1*a17^1*a18^1,
a12^1*a16^1*a17^1*a18^1,
a11^1*a16^1*a17^1*a18^1,
a10^1*a16^1*a17^1*a18^1,
a9^1*a16^1*a17^1*a18^1,
a8^1*a16^1*a17^1*a18^1,
a7^1*a16^1*a17^1*a18^1,
a6^1*a16^1*a17^1*a18^1,
a5^1*a16^1*a17^1*a18^1,
a4^1*a16^1*a17^1*a18^1,
a3^1*a16^1*a17^1*a18^1,
a2^1*a16^1*a17^1*a18^1,
a1^1*a16^1*a17^1*a18^1,
a0^1*a16^1*a17^1*a18^1,
a15^2*a17^1*a18^1,
a14^1*a15^1*a17^1*a18^1,
a13^1*a15^1*a17^1*a18^1,
a12^1*a15^1*a17^1*a18^1,
a11^1*a15^1*a17^1*a18^1,
a10^1*a15^1*a17^1*a18^1,
a9^1*a15^1*a17^1*a18^1,
a8^1*a15^1*a17^1*a18^1,
a7^1*a15^1*a17^1*a18^1,
a6^1*a15^1*a17^1*a18^1,
a5^1*a15^1*a17^1*a18^1,
a4^1*a15^1*a17^1*a18^1,
a3^1*a15^1*a17^1*a18^1,
a2^1*a15^1*a17^1*a18^1,
a1^1*a15^1*a17^1*a18^1,
a0^1*a15^1*a17^1*a18^1,
a14^2*a17^1*a18^1,
a13^1*a14^1*a17^1*a18^1,
a12^1*a14^1*a17^1*a18^1,
a11^1*a14^1*a17^1*a18^1,
a10^1*a14^1*a17^1*a18^1,
a9^1*a14^1*a17^1*a18^1,
a8^1*a14^1*a17^1*a18^1,
a7^1*a14^1*a17^1*a18^1,
a6^1*a14^1*a17^1*a18^1,
a5^1*a14^1*a17^1*a18^1,
a4^1*a14^1*a17^1*a18^1,
a3^1*a14^1*a17^1*a18^1,
a2^1*a14^1*a17^1*a18^1,
a1^1*a14^1*a17^1*a18^1,
a9^1*a13^1*a17^1*a18^1,
a9^1*a12^1*a17^1*a18^1,
a9^1*a11^1*a17^1*a18^1,
a10^2*a17^1*a18^1,
a9^1*a10^1*a17^1*a18^1,
a8^1*a10^1*a17^1*a18^1,
a7^1*a10^1*a17^1*a18^1,
a6^1*a10^1*a17^1*a18^1,
a5^1*a10^1*a17^1*a18^1,
a4^1*a10^1*a17^1*a18^1,
a3^1*a10^1*a17^1*a18^1,
a2^1*a10^1*a17^1*a18^1,
a1^1*a10^1*a17^1*a18^1,
a0^1*a10^1*a17^1*a18^1,
a9^2*a17^1*a18^1,
a8^1*a9^1*a17^1*a18^1,
a7^1*a9^1*a17^1*a18^1,
a6^1*a9^1*a17^1*a18^1,
a5^1*a9^1*a17^1*a18^1,
a4^1*a9^1*a17^1*a18^1,
a3^1*a9^1*a17^1*a18^1,
a2^1*a9^1*a17^1*a18^1,
a1^1*a9^1*a17^1*a18^1,
a0^1*a9^1*a17^1*a18^1,
a8^2*a17^1*a18^1,
a7^1*a8^1*a17^1*a18^1,
a6^1*a8^1*a17^1*a18^1,
a5^1*a8^1*a17^1*a18^1,
a4^1*a8^1*a17^1*a18^1,
a3^1*a8^1*a17^1*a18^1,
a2^1*a8^1*a17^1*a18^1,
a1^1*a8^1*a17^1*a18^1,
a0^1*a8^1*a17^1*a18^1,
a7^2*a17^1*a18^1,
a6^1*a7^1*a17^1*a18^1,
a5^1*a7^1*a17^1*a18^1,
a4^1*a7^1*a17^1*a18^1,
a3^1*a7^1*a17^1*a18^1,
a2^1*a7^1*a17^1*a18^1,
a1^1*a7^1*a17^1*a18^1,
a0^1*a7^1*a17^1*a18^1,
a6^2*a17^1*a18^1,
a5^1*a6^1*a17^1*a18^1,
a4^1*a6^1*a17^1*a18^1,
a3^1*a6^1*a17^1*a18^1,
a2^1*a6^1*a17^1*a18^1,
a1^1*a6^1*a17^1*a18^1,
a0^1*a6^1*a17^1*a18^1,
a5^2*a17^1*a18^1,
a4^1*a5^1*a17^1*a18^1,
a3^1*a5^1*a17^1*a18^1,
a2^1*a5^1*a17^1*a18^1,
a1^1*a5^1*a17^1*a18^1,
a0^1*a5^1*a17^1*a18^1,
a4^2*a17^1*a18^1,
a3^1*a4^1*a17^1*a18^1,
a2^1*a4^1*a17^1*a18^1,
a1^1*a4^1*a17^1*a18^1,
a0^1*a4^1*a17^1*a18^1,
a3^2*a17^1*a18^1,
a2^1*a3^1*a17^1*a18^1,
a1^1*a3^1*a17^1*a18^1,
a0^1*a3^1*a17^1*a18^1,
a2^2*a17^1*a18^1,
a1^1*a2^1*a17^1*a18^1,
a0^1*a2^1*a17^1*a18^1,
a1^2*a17^1*a18^1,
a9^1*a15^1*a16^1*a18^1,
a9^1*a14^1*a16^1*a18^1,
a9^1*a13^1*a16^1*a18^1,
a9^1*a12^1*a16^1*a18^1,
a9^1*a11^1*a16^1*a18^1,
a10^2*a16^1*a18^1,
a9^1*a10^1*a16^1*a18^1,
a8^1*a10^1*a16^1*a18^1,
a7^1*a10^1*a16^1*a18^1,
a6^1*a10^1*a16^1*a18^1,
a5^1*a10^1*a16^1*a18^1,
a4^1*a10^1*a16^1*a18^1,
a3^1*a10^1*a16^1*a18^1,
a2^1*a10^1*a16^1*a18^1,
a1^1*a10^1*a16^1*a18^1,
a0^1*a10^1*a16^1*a18^1,
a9^2*a16^1*a18^1,
a8^1*a9^1*a16^1*a18^1,
a7^1*a9^1*a16^1*a18^1,
a6^1*a9^1*a16^1*a18^1,
a5^1*a9^1*a16^1*a18^1,
a4^1*a9^1*a16^1*a18^1,
a3^1*a9^1*a16^1*a18^1,
a2^1*a9^1*a16^1*a18^1,
a1^1*a9^1*a16^1*a18^1,
a0^1*a9^1*a16^1*a18^1,
a8^2*a16^1*a18^1,
a7^1*a8^1*a16^1*a18^1,
a6^1*a8^1*a16^1*a18^1,
a5^1*a8^1*a16^1*a18^1,
a4^1*a8^1*a16^1*a18^1,
a3^1*a8^1*a16^1*a18^1,
a2^1*a8^1*a16^1*a18^1,
a1^1*a8^1*a16^1*a18^1,
a0^1*a8^1*a16^1*a18^1,
a7^2*a16^1*a18^1,
a6^1*a7^1*a16^1*a18^1,
a5^1*a7^1*a16^1*a18^1,
a4^1*a7^1*a16^1*a18^1,
a3^1*a7^1*a16^1*a18^1,
a2^1*a7^1*a16^1*a18^1,
a1^1*a7^1*a16^1*a18^1,
a0^1*a7^1*a16^1*a18^1,
a6^2*a16^1*a18^1,
a5^1*a6^1*a16^1*a18^1,
a4^1*a6^1*a16^1*a18^1,
a3^1*a6^1*a16^1*a18^1,
a2^1*a6^1*a16^1*a18^1,
a1^1*a6^1*a16^1*a18^1,
a0^1*a6^1*a16^1*a18^1,
a5^2*a16^1*a18^1,
a4^1*a5^1*a16^1*a18^1,
a3^1*a5^1*a16^1*a18^1,
a9^1*a15^2*a18^1,
a9^1*a14^1*a15^1*a18^1,
a9^1*a13^1*a15^1*a18^1,
a9^1*a12^1*a15^1*a18^1,
a9^1*a11^1*a15^1*a18^1,
a10^2*a15^1*a18^1,
a9^1*a10^1*a15^1*a18^1,
a8^1*a10^1*a15^1*a18^1,
a7^1*a10^1*a15^1*a18^1,
a6^1*a10^1*a15^1*a18^1,
a5^1*a10^1*a15^1*a18^1,
a4^1*a10^1*a15^1*a18^1,
a3^1*a10^1*a15^1*a18^1,
a2^1*a10^1*a15^1*a18^1,
a1^1*a10^1*a15^1*a18^1,
a0^1*a10^1*a15^1*a18^1,
a9^2*a15^1*a18^1,
a8^1*a9^1*a15^1*a18^1,
a7^1*a9^1*a15^1*a18^1,
a6^1*a9^1*a15^1*a18^1,
a5^1*a9^1*a15^1*a18^1,
a4^1*a9^1*a15^1*a18^1,
a3^1*a9^1*a15^1*a18^1,
a2^1*a9^1*a15^1*a18^1,
a1^1*a9^1*a15^1*a18^1,
a0^1*a9^1*a15^1*a18^1,
a8^2*a15^1*a18^1,
a7^1*a8^1*a15^1*a18^1,
a6^1*a8^1*a15^1*a18^1,
a5^1*a8^1*a15^1*a18^1,
a4^1*a8^1*a15^1*a18^1,
a3^1*a8^1*a15^1*a18^1,
a2^1*a8^1*a15^1*a18^1,
a1^1*a8^1*a15^1*a18^1,
a0^1*a8^1*a15^1*a18^1,
a7^2*a15^1*a18^1,
a6^1*a7^1*a15^1*a18^1,
a5^1*a7^1*a15^1*a18^1,
a4^1*a7^1*a15^1*a18^1,
a3^1*a7^1*a15^1*a18^1,
a2^1*a7^1*a15^1*a18^1,
a1^1*a7^1*a15^1*a18^1,
a0^1*a7^1*a15^1*a18^1,
a6^2*a15^1*a18^1,
a5^1*a6^1*a15^1*a18^1,
a4^1*a6^1*a15^1*a18^1,
a3^1*a6^1*a15^1*a18^1,
a2^1*a6^1*a15^1*a18^1,
a1^1*a6^1*a15^1*a18^1,
a0^1*a6^1*a15^1*a18^1,
a9^1*a14^2*a18^1,
a9^1*a13^1*a14^1*a18^1,
a9^1*a12^1*a14^1*a18^1,
a9^1*a11^1*a14^1*a18^1,
a10^2*a14^1*a18^1,
a9^1*a10^1*a14^1*a18^1,
a8^1*a10^1*a14^1*a18^1,
a7^1*a10^1*a14^1*a18^1,
a6^1*a10^1*a14^1*a18^1,
a5^1*a10^1*a14^1*a18^1,
a4^1*a10^1*a14^1*a18^1,
a3^1*a10^1*a14^1*a18^1,
a2^1*a10^1*a14^1*a18^1,
a1^1*a10^1*a14^1*a18^1,
a0^1*a10^1*a14^1*a18^1,
a9^2*a14^1*a18^1,
a8^1*a9^1*a14^1*a18^1,
a7^1*a9^1*a14^1*a18^1,
a6^1*a9^1*a14^1*a18^1,
a5^1*a9^1*a14^1*a18^1,
a4^1*a9^1*a14^1*a18^1,
a3^1*a9^1*a14^1*a18^1,
a2^1*a9^1*a14^1*a18^1,
a1^1*a9^1*a14^1*a18^1,
a0^1*a9^1*a14^1*a18^1,
a8^2*a14^1*a18^1,
a7^1*a8^1*a14^1*a18^1,
a6^1*a8^1*a14^1*a18^1,
a5^1*a8^1*a14^1*a18^1,
a4^1*a8^1*a14^1*a18^1,
a3^1*a8^1*a14^1*a18^1,
a2^1*a8^1*a14^1*a18^1,
a1^1*a8^1*a14^1*a18^1,
a0^1*a8^1*a14^1*a18^1,
a7^2*a14^1*a18^1,
a6^1*a7^1*a14^1*a18^1,
a5^1*a7^1*a14^1*a18^1,
a4^1*a7^1*a14^1*a18^1,
a3^1*a7^1*a14^1*a18^1,
a9^1*a13^2*a18^1,
a9^1*a12^1*a13^1*a18^1,
a9^1*a11^1*a13^1*a18^1,
a10^2*a13^1*a18^1,
a9^1*a10^1*a13^1*a18^1,
a8^1*a10^1*a13^1*a18^1,
a7^1*a10^1*a13^1*a18^1,
a6^1*a10^1*a13^1*a18^1,
a5^1*a10^1*a13^1*a18^1,
a4^1*a10^1*a13^1*a18^1,
a3^1*a10^1*a13^1*a18^1,
a2^1*a10^1*a13^1*a18^1,
a1^1*a10^1*a13^1*a18^1,
a0^1*a10^1*a13^1*a18^1,
a9^2*a13^1*a18^1,
a8^1*a9^1*a13^1*a18^1,
a7^1*a9^1*a13^1*a18^1,
a6^1*a9^1*a13^1*a18^1,
a5^1*a9^1*a13^1*a18^1,
a4^1*a9^1*a13^1*a18^1,
a3^1*a9^1*a13^1*a18^1,
a2^1*a9^1*a13^1*a18^1,
a1^1*a9^1*a13^1*a18^1,
a0^1*a9^1*a13^1*a18^1,
a8^2*a13^1*a18^1,
a7^1*a8^1*a13^1*a18^1,
a6^1*a8^1*a13^1*a18^1,
a5^1*a8^1*a13^1*a18^1,
a4^1*a8^1*a13^1*a18^1,
a3^1*a8^1*a13^1*a18^1,
a9^1*a12^2*a18^1,
a9^1*a11^1*a12^1*a18^1,
a10^2*a12^1*a18^1,
a9^1*a10^1*a12^1*a18^1,
a8^1*a10^1*a12^1*a18^1,
a7^1*a10^1*a12^1*a18^1,
a6^1*a10^1*a12^1*a18^1,
a5^1*a10^1*a12^1*a18^1,
a4^1*a10^1*a12^1*a18^1,
a3^1*a10^1*a12^1*a18^1,
a2^1*a10^1*a12^1*a18^1,
a1^1*a10^1*a12^1*a18^1,
a0^1*a10^1*a12^1*a18^1,
a9^2*a12^1*a18^1,
a8^1*a9^1*a12^1*a18^1,
a7^1*a9^1*a12^1*a18^1,
a6^1*a9^1*a12^1*a18^1,
a5^1*a9^1*a12^1*a18^1,
a4^1*a9^1*a12^1*a18^1,
a3^1*a9^1*a12^1*a18^1,
a2^1*a9^1*a12^1*a18^1,
a1^1*a9^1*a12^1*a18^1,
a0^1*a9^1*a12^1*a18^1,
a8^2*a12^1*a18^1,
a7^1*a8^1*a12^1*a18^1,
a6^1*a8^1*a12^1*a18^1,
a5^1*a8^1*a12^1*a18^1,
a4^1*a8^1*a12^1*a18^1,
a3^1*a8^1*a12^1*a18^1,
a2^1*a8^1*a12^1*a18^1,
a1^1*a8^1*a12^1*a18^1,
a0^1*a8^1*a12^1*a18^1,
a7^2*a12^1*a18^1,
a6^1*a7^1*a12^1*a18^1,
a5^1*a7^1*a12^1*a18^1,
a4^1*a7^1*a12^1*a18^1,
a3^1*a7^1*a12^1*a18^1,
a2^1*a7^1*a12^1*a18^1,
a1^1*a7^1*a12^1*a18^1,
a0^1*a7^1*a12^1*a18^1,
a6^2*a12^1*a18^1,
a5^1*a6^1*a12^1*a18^1,
a4^1*a6^1*a12^1*a18^1,
a3^1*a6^1*a12^1*a18^1,
a2^1*a6^1*a12^1*a18^1,
a1^1*a6^1*a12^1*a18^1,
a0^1*a6^1*a12^1*a18^1,
a5^2*a12^1*a18^1,
a4^1*a5^1*a12^1*a18^1,
a3^1*a5^1*a12^1*a18^1,
a2^1*a5^1*a12^1*a18^1,
a1^1*a5^1*a12^1*a18^1,
a0^1*a5^1*a12^1*a18^1,
a4^2*a12^1*a18^1,
a3^1*a4^1*a12^1*a18^1,
a9^1*a10^1*a11^1*a18^1,
a9^2*a11^1*a18^1,
a8^1*a9^1*a11^1*a18^1,
a7^1*a9^1*a11^1*a18^1,
a6^1*a9^1*a11^1*a18^1,
a5^1*a9^1*a11^1*a18^1,
a4^1*a9^1*a11^1*a18^1,
a3^1*a9^1*a11^1*a18^1,
a2^1*a9^1*a11^1*a18^1,
a1^1*a9^1*a11^1*a18^1,
a0^1*a9^1*a11^1*a18^1,
a10^3*a18^1,
a9^1*a10^2*a18^1,
a8^1*a10^2*a18^1,
a7^1*a10^2*a18^1,
a6^1*a10^2*a18^1,
a5^1*a10^2*a18^1,
a4^1*a10^2*a18^1,
a3^1*a10^2*a18^1,
a2^1*a10^2*a18^1,
a1^1*a10^2*a18^1,
a0^1*a10^2*a18^1,
a9^2*a10^1*a18^1,
a8^1*a9^1*a10^1*a18^1,
a7^1*a9^1*a10^1*a18^1,
a6^1*a9^1*a10^1*a18^1,
a5^1*a9^1*a10^1*a18^1,
a4^1*a9^1*a10^1*a18^1,
a3^1*a9^1*a10^1*a18^1,
a2^1*a9^1*a10^1*a18^1,
a1^1*a9^1*a10^1*a18^1,
a0^1*a9^1*a10^1*a18^1,
a8^2*a10^1*a18^1,
a7^1*a8^1*a10^1*a18^1,
a6^1*a8^1*a10^1*a18^1,
a5^1*a8^1*a10^1*a18^1,
a4^1*a8^1*a10^1*a18^1,
a3^1*a8^1*a10^1*a18^1,
a2^1*a8^1*a10^1*a18^1,
a1^1*a8^1*a10^1*a18^1,
a0^1*a8^1*a10^1*a18^1,
a7^2*a10^1*a18^1,
a6^1*a7^1*a10^1*a18^1,
a5^1*a7^1*a10^1*a18^1,
a4^1*a7^1*a10^1*a18^1,
a3^1*a7^1*a10^1*a18^1,
a2^1*a7^1*a10^1*a18^1,
a1^1*a7^1*a10^1*a18^1,
a0^1*a7^1*a10^1*a18^1,
a6^2*a10^1*a18^1,
a5^1*a6^1*a10^1*a18^1,
a4^1*a6^1*a10^1*a18^1,
a3^1*a6^1*a10^1*a18^1,
a2^1*a6^1*a10^1*a18^1,
a1^1*a6^1*a10^1*a18^1,
a0^1*a6^1*a10^1*a18^1,
a5^2*a10^1*a18^1,
a4^1*a5^1*a10^1*a18^1,
a3^1*a5^1*a10^1*a18^1,
a2^1*a5^1*a10^1*a18^1,
a1^1*a5^1*a10^1*a18^1,
a0^1*a5^1*a10^1*a18^1,
a4^2*a10^1*a18^1,
a3^1*a4^1*a10^1*a18^1,
a2^1*a4^1*a10^1*a18^1,
a1^1*a4^1*a10^1*a18^1,
a0^1*a4^1*a10^1*a18^1,
a3^2*a10^1*a18^1,
a2^1*a3^1*a10^1*a18^1,
a1^1*a3^1*a10^1*a18^1,
a0^1*a3^1*a10^1*a18^1,
a2^2*a10^1*a18^1,
a1^1*a2^1*a10^1*a18^1,
a0^1*a2^1*a10^1*a18^1,
a1^2*a10^1*a18^1,
a0^1*a1^1*a10^1*a18^1,
a0^2*a10^1*a18^1,
a9^3*a18^1,
a8^1*a9^2*a18^1,
a7^1*a9^2*a18^1,
a6^1*a9^2*a18^1,
a5^1*a9^2*a18^1,
a4^1*a9^2*a18^1,
a3^1*a9^2*a18^1,
a2^1*a9^2*a18^1,
a1^1*a9^2*a18^1,
a0^1*a9^2*a18^1,
a8^2*a9^1*a18^1,
a7^1*a8^1*a9^1*a18^1,
a6^1*a8^1*a9^1*a18^1,
a5^1*a8^1*a9^1*a18^1,
a4^1*a8^1*a9^1*a18^1,
a3^1*a8^1*a9^1*a18^1,
a2^1*a8^1*a9^1*a18^1,
a1^1*a8^1*a9^1*a18^1,
a0^1*a8^1*a9^1*a18^1,
a7^2*a9^1*a18^1,
a6^1*a7^1*a9^1*a18^1,
a5^1*a7^1*a9^1*a18^1,
a4^1*a7^1*a9^1*a18^1,
a3^1*a7^1*a9^1*a18^1,
a2^1*a7^1*a9^1*a18^1,
a1^1*a7^1*a9^1*a18^1,
a0^1*a7^1*a9^1*a18^1,
a6^2*a9^1*a18^1,
a5^1*a6^1*a9^1*a18^1,
a4^1*a6^1*a9^1*a18^1,
a3^1*a6^1*a9^1*a18^1,
a2^1*a6^1*a9^1*a18^1,
a1^1*a6^1*a9^1*a18^1,
a0^1*a6^1*a9^1*a18^1,
a5^2*a9^1*a18^1,
a17^4,
a16^1*a17^3,
a15^1*a17^3,
a14^1*a17^3,
a13^1*a17^3,
a12^1*a17^3,
a11^1*a17^3,
a10^1*a17^3,
a9^1*a17^3,
a8^1*a17^3,
a7^1*a17^3,
a6^1*a17^3,
a5^1*a17^3,
a4^1*a17^3,
a3^1*a17^3,
a2^1*a17^3,
a1^1*a17^3,
a0^1*a17^3,
a16^2*a17^2,
a15^1*a16^1*a17^2,
a14^1*a16^1*a17^2,
a13^1*a16^1*a17^2,
a12^1*a16^1*a17^2,
a11^1*a16^1*a17^2,
a10^1*a16^1*a17^2,
a9^1*a16^1*a17^2,
a8^1*a16^1*a17^2,
a7^1*a16^1*a17^2,
a6^1*a16^1*a17^2,
a5^1*a16^1*a17^2,
a4^1*a16^1*a17^2,
a3^1*a16^1*a17^2,
a2^1*a16^1*a17^2,
a1^1*a16^1*a17^2,
a0^1*a16^1*a17^2,
a15^2*a17^2,
a14^1*a15^1*a17^2,
a13^1*a15^1*a17^2,
a12^1*a15^1*a17^2,
a11^1*a15^1*a17^2,
a10^1*a15^1*a17^2,
a9^1*a15^1*a17^2,
a8^1*a15^1*a17^2,
a7^1*a15^1*a17^2,
a6^1*a15^1*a17^2,
a5^1*a15^1*a17^2,
a4^1*a15^1*a17^2,
a3^1*a15^1*a17^2,
a2^1*a15^1*a17^2,
a1^1*a15^1*a17^2,
a0^1*a15^1*a17^2,
a14^2*a17^2,
a13^1*a14^1*a17^2,
a12^1*a14^1*a17^2,
a11^1*a14^1*a17^2,
a10^1*a14^1*a17^2,
a9^1*a14^1*a17^2,
a8^1*a14^1*a17^2,
a7^1*a14^1*a17^2,
a6^1*a14^1*a17^2,
a5^1*a14^1*a17^2,
a4^1*a14^1*a17^2,
a3^1*a14^1*a17^2,
a2^1*a14^1*a17^2,
a1^1*a14^1*a17^2,
a9^1*a13^1*a17^2,
a9^1*a12^1*a17^2,
a9^1*a11^1*a17^2,
a10^2*a17^2,
a9^1*a10^1*a17^2,
a8^1*a10^1*a17^2,
a7^1*a10^1*a17^2,
a6^1*a10^1*a17^2,
a5^1*a10^1*a17^2,
a4^1*a10^1*a17^2,
a3^1*a10^1*a17^2,
a2^1*a10^1*a17^2,
a1^1*a10^1*a17^2,
a0^1*a10^1*a17^2,
a9^2*a17^2,
a8^1*a9^1*a17^2,
a7^1*a9^1*a17^2,
a6^1*a9^1*a17^2,
a5^1*a9^1*a17^2,
a4^1*a9^1*a17^2,
a3^1*a9^1*a17^2,
a2^1*a9^1*a17^2,
a1^1*a9^1*a17^2,
a0^1*a9^1*a17^2,
a8^2*a17^2,
a7^1*a8^1*a17^2,
a6^1*a8^1*a17^2,
a5^1*a8^1*a17^2,
a4^1*a8^1*a17^2,
a3^1*a8^1*a17^2,
a2^1*a8^1*a17^2,
a1^1*a8^1*a17^2,
a0^1*a8^1*a17^2,
a7^2*a17^2,
a6^1*a7^1*a17^2,
a5^1*a7^1*a17^2,
a4^1*a7^1*a17^2,
a3^1*a7^1*a17^2,
a2^1*a7^1*a17^2,
a1^1*a7^1*a17^2,
a0^1*a7^1*a17^2,
a6^2*a17^2,
a5^1*a6^1*a17^2,
a4^1*a6^1*a17^2,
a3^1*a6^1*a17^2,
a2^1*a6^1*a17^2,
a1^1*a6^1*a17^2,
a0^1*a6^1*a17^2,
a5^2*a17^2,
a4^1*a5^1*a17^2,
a3^1*a5^1*a17^2,
a2^1*a5^1*a17^2,
a1^1*a5^1*a17^2,
a0^1*a5^1*a17^2,
a4^2*a17^2,
a3^1*a4^1*a17^2,
a2^1*a4^1*a17^2,
a1^1*a4^1*a17^2,
a0^1*a4^1*a17^2,
a3^2*a17^2,
a2^1*a3^1*a17^2,
a1^1*a3^1*a17^2,
a0^1*a3^1*a17^2,
a2^2*a17^2,
a1^1*a2^1*a17^2,
a0^1*a2^1*a17^2,
a1^2*a17^2,
a9^1*a15^1*a16^1*a17^1,
a9^1*a14^1*a16^1*a17^1,
a9^1*a13^1*a16^1*a17^1,
a9^1*a12^1*a16^1*a17^1,
a9^1*a11^1*a16^1*a17^1,
a10^2*a16^1*a17^1,
a9^1*a10^1*a16^1*a17^1,
a8^1*a10^1*a16^1*a17^1,
a7^1*a10^1*a16^1*a17^1,
a6^1*a10^1*a16^1*a17^1,
a5^1*a10^1*a16^1*a17^1,
a4^1*a10^1*a16^1*a17^1,
a3^1*a10^1*a16^1*a17^1,
a2^1*a10^1*a16^1*a17^1,
a1^1*a10^1*a16^1*a17^1,
a0^1*a10^1*a16^1*a17^1,
a9^2*a16^1*a17^1,
a8^1*a9^1*a16^1*a17^1,
a7^1*a9^1*a16^1*a17^1,
a6^1*a9^1*a16^1*a17^1,
a5^1*a9^1*a16^1*a17^1,
a4^1*a9^1*a16^1*a17^1,
a3^1*a9^1*a16^1*a17^1,
a2^1*a9^1*a16^1*a17^1,
a1^1*a9^1*a16^1*a17^1,
a0^1*a9^1*a16^1*a17^1,
a8^2*a16^1*a17^1,
a7^1*a8^1*a16^1*a17^1,
a6^1*a8^1*a16^1*a17^1,
a5^1*a8^1*a16^1*a17^1,
a4^1*a8^1*a16^1*a17^1,
a3^1*a8^1*a16^1*a17^1,
a2^1*a8^1*a16^1*a17^1,
a1^1*a8^1*a16^1*a17^1,
a0^1*a8^1*a16^1*a17^1,
a7^2*a16^1*a17^1,
a6^1*a7^1*a16^1*a17^1,
a5^1*a7^1*a16^1*a17^1,
a4^1*a7^1*a16^1*a17^1,
a3^1*a7^1*a16^1*a17^1,
a2^1*a7^1*a16^1*a17^1,
a1^1*a7^1*a16^1*a17^1,
a0^1*a7^1*a16^1*a17^1,
a6^2*a16^1*a17^1,
a5^1*a6^1*a16^1*a17^1,
a4^1*a6^1*a16^1*a17^1,
a3^1*a6^1*a16^1*a17^1,
a2^1*a6^1*a16^1*a17^1,
a1^1*a6^1*a16^1*a17^1,
a0^1*a6^1*a16^1*a17^1,
a5^2*a16^1*a17^1,
a4^1*a5^1*a16^1*a17^1,
a3^1*a5^1*a16^1*a17^1,
a9^1*a15^2*a17^1,
a9^1*a14^1*a15^1*a17^1,
a9^1*a13^1*a15^1*a17^1,
a9^1*a12^1*a15^1*a17^1,
a9^1*a11^1*a15^1*a17^1,
a10^2*a15^1*a17^1,
a9^1*a10^1*a15^1*a17^1,
a8^1*a10^1*a15^1*a17^1,
a7^1*a10^1*a15^1*a17^1,
a6^1*a10^1*a15^1*a17^1,
a5^1*a10^1*a15^1*a17^1,
a4^1*a10^1*a15^1*a17^1,
a3^1*a10^1*a15^1*a17^1,
a2^1*a10^1*a15^1*a17^1,
a1^1*a10^1*a15^1*a17^1,
a0^1*a10^1*a15^1*a17^1,
a9^2*a15^1*a17^1,
a8^1*a9^1*a15^1*a17^1,
a7^1*a9^1*a15^1*a17^1,
a6^1*a9^1*a15^1*a17^1,
a5^1*a9^1*a15^1*a17^1,
a4^1*a9^1*a15^1*a17^1,
a3^1*a9^1*a15^1*a17^1,
a2^1*a9^1*a15^1*a17^1,
a1^1*a9^1*a15^1*a17^1,
a0^1*a9^1*a15^1*a17^1,
a8^2*a15^1*a17^1,
a7^1*a8^1*a15^1*a17^1,
a6^1*a8^1*a15^1*a17^1,
a5^1*a8^1*a15^1*a17^1,
a4^1*a8^1*a15^1*a17^1,
a3^1*a8^1*a15^1*a17^1,
a2^1*a8^1*a15^1*a17^1,
a1^1*a8^1*a15^1*a17^1,
a0^1*a8^1*a15^1*a17^1,
a7^2*a15^1*a17^1,
a6^1*a7^1*a15^1*a17^1,
a5^1*a7^1*a15^1*a17^1,
a4^1*a7^1*a15^1*a17^1,
a3^1*a7^1*a15^1*a17^1,
a2^1*a7^1*a15^1*a17^1,
a1^1*a7^1*a15^1*a17^1,
a0^1*a7^1*a15^1*a17^1,
a6^2*a15^1*a17^1,
a5^1*a6^1*a15^1*a17^1,
a4^1*a6^1*a15^1*a17^1,
a3^1*a6^1*a15^1*a17^1,
a2^1*a6^1*a15^1*a17^1,
a1^1*a6^1*a15^1*a17^1,
a0^1*a6^1*a15^1*a17^1,
a9^1*a14^2*a17^1,
a9^1*a13^1*a14^1*a17^1,
a9^1*a12^1*a14^1*a17^1,
a9^1*a11^1*a14^1*a17^1,
a10^2*a14^1*a17^1,
a9^1*a10^1*a14^1*a17^1,
a8^1*a10^1*a14^1*a17^1,
a7^1*a10^1*a14^1*a17^1,
a6^1*a10^1*a14^1*a17^1,
a5^1*a10^1*a14^1*a17^1,
a4^1*a10^1*a14^1*a17^1,
a3^1*a10^1*a14^1*a17^1,
a2^1*a10^1*a14^1*a17^1,
a1^1*a10^1*a14^1*a17^1,
a9^2*a14^1*a17^1,
a8^1*a9^1*a14^1*a17^1,
a7^1*a9^1*a14^1*a17^1,
a6^1*a9^1*a14^1*a17^1,
a5^1*a9^1*a14^1*a17^1,
a4^1*a9^1*a14^1*a17^1,
a3^1*a9^1*a14^1*a17^1,
a2^1*a9^1*a14^1*a17^1,
a1^1*a9^1*a14^1*a17^1,
a8^2*a14^1*a17^1,
a7^1*a8^1*a14^1*a17^1,
a6^1*a8^1*a14^1*a17^1,
a5^1*a8^1*a14^1*a17^1,
a4^1*a8^1*a14^1*a17^1,
a3^1*a8^1*a14^1*a17^1,
a2^1*a8^1*a14^1*a17^1,
a1^1*a8^1*a14^1*a17^1,
a7^2*a14^1*a17^1,
a6^1*a7^1*a14^1*a17^1,
a5^1*a7^1*a14^1*a17^1,
a4^1*a7^1*a14^1*a17^1,
a3^1*a7^1*a14^1*a17^1,
a9^2*a13^1*a17^1,
a9^2*a12^1*a17^1,
a9^2*a11^1*a17^1,
a10^3*a17^1,
a9^1*a10^2*a17^1,
a8^1*a10^2*a17^1,
a7^1*a10^2*a17^1,
a6^1*a10^2*a17^1,
a5^1*a10^2*a17^1,
a4^1*a10^2*a17^1,
a3^1*a10^2*a17^1,
a2^1*a10^2*a17^1,
a1^1*a10^2*a17^1,
a0^1*a10^2*a17^1,
a9^2*a10^1*a17^1,
a8^1*a9^1*a10^1*a17^1,
a7^1*a9^1*a10^1*a17^1,
a6^1*a9^1*a10^1*a17^1,
a5^1*a9^1*a10^1*a17^1,
a4^1*a9^1*a10^1*a17^1,
a3^1*a9^1*a10^1*a17^1,
a2^1*a9^1*a10^1*a17^1,
a1^1*a9^1*a10^1*a17^1,
a0^1*a9^1*a10^1*a17^1,
a8^2*a10^1*a17^1,
a7^1*a8^1*a10^1*a17^1,
a6^1*a8^1*a10^1*a17^1,
a5^1*a8^1*a10^1*a17^1,
a4^1*a8^1*a10^1*a17^1,
a3^1*a8^1*a10^1*a17^1,
a2^1*a8^1*a10^1*a17^1,
a1^1*a8^1*a10^1*a17^1,
a0^1*a8^1*a10^1*a17^1,
a7^2*a10^1*a17^1,
a6^1*a7^1*a10^1*a17^1,
a5^1*a7^1*a10^1*a17^1,
a4^1*a7^1*a10^1*a17^1,
a3^1*a7^1*a10^1*a17^1,
a2^1*a7^1*a10^1*a17^1,
a1^1*a7^1*a10^1*a17^1,
a0^1*a7^1*a10^1*a17^1,
a6^2*a10^1*a17^1,
a5^1*a6^1*a10^1*a17^1,
a4^1*a6^1*a10^1*a17^1,
a3^1*a6^1*a10^1*a17^1,
a2^1*a6^1*a10^1*a17^1,
a1^1*a6^1*a10^1*a17^1,
a0^1*a6^1*a10^1*a17^1,
a5^2*a10^1*a17^1,
a4^1*a5^1*a10^1*a17^1,
a3^1*a5^1*a10^1*a17^1,
a2^1*a5^1*a10^1*a17^1,
a1^1*a5^1*a10^1*a17^1,
a0^1*a5^1*a10^1*a17^1,
a4^2*a10^1*a17^1,
a3^1*a4^1*a10^1*a17^1,
a2^1*a4^1*a10^1*a17^1,
a1^1*a4^1*a10^1*a17^1,
a0^1*a4^1*a10^1*a17^1,
a3^2*a10^1*a17^1,
a2^1*a3^1*a10^1*a17^1,
a1^1*a3^1*a10^1*a17^1,
a0^1*a3^1*a10^1*a17^1,
a2^2*a10^1*a17^1,
a1^1*a2^1*a10^1*a17^1,
a0^1*a2^1*a10^1*a17^1,
a1^2*a10^1*a17^1,
a9^3*a17^1,
a8^1*a9^2*a17^1,
a7^1*a9^2*a17^1,
a6^1*a9^2*a17^1,
a5^1*a9^2*a17^1,
a4^1*a9^2*a17^1,
a3^1*a9^2*a17^1,
a2^1*a9^2*a17^1,
a1^1*a9^2*a17^1,
a0^1*a9^2*a17^1,
a8^2*a9^1*a17^1,
a7^1*a8^1*a9^1*a17^1,
a6^1*a8^1*a9^1*a17^1,
a5^1*a8^1*a9^1*a17^1,
a4^1*a8^1*a9^1*a17^1,
a3^1*a8^1*a9^1*a17^1,
a2^1*a8^1*a9^1*a17^1,
a1^1*a8^1*a9^1*a17^1,
a0^1*a8^1*a9^1*a17^1,
a7^2*a9^1*a17^1,
a6^1*a7^1*a9^1*a17^1,
a5^1*a7^1*a9^1*a17^1,
a4^1*a7^1*a9^1*a17^1,
a3^1*a7^1*a9^1*a17^1,
a2^1*a7^1*a9^1*a17^1,
a1^1*a7^1*a9^1*a17^1,
a0^1*a7^1*a9^1*a17^1,
a6^2*a9^1*a17^1,
a5^1*a6^1*a9^1*a17^1,
a4^1*a6^1*a9^1*a17^1,
a3^1*a6^1*a9^1*a17^1,
a2^1*a6^1*a9^1*a17^1,
a1^1*a6^1*a9^1*a17^1,
a0^1*a6^1*a9^1*a17^1,
a5^2*a9^1*a17^1,
a9^2*a15^1*a16^1,
a9^2*a14^1*a16^1,
a9^2*a13^1*a16^1,
a9^2*a12^1*a16^1,
a9^2*a11^1*a16^1,
a10^3*a16^1,
a9^1*a10^2*a16^1,
a8^1*a10^2*a16^1,
a7^1*a10^2*a16^1,
a6^1*a10^2*a16^1,
a5^1*a10^2*a16^1,
a4^1*a10^2*a16^1,
a3^1*a10^2*a16^1,
a2^1*a10^2*a16^1,
a1^1*a10^2*a16^1,
a0^1*a10^2*a16^1,
a9^2*a10^1*a16^1,
a8^1*a9^1*a10^1*a16^1,
a7^1*a9^1*a10^1*a16^1,
a6^1*a9^1*a10^1*a16^1,
a5^1*a9^1*a10^1*a16^1,
a4^1*a9^1*a10^1*a16^1,
a3^1*a9^1*a10^1*a16^1,
a2^1*a9^1*a10^1*a16^1,
a1^1*a9^1*a10^1*a16^1,
a0^1*a9^1*a10^1*a16^1,
a8^2*a10^1*a16^1,
a7^1*a8^1*a10^1*a16^1,
a6^1*a8^1*a10^1*a16^1,
a5^1*a8^1*a10^1*a16^1,
a4^1*a8^1*a10^1*a16^1,
a3^1*a8^1*a10^1*a16^1,
a2^1*a8^1*a10^1*a16^1,
a1^1*a8^1*a10^1*a16^1,
a0^1*a8^1*a10^1*a16^1,
a7^2*a10^1*a16^1,
a6^1*a7^1*a10^1*a16^1,
a5^1*a7^1*a10^1*a16^1,
a4^1*a7^1*a10^1*a16^1,
a3^1*a7^1*a10^1*a16^1,
a2^1*a7^1*a10^1*a16^1,
a1^1*a7^1*a10^1*a16^1,
a0^1*a7^1*a10^1*a16^1,
a6^2*a10^1*a16^1,
a5^1*a6^1*a10^1*a16^1,
a4^1*a6^1*a10^1*a16^1,
a3^1*a6^1*a10^1*a16^1,
a2^1*a6^1*a10^1*a16^1,
a1^1*a6^1*a10^1*a16^1,
a0^1*a6^1*a10^1*a16^1,
a5^2*a10^1*a16^1,
a4^1*a5^1*a10^1*a16^1,
a3^1*a5^1*a10^1*a16^1,
a9^3*a16^1,
a8^1*a9^2*a16^1,
a7^1*a9^2*a16^1,
a6^1*a9^2*a16^1,
a5^1*a9^2*a16^1,
a4^1*a9^2*a16^1,
a3^1*a9^2*a16^1,
a2^1*a9^2*a16^1,
a1^1*a9^2*a16^1,
a0^1*a9^2*a16^1,
a8^2*a9^1*a16^1,
a7^1*a8^1*a9^1*a16^1,
a6^1*a8^1*a9^1*a16^1,
a5^1*a8^1*a9^1*a16^1,
a4^1*a8^1*a9^1*a16^1,
a3^1*a8^1*a9^1*a16^1,
a2^1*a8^1*a9^1*a16^1,
a1^1*a8^1*a9^1*a16^1,
a0^1*a8^1*a9^1*a16^1,
a7^2*a9^1*a16^1,
a6^1*a7^1*a9^1*a16^1,
a5^1*a7^1*a9^1*a16^1,
a4^1*a7^1*a9^1*a16^1,
a3^1*a7^1*a9^1*a16^1,
a2^1*a7^1*a9^1*a16^1,
a1^1*a7^1*a9^1*a16^1,
a0^1*a7^1*a9^1*a16^1,
a6^2*a9^1*a16^1,
a5^1*a6^1*a9^1*a16^1,
a4^1*a6^1*a9^1*a16^1,
a3^1*a6^1*a9^1*a16^1,
a2^1*a6^1*a9^1*a16^1,
a1^1*a6^1*a9^1*a16^1,
a0^1*a6^1*a9^1*a16^1,
a5^2*a9^1*a16^1,
a9^2*a15^2,
a9^2*a14^1*a15^1,
a9^2*a13^1*a15^1,
a9^2*a12^1*a15^1,
a9^2*a11^1*a15^1,
a10^3*a15^1,
a9^1*a10^2*a15^1,
a8^1*a10^2*a15^1,
a7^1*a10^2*a15^1,
a6^1*a10^2*a15^1,
a5^1*a10^2*a15^1,
a4^1*a10^2*a15^1,
a3^1*a10^2*a15^1,
a2^1*a10^2*a15^1,
a1^1*a10^2*a15^1,
a0^1*a10^2*a15^1,
a9^2*a10^1*a15^1,
a8^1*a9^1*a10^1*a15^1,
a7^1*a9^1*a10^1*a15^1,
a6^1*a9^1*a10^1*a15^1,
a5^1*a9^1*a10^1*a15^1,
a4^1*a9^1*a10^1*a15^1,
a3^1*a9^1*a10^1*a15^1,
a2^1*a9^1*a10^1*a15^1,
a1^1*a9^1*a10^1*a15^1,
a0^1*a9^1*a10^1*a15^1,
a8^2*a10^1*a15^1,
a7^1*a8^1*a10^1*a15^1,
a6^1*a8^1*a10^1*a15^1,
a5^1*a8^1*a10^1*a15^1,
a4^1*a8^1*a10^1*a15^1,
a3^1*a8^1*a10^1*a15^1,
a2^1*a8^1*a10^1*a15^1,
a1^1*a8^1*a10^1*a15^1,
a0^1*a8^1*a10^1*a15^1,
a7^2*a10^1*a15^1,
a6^1*a7^1*a10^1*a15^1,
a5^1*a7^1*a10^1*a15^1,
a4^1*a7^1*a10^1*a15^1,
a3^1*a7^1*a10^1*a15^1,
a2^1*a7^1*a10^1*a15^1,
a1^1*a7^1*a10^1*a15^1,
a0^1*a7^1*a10^1*a15^1,
a6^2*a10^1*a15^1,
a5^1*a6^1*a10^1*a15^1,
a4^1*a6^1*a10^1*a15^1,
a3^1*a6^1*a10^1*a15^1,
a2^1*a6^1*a10^1*a15^1,
a1^1*a6^1*a10^1*a15^1,
a0^1*a6^1*a10^1*a15^1,
a9^3*a15^1,
a8^1*a9^2*a15^1,
a7^1*a9^2*a15^1,
a6^1*a9^2*a15^1,
a5^1*a9^2*a15^1,
a4^1*a9^2*a15^1,
a3^1*a9^2*a15^1,
a2^1*a9^2*a15^1,
a1^1*a9^2*a15^1,
a0^1*a9^2*a15^1,
a8^2*a9^1*a15^1,
a7^1*a8^1*a9^1*a15^1,
a6^1*a8^1*a9^1*a15^1,
a5^1*a8^1*a9^1*a15^1,
a4^1*a8^1*a9^1*a15^1,
a3^1*a8^1*a9^1*a15^1,
a2^1*a8^1*a9^1*a15^1,
a1^1*a8^1*a9^1*a15^1,
a0^1*a8^1*a9^1*a15^1,
a7^2*a9^1*a15^1,
a6^1*a7^1*a9^1*a15^1,
a5^1*a7^1*a9^1*a15^1,
a4^1*a7^1*a9^1*a15^1,
a3^1*a7^1*a9^1*a15^1,
a2^1*a7^1*a9^1*a15^1,
a1^1*a7^1*a9^1*a15^1,
a0^1*a7^1*a9^1*a15^1,
a6^2*a9^1*a15^1,
a5^1*a6^1*a9^1*a15^1,
a4^1*a6^1*a9^1*a15^1,
a3^1*a6^1*a9^1*a15^1,
a2^1*a6^1*a9^1*a15^1,
a1^1*a6^1*a9^1*a15^1,
a0^1*a6^1*a9^1*a15^1,
a9^2*a14^2,
a9^2*a13^1*a14^1,
a9^2*a12^1*a14^1,
a9^2*a11^1*a14^1,
a10^3*a14^1,
a9^1*a10^2*a14^1,
a8^1*a10^2*a14^1,
a7^1*a10^2*a14^1,
a6^1*a10^2*a14^1,
a5^1*a10^2*a14^1,
a4^1*a10^2*a14^1,
a3^1*a10^2*a14^1,
a2^1*a10^2*a14^1,
a1^1*a10^2*a14^1,
a0^1*a10^2*a14^1,
a9^2*a10^1*a14^1,
a8^1*a9^1*a10^1*a14^1,
a7^1*a9^1*a10^1*a14^1,
a6^1*a9^1*a10^1*a14^1,
a5^1*a9^1*a10^1*a14^1,
a4^1*a9^1*a10^1*a14^1,
a3^1*a9^1*a10^1*a14^1,
a2^1*a9^1*a10^1*a14^1,
a1^1*a9^1*a10^1*a14^1,
a0^1*a9^1*a10^1*a14^1,
a8^2*a10^1*a14^1,
a7^1*a8^1*a10^1*a14^1,
a6^1*a8^1*a10^1*a14^1,
a5^1*a8^1*a10^1*a14^1,
a4^1*a8^1*a10^1*a14^1,
a3^1*a8^1*a10^1*a14^1,
a2^1*a8^1*a10^1*a14^1,
a1^1*a8^1*a10^1*a14^1,
a0^1*a8^1*a10^1*a14^1,
a7^2*a10^1*a14^1,
a6^1*a7^1*a10^1*a14^1,
a5^1*a7^1*a10^1*a14^1,
a4^1*a7^1*a10^1*a14^1,
a3^1*a7^1*a10^1*a14^1,
a9^3*a14^1,
a8^1*a9^2*a14^1,
a7^1*a9^2*a14^1,
a6^1*a9^2*a14^1,
a5^1*a9^2*a14^1,
a4^1*a9^2*a14^1,
a3^1*a9^2*a14^1,
a2^1*a9^2*a14^1,
a1^1*a9^2*a14^1,
a0^1*a9^2*a14^1,
a8^2*a9^1*a14^1,
a7^1*a8^1*a9^1*a14^1,
a6^1*a8^1*a9^1*a14^1,
a5^1*a8^1*a9^1*a14^1,
a4^1*a8^1*a9^1*a14^1,
a3^1*a8^1*a9^1*a14^1,
a2^1*a8^1*a9^1*a14^1,
a1^1*a8^1*a9^1*a14^1,
a0^1*a8^1*a9^1*a14^1,
a7^2*a9^1*a14^1,
a6^1*a7^1*a9^1*a14^1,
a5^1*a7^1*a9^1*a14^1,
a4^1*a7^1*a9^1*a14^1,
a3^1*a7^1*a9^1*a14^1,
a9^2*a13^2,
a9^2*a12^1*a13^1,
a9^2*a11^1*a13^1,
a10^3*a13^1,
a9^1*a10^2*a13^1,
a8^1*a10^2*a13^1,
a7^1*a10^2*a13^1,
a6^1*a10^2*a13^1,
a5^1*a10^2*a13^1,
a4^1*a10^2*a13^1,
a3^1*a10^2*a13^1,
a2^1*a10^2*a13^1,
a1^1*a10^2*a13^1,
a0^1*a10^2*a13^1,
a9^2*a10^1*a13^1,
a8^1*a9^1*a10^1*a13^1,
a7^1*a9^1*a10^1*a13^1,
a6^1*a9^1*a10^1*a13^1,
a5^1*a9^1*a10^1*a13^1,
a4^1*a9^1*a10^1*a13^1,
a3^1*a9^1*a10^1*a13^1,
a2^1*a9^1*a10^1*a13^1,
a1^1*a9^1*a10^1*a13^1,
a0^1*a9^1*a10^1*a13^1,
a8^2*a10^1*a13^1,
a7^1*a8^1*a10^1*a13^1,
a6^1*a8^1*a10^1*a13^1,
a5^1*a8^1*a10^1*a13^1,
a4^1*a8^1*a10^1*a13^1,
a3^1*a8^1*a10^1*a13^1,
a9^3*a13^1,
a8^1*a9^2*a13^1,
a7^1*a9^2*a13^1,
a6^1*a9^2*a13^1,
a5^1*a9^2*a13^1,
a4^1*a9^2*a13^1,
a3^1*a9^2*a13^1,
a2^1*a9^2*a13^1,
a1^1*a9^2*a13^1,
a0^1*a9^2*a13^1,
a8^2*a9^1*a13^1,
a7^1*a8^1*a9^1*a13^1,
a6^1*a8^1*a9^1*a13^1,
a5^1*a8^1*a9^1*a13^1,
a4^1*a8^1*a9^1*a13^1,
a3^1*a8^1*a9^1*a13^1,
a9^2*a12^2,
a9^2*a11^1*a12^1,
a10^3*a12^1,
a9^1*a10^2*a12^1,
a8^1*a10^2*a12^1,
a7^1*a10^2*a12^1,
a6^1*a10^2*a12^1,
a5^1*a10^2*a12^1,
a4^1*a10^2*a12^1,
a3^1*a10^2*a12^1,
a2^1*a10^2*a12^1,
a1^1*a10^2*a12^1,
a0^1*a10^2*a12^1,
a9^2*a10^1*a12^1,
a8^1*a9^1*a10^1*a12^1,
a7^1*a9^1*a10^1*a12^1,
a6^1*a9^1*a10^1*a12^1,
a5^1*a9^1*a10^1*a12^1,
a4^1*a9^1*a10^1*a12^1,
a3^1*a9^1*a10^1*a12^1,
a2^1*a9^1*a10^1*a12^1,
a1^1*a9^1*a10^1*a12^1,
a0^1*a9^1*a10^1*a12^1,
a8^2*a10^1*a12^1,
a7^1*a8^1*a10^1*a12^1,
a6^1*a8^1*a10^1*a12^1,
a5^1*a8^1*a10^1*a12^1,
a4^1*a8^1*a10^1*a12^1,
a3^1*a8^1*a10^1*a12^1,
a2^1*a8^1*a10^1*a12^1,
a1^1*a8^1*a10^1*a12^1,
a0^1*a8^1*a10^1*a12^1,
a7^2*a10^1*a12^1,
a6^1*a7^1*a10^1*a12^1,
a5^1*a7^1*a10^1*a12^1,
a4^1*a7^1*a10^1*a12^1,
a3^1*a7^1*a10^1*a12^1,
a2^1*a7^1*a10^1*a12^1,
a1^1*a7^1*a10^1*a12^1,
a0^1*a7^1*a10^1*a12^1,
a6^2*a10^1*a12^1,
a5^1*a6^1*a10^1*a12^1,
a4^1*a6^1*a10^1*a12^1,
a3^1*a6^1*a10^1*a12^1,
a2^1*a6^1*a10^1*a12^1,
a1^1*a6^1*a10^1*a12^1,
a0^1*a6^1*a10^1*a12^1,
a5^2*a10^1*a12^1,
a4^1*a5^1*a10^1*a12^1,
a3^1*a5^1*a10^1*a12^1,
a2^1*a5^1*a10^1*a12^1,
a1^1*a5^1*a10^1*a12^1,
a0^1*a5^1*a10^1*a12^1,
a4^2*a10^1*a12^1,
a3^1*a4^1*a10^1*a12^1,
a9^3*a12^1,
a8^1*a9^2*a12^1,
a7^1*a9^2*a12^1,
a6^1*a9^2*a12^1,
a5^1*a9^2*a12^1,
a4^1*a9^2*a12^1,
a3^1*a9^2*a12^1,
a2^1*a9^2*a12^1,
a1^1*a9^2*a12^1,
a0^1*a9^2*a12^1,
a8^2*a9^1*a12^1,
a7^1*a8^1*a9^1*a12^1,
a6^1*a8^1*a9^1*a12^1,
a5^1*a8^1*a9^1*a12^1,
a4^1*a8^1*a9^1*a12^1,
a3^1*a8^1*a9^1*a12^1,
a2^1*a8^1*a9^1*a12^1,
a1^1*a8^1*a9^1*a12^1,
a0^1*a8^1*a9^1*a12^1,
a7^2*a9^1*a12^1,
a6^1*a7^1*a9^1*a12^1,
a5^1*a7^1*a9^1*a12^1,
a4^1*a7^1*a9^1*a12^1,
a3^1*a7^1*a9^1*a12^1,
a2^1*a7^1*a9^1*a12^1,
a1^1*a7^1*a9^1*a12^1,
a0^1*a7^1*a9^1*a12^1,
a6^2*a9^1*a12^1,
a5^1*a6^1*a9^1*a12^1,
a4^1*a6^1*a9^1*a12^1,
a3^1*a6^1*a9^1*a12^1,
a2^1*a6^1*a9^1*a12^1,
a1^1*a6^1*a9^1*a12^1,
a0^1*a6^1*a9^1*a12^1,
a5^2*a9^1*a12^1,
a9^2*a10^1*a11^1,
a9^3*a11^1,
a8^1*a9^2*a11^1,
a7^1*a9^2*a11^1,
a6^1*a9^2*a11^1,
a5^1*a9^2*a11^1,
a4^1*a9^2*a11^1,
a3^1*a9^2*a11^1,
a2^1*a9^2*a11^1,
a1^1*a9^2*a11^1,
a0^1*a9^2*a11^1,
a10^4,
a9^1*a10^3,
a8^1*a10^3,
a7^1*a10^3,
a6^1*a10^3,
a5^1*a10^3,
a4^1*a10^3,
a3^1*a10^3,
a2^1*a10^3,
a1^1*a10^3,
a0^1*a10^3,
a9^2*a10^2,
a8^1*a9^1*a10^2,
a7^1*a9^1*a10^2,
a6^1*a9^1*a10^2,
a5^1*a9^1*a10^2,
a4^1*a9^1*a10^2,
a3^1*a9^1*a10^2,
a2^1*a9^1*a10^2,
a1^1*a9^1*a10^2,
a0^1*a9^1*a10^2,
a8^2*a10^2,
a7^1*a8^1*a10^2,
a6^1*a8^1*a10^2,
a5^1*a8^1*a10^2,
a4^1*a8^1*a10^2,
a3^1*a8^1*a10^2,
a2^1*a8^1*a10^2,
a1^1*a8^1*a10^2,
a0^1*a8^1*a10^2,
a7^2*a10^2,
a6^1*a7^1*a10^2,
a5^1*a7^1*a10^2,
a4^1*a7^1*a10^2,
a3^1*a7^1*a10^2,
a2^1*a7^1*a10^2,
a1^1*a7^1*a10^2,
a0^1*a7^1*a10^2,
a6^2*a10^2,
a5^1*a6^1*a10^2,
a4^1*a6^1*a10^2,
a3^1*a6^1*a10^2,
a2^1*a6^1*a10^2,
a1^1*a6^1*a10^2,
a0^1*a6^1*a10^2,
a5^2*a10^2,
a4^1*a5^1*a10^2,
a3^1*a5^1*a10^2,
a2^1*a5^1*a10^2,
a1^1*a5^1*a10^2,
a0^1*a5^1*a10^2,
a4^2*a10^2,
a3^1*a4^1*a10^2,
a2^1*a4^1*a10^2,
a1^1*a4^1*a10^2,
a0^1*a4^1*a10^2,
a3^2*a10^2,
a2^1*a3^1*a10^2,
a1^1*a3^1*a10^2,
a0^1*a3^1*a10^2,
a2^2*a10^2,
a1^1*a2^1*a10^2,
a0^1*a2^1*a10^2,
a1^2*a10^2,
a0^1*a1^1*a10^2,
a0^2*a10^2,
a9^3*a10^1,
a8^1*a9^2*a10^1,
a7^1*a9^2*a10^1,
a6^1*a9^2*a10^1,
a5^1*a9^2*a10^1,
a4^1*a9^2*a10^1,
a3^1*a9^2*a10^1,
a2^1*a9^2*a10^1,
a1^1*a9^2*a10^1,
a0^1*a9^2*a10^1,
a8^2*a9^1*a10^1,
a7^1*a8^1*a9^1*a10^1,
a6^1*a8^1*a9^1*a10^1,
a5^1*a8^1*a9^1*a10^1,
a4^1*a8^1*a9^1*a10^1,
a3^1*a8^1*a9^1*a10^1,
a2^1*a8^1*a9^1*a10^1,
a1^1*a8^1*a9^1*a10^1,
a0^1*a8^1*a9^1*a10^1,
a7^2*a9^1*a10^1,
a6^1*a7^1*a9^1*a10^1,
a5^1*a7^1*a9^1*a10^1,
a4^1*a7^1*a9^1*a10^1,
a3^1*a7^1*a9^1*a10^1,
a2^1*a7^1*a9^1*a10^1,
a1^1*a7^1*a9^1*a10^1,
a0^1*a7^1*a9^1*a10^1,
a6^2*a9^1*a10^1,
a5^1*a6^1*a9^1*a10^1,
a4^1*a6^1*a9^1*a10^1,
a3^1*a6^1*a9^1*a10^1,
a2^1*a6^1*a9^1*a10^1,
a1^1*a6^1*a9^1*a10^1,
a0^1*a6^1*a9^1*a10^1,
a5^2*a9^1*a10^1,
a9^4,
a8^1*a9^3,
a7^1*a9^3,
a6^1*a9^3,
a5^1*a9^3,
a4^1*a9^3,
a3^1*a9^3,
a2^1*a9^3,
a1^1*a9^3,
a0^1*a9^3,
a8^2*a9^2,
a7^1*a8^1*a9^2,
a6^1*a8^1*a9^2,
a5^1*a8^1*a9^2,
a4^1*a8^1*a9^2,
a3^1*a8^1*a9^2,
a2^1*a8^1*a9^2,
a1^1*a8^1*a9^2,
a0^1*a8^1*a9^2,
a7^2*a9^2,
a6^1*a7^1*a9^2,
a5^1*a7^1*a9^2,
a4^1*a7^1*a9^2,
a3^1*a7^1*a9^2,
a2^1*a7^1*a9^2,
a1^1*a7^1*a9^2,
a0^1*a7^1*a9^2,
a6^2*a9^2,
a5^1*a6^1*a9^2,
a4^1*a6^1*a9^2,
a3^1*a6^1*a9^2,
a2^1*a6^1*a9^2,
a1^1*a6^1*a9^2,
a0^1*a6^1*a9^2,
a5^2*a9^2]:
