Initial seed for pseudo-random number generator is 0

--------------- INPUT DATA ---------------
#variables                      23
#equations                     669
#invalid equations               0
field characteristic            23
homogeneous input?               1
signature-based computation      0
monomial order                 DRL
basis hash table resetting     OFF
linear algebra option            2
initial hash table size    1048576 (2^20)
max pair selection            2000
reduce gb                        1
#threads                         4
info level                       2
generate pbm files               0
------------------------------------------

Legend for f4 information
--------------------------------------------------------
deg       current degree of pairs selected in this round
sel       number of pairs selected in this round
pairs     total number of pairs in pair list
mat       matrix dimensions (# rows x # columns)
density   density of the matrix
new data  # new elements for basis in this round
          # zero reductions during linear algebra
time(rd)  time of the current f4 round in seconds given
          for real and cpu time
--------------------------------------------------------

deg     sel   pairs        mat          density            new data         time(rd) in sec (real|cpu)
------------------------------------------------------------------------------------------------------
  3     663     665     669 x 2300       89.00%      663 new       0 zero         0.28 | 0.37         
  4    2000    7494    7049 x 11130      10.02%     2000 new       0 zero         4.31 | 6.81         
  4    2000   40879   10112 x 12340      12.30%     2000 new       0 zero         8.00 | 14.56        
  4    2000   78860   13654 x 14165      11.08%     2000 new       0 zero        11.92 | 22.41        
  4     948  119677   15386 x 14949       9.80%      511 new     437 zero         4.66 | 9.58         
  5    2001  129971    2812 x 811         6.56%        0 new    2001 zero         0.03 | 0.03         
  5    2001  127970    3527 x 1526       10.72%        0 new    2001 zero         0.08 | 0.11         
  5    2001  125969    4132 x 2131       13.38%        0 new    2001 zero         0.15 | 0.25         
  5    2000  123968    4870 x 2870       16.18%        0 new    2000 zero         0.28 | 0.43         
  5    2000  121968    4684 x 2684       18.10%        0 new    2000 zero         0.38 | 0.60         
  5    2003  119968    5778 x 3775       15.71%        0 new    2003 zero         0.37 | 0.84         
  5    2001  117965    6718 x 4717       16.63%        0 new    2001 zero         0.53 | 1.31         
  5    2001  115964    7244 x 5243       16.96%        0 new    2001 zero         0.75 | 2.00         
  5    2002  113963    7762 x 5760       16.12%        0 new    2002 zero         0.84 | 2.30         
  5    2001  111961    8517 x 6516       15.87%        0 new    2001 zero         1.13 | 2.52         
  5    2002  109960    8095 x 6093       16.27%        0 new    2002 zero         1.00 | 2.72         
  5    2000  107958    8762 x 6762       15.95%        0 new    2000 zero         1.07 | 2.96         
  5    2000  105958    8351 x 6351       16.19%        0 new    2000 zero         0.97 | 2.66         
  5    2001  103958    9560 x 7559       15.53%        0 new    2001 zero         1.44 | 3.44         
  5    2001  101957   10723 x 8722       14.75%        0 new    2001 zero         1.67 | 4.98         
  5    2003   99956   12725 x 10722      12.12%        0 new    2003 zero         2.51 | 6.94         
  5    2002   97953   13430 x 11428      11.32%        0 new    2002 zero         2.27 | 7.00         
  5    2000   95951   14142 x 12142      10.57%        0 new    2000 zero         2.69 | 8.09         
  5    2001   93951    9538 x 7537       16.46%        0 new    2001 zero         0.95 | 2.25         
  5    2001   91950   15639 x 13638       9.98%        0 new    2001 zero         2.38 | 6.27         
  5    2000   89949   16367 x 14367       9.93%        0 new    2000 zero         3.88 | 11.64        
  5    2001   87949   16403 x 14402      10.09%        0 new    2001 zero         3.79 | 10.43        
  5    2000   85948   16995 x 14995       9.71%        0 new    2000 zero         4.84 | 14.05        
  5    2002   83948   17695 x 15693       9.37%        0 new    2002 zero         4.77 | 13.82        
  5    2002   81946   17352 x 15350       9.67%        0 new    2002 zero         4.06 | 12.09        
  5    2001   79944   18031 x 16030       9.28%        0 new    2001 zero         4.81 | 14.41        
  5    2003   77943   17450 x 15447       9.63%        0 new    2003 zero         4.06 | 11.94        
  5    2000   75940   18294 x 16294       9.18%        0 new    2000 zero         4.70 | 14.32        
  5    2000   73940   20156 x 18156       8.61%        0 new    2000 zero         4.78 | 14.44        
  5    2001   71940   22300 x 20299       7.57%        0 new    2001 zero         6.44 | 19.43        
  5    2001   69939   22983 x 20982       7.23%        0 new    2001 zero         6.29 | 18.92        
  5    2000   67938   23744 x 21744       6.80%        0 new    2000 zero         6.67 | 18.63        
  5    2000   65938   23381 x 21381       7.22%        0 new    2000 zero         4.81 | 12.61        
  5    2000   63938   17979 x 15979       9.33%        0 new    2000 zero         5.49 | 15.15        
  5    2001   61938   19006 x 17005       8.97%        0 new    2001 zero         5.13 | 14.28        
  5    2003   59937   19203 x 17200       9.17%        0 new    2003 zero         5.15 | 14.52        
  5    2002   57934   20166 x 18164       8.69%        0 new    2002 zero         7.13 | 18.07        
  5    2001   55932   25522 x 23521       6.90%        0 new    2001 zero         6.16 | 16.04        
  5    2001   53931   28521 x 26520       6.08%        0 new    2001 zero         8.73 | 21.91        
  5    2002   51930   29133 x 27131       6.22%        0 new    2002 zero        10.33 | 28.07        
  5    2000   49928   30191 x 28191       5.94%        0 new    2000 zero        12.58 | 34.89        
  5    2003   47928   30877 x 28874       5.71%        0 new    2003 zero        13.18 | 34.07        
  5    2001   45925   31633 x 29632       5.36%        0 new    2001 zero        13.35 | 33.78        
  5    2002   43924   31278 x 29276       5.72%        0 new    2002 zero        11.26 | 25.63        
  5    2000   41922   29440 x 27440       6.24%        0 new    2000 zero        13.03 | 33.00        
  5    2001   39922   30203 x 28202       6.11%        0 new    2001 zero        11.65 | 28.52        
  5    2001   37921   29554 x 27553       6.25%        0 new    2001 zero        11.84 | 32.36        
  5    2001   35920   32992 x 30991       5.66%        0 new    2001 zero        11.92 | 32.68        
  5    2002   33919   37253 x 35251       4.87%        0 new    2002 zero        13.67 | 37.96        
  5    2000   31917   38073 x 36073       4.74%        0 new    2000 zero        14.30 | 41.23        
  5    2000   29917   38772 x 36772       4.60%        0 new    2000 zero        17.35 | 46.97        
  5    2000   27917   39318 x 37318       4.54%        0 new    2000 zero        13.81 | 36.91        
  5    2001   25917   36018 x 34017       5.13%        0 new    2001 zero        12.62 | 33.38        
  5    2000   23916   34401 x 32401       5.53%        0 new    2000 zero        11.79 | 32.85        
  5    2000   21916   39058 x 37058       4.73%        0 new    2000 zero        15.09 | 40.81        
  5    2000   19916   41049 x 39049       4.44%        0 new    2000 zero        17.11 | 47.52        
  5    2000   17916   43326 x 41326       4.14%        0 new    2000 zero        18.69 | 51.48        
  5    2001   15916   44076 x 42075       4.08%        0 new    2001 zero        16.18 | 46.75        
  5    2001   13915   44503 x 42502       4.15%        0 new    2001 zero        21.41 | 60.32        
  5    2000   11914   46172 x 44172       3.94%        0 new    2000 zero        24.76 | 66.04        
  5    2001    9914   57170 x 55169       2.98%        0 new    2001 zero        25.28 | 75.61        
  5    2000    7913   55528 x 53528       3.07%        0 new    2000 zero        24.40 | 73.74        
  5    2002    5913   56013 x 54011       2.96%        0 new    2002 zero        26.06 | 74.44        
  5    2002    3911   59677 x 57675       2.67%        0 new    2002 zero        21.50 | 63.80        
  5    1909    1909   58209 x 56300       2.71%        0 new    1909 zero        22.60 | 62.65        
------------------------------------------------------------------------------------------------------
reduce final basis     7180 x 8811       17.82%     7180 new       0 zero         0.70 | 0.42         
------------------------------------------------------------------------------------------------------

---------------- TIMINGS ----------------
overall(elapsed)      579.82 sec
overall(cpu)         1574.52 sec
select                 13.35 sec   2.3%
symbolic prep.        127.88 sec  22.1%
update                 15.34 sec   2.6%
convert                 0.70 sec   0.1%
linear algebra        420.97 sec  72.6%
reduce gb               0.00 sec   0.0%
-----------------------------------------

---------- COMPUTATIONAL DATA -----------
size of basis                  7180
#terms in basis              814009
#pairs reduced               137582
#GM criterion              30614821
#redundant elements             663
#rows reduced                282344
#zero reductions             130408
max. matrix data              59677 x 57675 (2.670%)
max. symbolic hash table size  2^16
max. basis hash table size     2^22
-----------------------------------------



------------------------------------------------------------------------------------
msolve overall time         581.55 sec (elapsed) / 1576.03 sec (cpu)
------------------------------------------------------------------------------------
