Initial seed for pseudo-random number generator is 0

--------------- INPUT DATA ---------------
#variables                      21
#equations                     669
#invalid equations               0
field characteristic            23
homogeneous input?               1
signature-based computation      0
monomial order                 DRL
basis hash table resetting     OFF
linear algebra option            2
initial hash table size    1048576 (2^20)
max pair selection            2000
reduce gb                        1
#threads                         2
info level                       2
generate pbm files               0
------------------------------------------

Legend for f4 information
--------------------------------------------------------
deg       current degree of pairs selected in this round
sel       number of pairs selected in this round
pairs     total number of pairs in pair list
mat       matrix dimensions (# rows x # columns)
density   density of the matrix
new data  # new elements for basis in this round
          # zero reductions during linear algebra
time(rd)  time of the current f4 round in seconds given
          for real and cpu time
--------------------------------------------------------

deg     sel   pairs        mat          density            new data         time(rd) in sec (real|cpu)
------------------------------------------------------------------------------------------------------
  3     663     665     669 x 1771       88.62%      663 new       0 zero         0.19 | 0.23         
  4    2000    7494    5711 x 6806        9.74%     2000 new       0 zero         2.12 | 2.76         
  4    2000   40879    8774 x 8016        8.31%     1005 new     995 zero         2.35 | 3.31         
  4    2000   58332   11321 x 9841        6.97%      520 new    1480 zero         2.45 | 3.84         
  4     948   66582   11573 x 10625       6.48%        0 new     948 zero         1.12 | 1.96         
  5    2000   65634    2795 x 795         4.82%        0 new    2000 zero         0.01 | 0.01         
  5    2000   63634    3495 x 1495        9.07%        0 new    2000 zero         0.05 | 0.07         
  5    2003   61634    4194 x 2191        9.86%        0 new    2003 zero         0.06 | 0.07         
  5    2002   59631    3751 x 1749        9.18%        0 new    2002 zero         0.06 | 0.09         
  5    2000   57629    4533 x 2533        8.99%        0 new    2000 zero         0.09 | 0.13         
  5    2003   55629    5655 x 3652       10.03%        0 new    2003 zero         0.20 | 0.32         
  5    2000   53626    6814 x 4814        8.59%        0 new    2000 zero         0.30 | 0.49         
  5    2001   51626    7389 x 5388        9.23%        0 new    2001 zero         0.50 | 0.87         
  5    2000   49625    8510 x 6510        8.11%        0 new    2000 zero         0.77 | 1.36         
  5    2000   47625    9204 x 7204        7.19%        0 new    2000 zero         0.83 | 1.48         
  5    2000   45625    9863 x 7863        6.22%        0 new    2000 zero         0.92 | 1.66         
  5    2000   43625    9445 x 7445        6.77%        0 new    2000 zero         0.41 | 0.64         
  5    2000   41625    7662 x 5662        8.74%        0 new    2000 zero         0.53 | 0.91         
  5    2000   39625    8462 x 6462        7.67%        0 new    2000 zero         0.38 | 0.60         
  5    2000   37625    7807 x 5807        8.45%        0 new    2000 zero         0.54 | 0.93         
  5    2000   35625   12028 x 10028       5.45%        0 new    2000 zero         0.68 | 1.13         
  5    2000   33625   14233 x 12233       4.79%        0 new    2000 zero         1.33 | 2.35         
  5    2001   31625   14986 x 12985       4.50%        0 new    2001 zero         1.58 | 2.83         
  5    2000   29624   15588 x 13588       4.23%        0 new    2000 zero         2.16 | 3.95         
  5    2002   27624   16269 x 14267       4.05%        0 new    2002 zero         1.38 | 2.36         
  5    2001   25622   13077 x 11076       5.05%        0 new    2001 zero         0.88 | 1.46         
  5    2003   23621   13883 x 11880       4.72%        0 new    2003 zero         0.78 | 1.26         
  5    2002   21618   16070 x 14068       4.23%        0 new    2002 zero         1.62 | 2.88         
  5    2002   19616   18557 x 16555       3.61%        0 new    2002 zero         2.22 | 3.97         
  5    2001   17614   20279 x 18278       3.34%        0 new    2001 zero         2.89 | 5.26         
  5    2000   15613   21198 x 19198       3.25%        0 new    2000 zero         2.15 | 3.82         
  5    2000   13613   21382 x 19382       3.41%        0 new    2000 zero         3.95 | 7.40         
  5    2001   11613   25168 x 23167       2.96%        0 new    2001 zero         5.73 | 10.66        
  5    2000    9612   31112 x 29112       2.39%        0 new    2000 zero         7.36 | 13.72        
  5    2000    7612   30378 x 28378       2.37%        0 new    2000 zero         7.77 | 14.49        
  5    2000    5612   32083 x 30083       2.11%        0 new    2000 zero         6.67 | 12.31        
  5    2001    3612   32988 x 30987       2.06%        0 new    2001 zero         6.01 | 11.18        
  5    1611    1611   33580 x 31969       1.97%        0 new    1611 zero         5.10 | 9.42         
------------------------------------------------------------------------------------------------------
reduce final basis     4194 x 5296        7.84%     4194 new       0 zero         0.06 | 0.06         
------------------------------------------------------------------------------------------------------

---------------- TIMINGS ----------------
overall(elapsed)       74.30 sec
overall(cpu)          132.36 sec
select                  1.52 sec   2.0%
symbolic prep.         10.74 sec  14.5%
update                  3.58 sec   4.8%
convert                 0.13 sec   0.2%
linear algebra         58.18 sec  78.3%
reduce gb               0.00 sec   0.0%
-----------------------------------------

---------- COMPUTATIONAL DATA -----------
size of basis                  4194
#terms in basis              508731
#pairs reduced                73245
#GM criterion              11719551
#redundant elements             663
#rows reduced                150684
#zero reductions              69057
max. matrix data              33580 x 31969 (1.965%)
max. symbolic hash table size  2^16
max. basis hash table size     2^21
-----------------------------------------



------------------------------------------------------------------------------------
msolve overall time          75.20 sec (elapsed) / 133.25 sec (cpu)
------------------------------------------------------------------------------------
