Initial seed for pseudo-random number generator is 0

--------------- INPUT DATA ---------------
#variables                      22
#equations                     669
#invalid equations               0
field characteristic            23
homogeneous input?               1
signature-based computation      0
monomial order                 DRL
basis hash table resetting     OFF
linear algebra option            2
initial hash table size    1048576 (2^20)
max pair selection            2000
reduce gb                        1
#threads                         2
info level                       2
generate pbm files               0
------------------------------------------

Legend for f4 information
--------------------------------------------------------
deg       current degree of pairs selected in this round
sel       number of pairs selected in this round
pairs     total number of pairs in pair list
mat       matrix dimensions (# rows x # columns)
density   density of the matrix
new data  # new elements for basis in this round
          # zero reductions during linear algebra
time(rd)  time of the current f4 round in seconds given
          for real and cpu time
--------------------------------------------------------

deg     sel   pairs        mat          density            new data         time(rd) in sec (real|cpu)
------------------------------------------------------------------------------------------------------
  3     663     665     669 x 2024       88.83%      663 new       0 zero         0.23 | 0.28         
  4    2000    7494    6380 x 8830        9.94%     2000 new       0 zero         3.03 | 4.06         
  4    2000   40879    9443 x 10040      10.67%     2000 new       0 zero         5.62 | 7.89         
  4    2000   78860   12985 x 11865       8.31%      880 new    1120 zero         5.14 | 7.95         
  4     948   95037   13597 x 12649       7.55%        0 new     948 zero         1.98 | 3.43         
  5    2000   94089    2802 x 802         5.27%        0 new    2000 zero         0.01 | 0.01         
  5    2000   92089    3523 x 1523        9.08%        0 new    2000 zero         0.06 | 0.08         
  5    2001   90089    4268 x 2267       10.98%        0 new    2001 zero         0.10 | 0.14         
  5    2001   88088    4293 x 2292        9.48%        0 new    2001 zero         0.12 | 0.16         
  5    2001   86087    4901 x 2900       10.95%        0 new    2001 zero         0.20 | 0.30         
  5    2003   84086    5598 x 3595       11.44%        0 new    2003 zero         0.24 | 0.34         
  5    2000   82083    5251 x 3251       10.54%        0 new    2000 zero         0.23 | 0.34         
  5    2002   80083    5922 x 3920       10.81%        0 new    2002 zero         0.35 | 0.56         
  5    2001   78081    5343 x 3342       10.61%        0 new    2001 zero         0.24 | 0.36         
  5    2000   76080    6184 x 4184       10.52%        0 new    2000 zero         0.41 | 0.66         
  5    2002   74080    8055 x 6053       10.53%        0 new    2002 zero         0.62 | 1.02         
  5    2000   72078   10157 x 8157        9.03%        0 new    2000 zero         1.45 | 2.59         
  5    2000   70078   10871 x 8871        8.31%        0 new    2000 zero         1.48 | 2.61         
  5    2000   68078   11495 x 9495        7.70%        0 new    2000 zero         1.75 | 3.16         
  5    2000   66078   12178 x 10178       7.00%        0 new    2000 zero         0.97 | 1.50         
  5    2001   64078    5865 x 3864        9.52%        0 new    2001 zero         0.44 | 0.72         
  5    2003   62077    6910 x 4907       10.26%        0 new    2003 zero         0.47 | 0.73         
  5    2000   60074    7099 x 5099       10.67%        0 new    2000 zero         0.54 | 0.87         
  5    2001   58074    8055 x 6054        9.72%        0 new    2001 zero         0.61 | 0.97         
  5    2002   56073   13416 x 11414       7.64%        0 new    2002 zero         1.38 | 2.31         
  5    2001   54071   16406 x 14405       6.16%        0 new    2001 zero         2.01 | 3.46         
  5    2001   52070   17032 x 15031       6.64%        0 new    2001 zero         3.22 | 5.85         
  5    2000   50069   18062 x 16062       6.23%        0 new    2000 zero         4.54 | 8.44         
  5    2002   48069   18763 x 16761       5.82%        0 new    2002 zero         4.47 | 8.26         
  5    2001   46067   19382 x 17381       5.33%        0 new    2001 zero         4.26 | 7.80         
  5    2001   44066   20062 x 18061       5.44%        0 new    2001 zero         3.11 | 5.53         
  5    2000   42065   17352 x 15352       6.59%        0 new    2000 zero         3.67 | 6.68         
  5    2003   40065   18091 x 16088       6.41%        0 new    2003 zero         3.40 | 5.95         
  5    2001   38062   17493 x 15492       6.59%        0 new    2001 zero         3.75 | 6.84         
  5    2003   36061   20847 x 18844       5.63%        0 new    2003 zero         4.29 | 7.81         
  5    2002   34058   24483 x 22481       4.71%        0 new    2002 zero         6.63 | 12.10        
  5    2000   32056   25290 x 23290       4.51%        0 new    2000 zero         7.59 | 13.93        
  5    2000   30056   26003 x 24003       4.30%        0 new    2000 zero         8.58 | 15.96        
  5    2002   28056   26544 x 24542       4.18%        0 new    2002 zero         6.57 | 11.85        
  5    2002   26054   23258 x 21256       5.02%        0 new    2002 zero         4.52 | 8.10         
  5    2001   24052   23831 x 21830       4.93%        0 new    2001 zero         4.63 | 8.22         
  5    2001   22051   26279 x 24278       4.47%        0 new    2001 zero         5.84 | 10.60        
  5    2000   20050   28264 x 26264       4.09%        0 new    2000 zero         6.63 | 12.15        
  5    2003   18050   30627 x 28624       3.73%        0 new    2003 zero         7.83 | 14.37        
  5    2001   16047   31265 x 29264       3.64%        0 new    2001 zero         7.01 | 12.83        
  5    2001   14046   31648 x 29647       3.81%        0 new    2001 zero         8.84 | 16.44        
  5    2001   12045   33341 x 31340       3.58%        0 new    2001 zero         9.87 | 18.59        
  5    2001   10044   42776 x 40775       2.67%        0 new    2001 zero        12.71 | 23.86        
  5    2000    8043   41835 x 39835       2.70%        0 new    2000 zero        13.32 | 25.11        
  5    2001    6043   42247 x 40246       2.51%        0 new    2001 zero        15.93 | 28.82        
  5    2000    4042   45636 x 43636       2.28%        0 new    2000 zero        14.73 | 27.43        
  5    2000    2042   45057 x 43057       2.26%        0 new    2000 zero        12.00 | 22.51        
  5      42      42   39681 x 39639       2.57%        0 new      42 zero         1.55 | 1.83         
------------------------------------------------------------------------------------------------------
reduce final basis     5549 x 6904       11.66%     5549 new       0 zero         0.13 | 0.13         
------------------------------------------------------------------------------------------------------

---------------- TIMINGS ----------------
overall(elapsed)      219.46 sec
overall(cpu)          394.67 sec
select                  3.80 sec   1.7%
symbolic prep.         32.12 sec  14.6%
update                  6.94 sec   3.2%
convert                 0.31 sec   0.1%
linear algebra        176.00 sec  80.2%
reduce gb               0.00 sec   0.0%
-----------------------------------------

---------- COMPUTATIONAL DATA -----------
size of basis                  5549
#terms in basis              653796
#pairs reduced               101700
#GM criterion              19189666
#redundant elements             663
#rows reduced                208949
#zero reductions              96157
max. matrix data              45636 x 43636 (2.282%)
max. symbolic hash table size  2^16
max. basis hash table size     2^22
-----------------------------------------



------------------------------------------------------------------------------------
msolve overall time         220.56 sec (elapsed) / 395.77 sec (cpu)
------------------------------------------------------------------------------------
